
running 1 test
Datapack {
    damage_type: {
        "indirect_magic": DamageType {
            exhaustion: 0.0,
            message_id: "indirectMagic",
            scaling: "when_caused_by_living_non_player",
        },
        "dragon_breath": DamageType {
            exhaustion: 0.0,
            message_id: "dragonBreath",
            scaling: "when_caused_by_living_non_player",
        },
        "sting": DamageType {
            exhaustion: 0.1,
            message_id: "sting",
            scaling: "when_caused_by_living_non_player",
        },
        "arrow": DamageType {
            exhaustion: 0.1,
            message_id: "arrow",
            scaling: "when_caused_by_living_non_player",
        },
        "bad_respawn_point": DamageType {
            exhaustion: 0.1,
            message_id: "badRespawnPoint",
            scaling: "always",
        },
        "lava": DamageType {
            effects: "burning",
            exhaustion: 0.1,
            message_id: "lava",
            scaling: "when_caused_by_living_non_player",
        },
        "stalagmite": DamageType {
            exhaustion: 0.0,
            message_id: "stalagmite",
            scaling: "when_caused_by_living_non_player",
        },
        "mob_attack": DamageType {
            exhaustion: 0.1,
            message_id: "mob",
            scaling: "when_caused_by_living_non_player",
        },
        "mob_projectile": DamageType {
            exhaustion: 0.1,
            message_id: "mob",
            scaling: "when_caused_by_living_non_player",
        },
        "fall": DamageType {
            exhaustion: 0.0,
            message_id: "fall",
            scaling: "when_caused_by_living_non_player",
        },
        "magic": DamageType {
            exhaustion: 0.0,
            message_id: "magic",
            scaling: "when_caused_by_living_non_player",
        },
        "lightning_bolt": DamageType {
            exhaustion: 0.1,
            message_id: "lightningBolt",
            scaling: "when_caused_by_living_non_player",
        },
        "player_explosion": DamageType {
            exhaustion: 0.1,
            message_id: "explosion.player",
            scaling: "always",
        },
        "generic": DamageType {
            exhaustion: 0.0,
            message_id: "generic",
            scaling: "when_caused_by_living_non_player",
        },
        "cactus": DamageType {
            exhaustion: 0.1,
            message_id: "cactus",
            scaling: "when_caused_by_living_non_player",
        },
        "dry_out": DamageType {
            exhaustion: 0.1,
            message_id: "dryout",
            scaling: "when_caused_by_living_non_player",
        },
        "out_of_world": DamageType {
            exhaustion: 0.0,
            message_id: "outOfWorld",
            scaling: "when_caused_by_living_non_player",
        },
        "mob_attack_no_aggro": DamageType {
            exhaustion: 0.1,
            message_id: "mob",
            scaling: "when_caused_by_living_non_player",
        },
        "on_fire": DamageType {
            effects: "burning",
            exhaustion: 0.0,
            message_id: "onFire",
            scaling: "when_caused_by_living_non_player",
        },
        "thorns": DamageType {
            effects: "thorns",
            exhaustion: 0.1,
            message_id: "thorns",
            scaling: "when_caused_by_living_non_player",
        },
        "wither_skull": DamageType {
            exhaustion: 0.1,
            message_id: "witherSkull",
            scaling: "when_caused_by_living_non_player",
        },
        "fireworks": DamageType {
            exhaustion: 0.1,
            message_id: "fireworks",
            scaling: "when_caused_by_living_non_player",
        },
        "sonic_boom": DamageType {
            exhaustion: 0.0,
            message_id: "sonic_boom",
            scaling: "always",
        },
        "freeze": DamageType {
            effects: "freezing",
            exhaustion: 0.0,
            message_id: "freeze",
            scaling: "when_caused_by_living_non_player",
        },
        "falling_stalactite": DamageType {
            exhaustion: 0.1,
            message_id: "fallingStalactite",
            scaling: "when_caused_by_living_non_player",
        },
        "drown": DamageType {
            effects: "drowning",
            exhaustion: 0.0,
            message_id: "drown",
            scaling: "when_caused_by_living_non_player",
        },
        "thrown": DamageType {
            exhaustion: 0.1,
            message_id: "thrown",
            scaling: "when_caused_by_living_non_player",
        },
        "falling_anvil": DamageType {
            exhaustion: 0.1,
            message_id: "anvil",
            scaling: "when_caused_by_living_non_player",
        },
        "cramming": DamageType {
            exhaustion: 0.0,
            message_id: "cramming",
            scaling: "when_caused_by_living_non_player",
        },
        "player_attack": DamageType {
            exhaustion: 0.1,
            message_id: "player",
            scaling: "when_caused_by_living_non_player",
        },
        "in_fire": DamageType {
            effects: "burning",
            exhaustion: 0.1,
            message_id: "inFire",
            scaling: "when_caused_by_living_non_player",
        },
        "wither": DamageType {
            exhaustion: 0.0,
            message_id: "wither",
            scaling: "when_caused_by_living_non_player",
        },
        "in_wall": DamageType {
            exhaustion: 0.0,
            message_id: "inWall",
            scaling: "when_caused_by_living_non_player",
        },
        "starve": DamageType {
            exhaustion: 0.0,
            message_id: "starve",
            scaling: "when_caused_by_living_non_player",
        },
        "hot_floor": DamageType {
            effects: "burning",
            exhaustion: 0.1,
            message_id: "hotFloor",
            scaling: "when_caused_by_living_non_player",
        },
        "unattributed_fireball": DamageType {
            effects: "burning",
            exhaustion: 0.1,
            message_id: "onFire",
            scaling: "when_caused_by_living_non_player",
        },
        "trident": DamageType {
            exhaustion: 0.1,
            message_id: "trident",
            scaling: "when_caused_by_living_non_player",
        },
        "falling_block": DamageType {
            exhaustion: 0.1,
            message_id: "fallingBlock",
            scaling: "when_caused_by_living_non_player",
        },
        "fireball": DamageType {
            effects: "burning",
            exhaustion: 0.1,
            message_id: "fireball",
            scaling: "when_caused_by_living_non_player",
        },
        "explosion": DamageType {
            exhaustion: 0.1,
            message_id: "explosion",
            scaling: "always",
        },
        "fly_into_wall": DamageType {
            exhaustion: 0.0,
            message_id: "flyIntoWall",
            scaling: "when_caused_by_living_non_player",
        },
        "sweet_berry_bush": DamageType {
            effects: "poking",
            exhaustion: 0.1,
            message_id: "sweetBerryBush",
            scaling: "when_caused_by_living_non_player",
        },
    },
    dimension_type: {
        "the_end": DimensionType {
            ambient_light: 0.0,
            bed_works: false,
            coordinate_scale: 1.0,
            effects: "minecraft:the_end",
            fixed_time: 6000,
            has_ceiling: false,
            has_raids: true,
            has_skylight: false,
            height: 256,
            logical_height: 256,
            min_y: 0,
            infiniburn: "#minecraft:infiniburn_end",
            monster_spawn_block_light_limit: 0,
            monster_spawn_light_level: MonsterSpawnLightLevelRange {
                type: "minecraft:uniform",
                value: LightLevelRange {
                    max_inclusive: 7,
                    min_inclusive: 0,
                },
            },
            natural: false,
            piglin_safe: false,
            respawn_anchor_works: false,
            ultrawarm: false,
        },
        "overworld": DimensionType {
            ambient_light: 0.0,
            bed_works: true,
            coordinate_scale: 1.0,
            effects: "minecraft:overworld",
            has_ceiling: false,
            has_raids: true,
            has_skylight: true,
            height: 384,
            logical_height: 384,
            min_y: -64,
            infiniburn: "#minecraft:infiniburn_overworld",
            monster_spawn_block_light_limit: 0,
            monster_spawn_light_level: MonsterSpawnLightLevelRange {
                type: "minecraft:uniform",
                value: LightLevelRange {
                    max_inclusive: 7,
                    min_inclusive: 0,
                },
            },
            natural: true,
            piglin_safe: false,
            respawn_anchor_works: false,
            ultrawarm: false,
        },
        "the_nether": DimensionType {
            ambient_light: 0.1,
            bed_works: false,
            coordinate_scale: 8.0,
            effects: "minecraft:the_nether",
            fixed_time: 18000,
            has_ceiling: true,
            has_raids: false,
            has_skylight: false,
            height: 256,
            logical_height: 128,
            min_y: 0,
            infiniburn: "#minecraft:infiniburn_nether",
            monster_spawn_block_light_limit: 15,
            monster_spawn_light_level: 7,
            natural: false,
            piglin_safe: true,
            respawn_anchor_works: true,
            ultrawarm: true,
        },
        "overworld_caves": DimensionType {
            ambient_light: 0.0,
            bed_works: true,
            coordinate_scale: 1.0,
            effects: "minecraft:overworld",
            has_ceiling: true,
            has_raids: true,
            has_skylight: true,
            height: 384,
            logical_height: 384,
            min_y: -64,
            infiniburn: "#minecraft:infiniburn_overworld",
            monster_spawn_block_light_limit: 0,
            monster_spawn_light_level: MonsterSpawnLightLevelRange {
                type: "minecraft:uniform",
                value: LightLevelRange {
                    max_inclusive: 7,
                    min_inclusive: 0,
                },
            },
            natural: true,
            piglin_safe: false,
            respawn_anchor_works: false,
            ultrawarm: false,
        },
    },
    recipes: {
        "jack_o_lantern": Recipes {
            type: "minecraft:crafting_shaped",
            category: "building",
            key: {
                "B": Result {
                    item: "minecraft:torch",
                },
                "A": Result {
                    item: "minecraft:carved_pumpkin",
                },
            },
            pattern: [
                "A",
                "B",
            ],
            result: Result {
                item: "minecraft:jack_o_lantern",
            },
            show_notification: true,
        },
        "dried_kelp_from_smelting": Recipes {
            type: "minecraft:smelting",
            category: "food",
            result: minecraft:dried_kelp,
            experience: 0.1,
            cookingtime: 200,
        },
        "mud_brick_stairs": Recipes {
            type: "minecraft:crafting_shaped",
            category: "building",
            key: {
                "#": Result {
                    item: "minecraft:mud_bricks",
                },
            },
            pattern: [
                "#  ",
                "## ",
                "###",
            ],
            result: Result {
                count: 4,
                item: "minecraft:mud_brick_stairs",
            },
            show_notification: true,
        },
        "pink_stained_glass_pane_from_glass_pane": Recipes {
            type: "minecraft:crafting_shaped",
            category: "misc",
            group: "stained_glass_pane",
            key: {
                "$": Result {
                    item: "minecraft:pink_dye",
                },
                "#": Result {
                    item: "minecraft:glass_pane",
                },
            },
            pattern: [
                "###",
                "#$#",
                "###",
            ],
            result: Result {
                count: 8,
                item: "minecraft:pink_stained_glass_pane",
            },
            show_notification: true,
        },
        "heavy_weighted_pressure_plate": Recipes {
            type: "minecraft:crafting_shaped",
            category: "redstone",
            key: {
                "#": Result {
                    item: "minecraft:iron_ingot",
                },
            },
            pattern: [
                "##",
            ],
            result: Result {
                item: "minecraft:heavy_weighted_pressure_plate",
            },
            show_notification: true,
        },
        "snow": Recipes {
            type: "minecraft:crafting_shaped",
            category: "misc",
            key: {
                "#": Result {
                    item: "minecraft:snow_block",
                },
            },
            pattern: [
                "###",
            ],
            result: Result {
                count: 6,
                item: "minecraft:snow",
            },
            show_notification: true,
        },
        "end_stone_brick_stairs": Recipes {
            type: "minecraft:crafting_shaped",
            category: "building",
            key: {
                "#": Result {
                    item: "minecraft:end_stone_bricks",
                },
            },
            pattern: [
                "#  ",
                "## ",
                "###",
            ],
            result: Result {
                count: 4,
                item: "minecraft:end_stone_brick_stairs",
            },
            show_notification: true,
        },
        "warped_door": Recipes {
            type: "minecraft:crafting_shaped",
            category: "redstone",
            group: "wooden_door",
            key: {
                "#": Result {
                    item: "minecraft:warped_planks",
                },
            },
            pattern: [
                "##",
                "##",
                "##",
            ],
            result: Result {
                count: 3,
                item: "minecraft:warped_door",
            },
            show_notification: true,
        },
        "smooth_stone": Recipes {
            type: "minecraft:smelting",
            category: "blocks",
            result: minecraft:smooth_stone,
            experience: 0.1,
            cookingtime: 200,
        },
        "magenta_stained_glass": Recipes {
            type: "minecraft:crafting_shaped",
            category: "building",
            group: "stained_glass",
            key: {
                "X": Result {
                    item: "minecraft:magenta_dye",
                },
                "#": Result {
                    item: "minecraft:glass",
                },
            },
            pattern: [
                "###",
                "#X#",
                "###",
            ],
            result: Result {
                count: 8,
                item: "minecraft:magenta_stained_glass",
            },
            show_notification: true,
        },
        "iron_bars": Recipes {
            type: "minecraft:crafting_shaped",
            category: "misc",
            key: {
                "#": Result {
                    item: "minecraft:iron_ingot",
                },
            },
            pattern: [
                "###",
                "###",
            ],
            result: Result {
                count: 16,
                item: "minecraft:iron_bars",
            },
            show_notification: true,
        },
        "deepslate_brick_wall_from_cobbled_deepslate_stonecutting": Recipes {
            type: "minecraft:stonecutting",
            result: minecraft:deepslate_brick_wall,
        },
        "stripped_acacia_wood": Recipes {
            type: "minecraft:crafting_shaped",
            category: "building",
            group: "bark",
            key: {
                "#": Result {
                    item: "minecraft:stripped_acacia_log",
                },
            },
            pattern: [
                "##",
                "##",
            ],
            result: Result {
                count: 3,
                item: "minecraft:stripped_acacia_wood",
            },
            show_notification: true,
        },
        "lime_stained_glass_pane": Recipes {
            type: "minecraft:crafting_shaped",
            category: "misc",
            group: "stained_glass_pane",
            key: {
                "#": Result {
                    item: "minecraft:lime_stained_glass",
                },
            },
            pattern: [
                "###",
                "###",
            ],
            result: Result {
                count: 16,
                item: "minecraft:lime_stained_glass_pane",
            },
            show_notification: true,
        },
        "leather_horse_armor": Recipes {
            type: "minecraft:crafting_shaped",
            category: "misc",
            key: {
                "X": Result {
                    item: "minecraft:leather",
                },
            },
            pattern: [
                "X X",
                "XXX",
                "X X",
            ],
            result: Result {
                item: "minecraft:leather_horse_armor",
            },
            show_notification: true,
        },
        "dark_oak_trapdoor": Recipes {
            type: "minecraft:crafting_shaped",
            category: "redstone",
            group: "wooden_trapdoor",
            key: {
                "#": Result {
                    item: "minecraft:dark_oak_planks",
                },
            },
            pattern: [
                "###",
                "###",
            ],
            result: Result {
                count: 2,
                item: "minecraft:dark_oak_trapdoor",
            },
            show_notification: true,
        },
        "activator_rail": Recipes {
            type: "minecraft:crafting_shaped",
            category: "misc",
            key: {
                "S": Result {
                    item: "minecraft:stick",
                },
                "#": Result {
                    item: "minecraft:redstone_torch",
                },
                "X": Result {
                    item: "minecraft:iron_ingot",
                },
            },
            pattern: [
                "XSX",
                "X#X",
                "XSX",
            ],
            result: Result {
                count: 6,
                item: "minecraft:activator_rail",
            },
            show_notification: true,
        },
        "waxed_copper_block_from_honeycomb": Recipes {
            type: "minecraft:crafting_shapeless",
            category: "building",
            group: "waxed_copper_block",
            ingredients: [
                Result {
                    item: "minecraft:copper_block",
                },
                Result {
                    item: "minecraft:honeycomb",
                },
            ],
            result: Result {
                item: "minecraft:waxed_copper_block",
            },
        },
        "magenta_bed": Recipes {
            type: "minecraft:crafting_shaped",
            category: "misc",
            group: "bed",
            key: {
                "#": Result {
                    item: "minecraft:magenta_wool",
                },
                "X": Result {
                    item: "minecraft:planks",
                },
            },
            pattern: [
                "###",
                "XXX",
            ],
            result: Result {
                item: "minecraft:magenta_bed",
            },
            show_notification: true,
        },
        "gray_glazed_terracotta": Recipes {
            type: "minecraft:smelting",
            category: "blocks",
            result: minecraft:gray_glazed_terracotta,
            experience: 0.1,
            cookingtime: 200,
        },
        "book": Recipes {
            type: "minecraft:crafting_shapeless",
            category: "misc",
            ingredients: [
                Result {
                    item: "minecraft:paper",
                },
                Result {
                    item: "minecraft:paper",
                },
                Result {
                    item: "minecraft:paper",
                },
                Result {
                    item: "minecraft:leather",
                },
            ],
            result: Result {
                item: "minecraft:book",
            },
        },
        "polished_blackstone_wall_from_blackstone_stonecutting": Recipes {
            type: "minecraft:stonecutting",
            result: minecraft:polished_blackstone_wall,
        },
        "emerald_block": Recipes {
            type: "minecraft:crafting_shaped",
            category: "building",
            key: {
                "#": Result {
                    item: "minecraft:emerald",
                },
            },
            pattern: [
                "###",
                "###",
                "###",
            ],
            result: Result {
                item: "minecraft:emerald_block",
            },
            show_notification: true,
        },
        "redstone_from_blasting_deepslate_redstone_ore": Recipes {
            type: "minecraft:blasting",
            category: "blocks",
            group: "redstone",
            result: minecraft:redstone,
            experience: 0.7,
            cookingtime: 100,
        },
        "exposed_cut_copper_slab_from_exposed_cut_copper_stonecutting": Recipes {
            type: "minecraft:stonecutting",
            result: minecraft:exposed_cut_copper_slab,
        },
        "brick_wall": Recipes {
            type: "minecraft:crafting_shaped",
            category: "misc",
            key: {
                "#": Result {
                    item: "minecraft:bricks",
                },
            },
            pattern: [
                "###",
                "###",
            ],
            result: Result {
                count: 6,
                item: "minecraft:brick_wall",
            },
            show_notification: true,
        },
        "arrow": Recipes {
            type: "minecraft:crafting_shaped",
            category: "equipment",
            key: {
                "#": Result {
                    item: "minecraft:stick",
                },
                "Y": Result {
                    item: "minecraft:feather",
                },
                "X": Result {
                    item: "minecraft:flint",
                },
            },
            pattern: [
                "X",
                "#",
                "Y",
            ],
            result: Result {
                count: 4,
                item: "minecraft:arrow",
            },
            show_notification: true,
        },
        "purple_carpet_from_white_carpet": Recipes {
            type: "minecraft:crafting_shaped",
            category: "misc",
            group: "carpet",
            key: {
                "$": Result {
                    item: "minecraft:purple_dye",
                },
                "#": Result {
                    item: "minecraft:white_carpet",
                },
            },
            pattern: [
                "###",
                "#$#",
                "###",
            ],
            result: Result {
                count: 8,
                item: "minecraft:purple_carpet",
            },
            show_notification: true,
        },
        "waxed_weathered_cut_copper_slab_from_waxed_weathered_copper_stonecutting": Recipes {
            type: "minecraft:stonecutting",
            result: minecraft:waxed_weathered_cut_copper_slab,
        },
        "stone_brick_walls_from_stone_stonecutting": Recipes {
            type: "minecraft:stonecutting",
            result: minecraft:stone_brick_wall,
        },
        "oxidized_cut_copper_slab_from_oxidized_cut_copper_stonecutting": Recipes {
            type: "minecraft:stonecutting",
            result: minecraft:oxidized_cut_copper_slab,
        },
        "light_gray_carpet_from_white_carpet": Recipes {
            type: "minecraft:crafting_shaped",
            category: "misc",
            group: "carpet",
            key: {
                "$": Result {
                    item: "minecraft:light_gray_dye",
                },
                "#": Result {
                    item: "minecraft:white_carpet",
                },
            },
            pattern: [
                "###",
                "#$#",
                "###",
            ],
            result: Result {
                count: 8,
                item: "minecraft:light_gray_carpet",
            },
            show_notification: true,
        },
        "smooth_basalt": Recipes {
            type: "minecraft:smelting",
            category: "blocks",
            result: minecraft:smooth_basalt,
            experience: 0.1,
            cookingtime: 200,
        },
        "light_blue_dye_from_blue_orchid": Recipes {
            type: "minecraft:crafting_shapeless",
            category: "misc",
            group: "light_blue_dye",
            ingredients: [
                Result {
                    item: "minecraft:blue_orchid",
                },
            ],
            result: Result {
                item: "minecraft:light_blue_dye",
            },
        },
        "crimson_trapdoor": Recipes {
            type: "minecraft:crafting_shaped",
            category: "redstone",
            group: "wooden_trapdoor",
            key: {
                "#": Result {
                    item: "minecraft:crimson_planks",
                },
            },
            pattern: [
                "###",
                "###",
            ],
            result: Result {
                count: 2,
                item: "minecraft:crimson_trapdoor",
            },
            show_notification: true,
        },
        "red_sandstone_wall_from_red_sandstone_stonecutting": Recipes {
            type: "minecraft:stonecutting",
            result: minecraft:red_sandstone_wall,
        },
        "prismarine_wall_from_prismarine_stonecutting": Recipes {
            type: "minecraft:stonecutting",
            result: minecraft:prismarine_wall,
        },
        "cyan_stained_glass_pane": Recipes {
            type: "minecraft:crafting_shaped",
            category: "misc",
            group: "stained_glass_pane",
            key: {
                "#": Result {
                    item: "minecraft:cyan_stained_glass",
                },
            },
            pattern: [
                "###",
                "###",
            ],
            result: Result {
                count: 16,
                item: "minecraft:cyan_stained_glass_pane",
            },
            show_notification: true,
        },
        "coarse_dirt": Recipes {
            type: "minecraft:crafting_shaped",
            category: "building",
            key: {
                "D": Result {
                    item: "minecraft:dirt",
                },
                "G": Result {
                    item: "minecraft:gravel",
                },
            },
            pattern: [
                "DG",
                "GD",
            ],
            result: Result {
                count: 4,
                item: "minecraft:coarse_dirt",
            },
            show_notification: true,
        },
        "red_carpet": Recipes {
            type: "minecraft:crafting_shaped",
            category: "misc",
            group: "carpet",
            key: {
                "#": Result {
                    item: "minecraft:red_wool",
                },
            },
            pattern: [
                "##",
            ],
            result: Result {
                count: 3,
                item: "minecraft:red_carpet",
            },
            show_notification: true,
        },
        "brown_glazed_terracotta": Recipes {
            type: "minecraft:smelting",
            category: "blocks",
            result: minecraft:brown_glazed_terracotta,
            experience: 0.1,
            cookingtime: 200,
        },
        "light_gray_wool": Recipes {
            type: "minecraft:crafting_shapeless",
            category: "building",
            group: "wool",
            ingredients: [
                Result {
                    item: "minecraft:light_gray_dye",
                },
                Result {
                    item: "minecraft:white_wool",
                },
            ],
            result: Result {
                item: "minecraft:light_gray_wool",
            },
        },
        "waxed_oxidized_cut_copper_stairs": Recipes {
            type: "minecraft:crafting_shaped",
            category: "building",
            group: "waxed_oxidized_cut_copper_stairs",
            key: {
                "#": Result {
                    item: "minecraft:waxed_oxidized_cut_copper",
                },
            },
            pattern: [
                "#  ",
                "## ",
                "###",
            ],
            result: Result {
                count: 4,
                item: "minecraft:waxed_oxidized_cut_copper_stairs",
            },
            show_notification: true,
        },
        "diorite_stairs": Recipes {
            type: "minecraft:crafting_shaped",
            category: "building",
            key: {
                "#": Result {
                    item: "minecraft:diorite",
                },
            },
            pattern: [
                "#  ",
                "## ",
                "###",
            ],
            result: Result {
                count: 4,
                item: "minecraft:diorite_stairs",
            },
            show_notification: true,
        },
        "gray_banner": Recipes {
            type: "minecraft:crafting_shaped",
            category: "misc",
            group: "banner",
            key: {
                "|": Result {
                    item: "minecraft:stick",
                },
                "#": Result {
                    item: "minecraft:gray_wool",
                },
            },
            pattern: [
                "###",
                "###",
                " | ",
            ],
            result: Result {
                item: "minecraft:gray_banner",
            },
            show_notification: true,
        },
        "deepslate_tile_stairs_from_deepslate_tiles_stonecutting": Recipes {
            type: "minecraft:stonecutting",
            result: minecraft:deepslate_tile_stairs,
        },
        "deepslate_tiles_from_polished_deepslate_stonecutting": Recipes {
            type: "minecraft:stonecutting",
            result: minecraft:deepslate_tiles,
        },
        "light_gray_stained_glass": Recipes {
            type: "minecraft:crafting_shaped",
            category: "building",
            group: "stained_glass",
            key: {
                "X": Result {
                    item: "minecraft:light_gray_dye",
                },
                "#": Result {
                    item: "minecraft:glass",
                },
            },
            pattern: [
                "###",
                "#X#",
                "###",
            ],
            result: Result {
                count: 8,
                item: "minecraft:light_gray_stained_glass",
            },
            show_notification: true,
        },
        "purple_stained_glass_pane_from_glass_pane": Recipes {
            type: "minecraft:crafting_shaped",
            category: "misc",
            group: "stained_glass_pane",
            key: {
                "#": Result {
                    item: "minecraft:glass_pane",
                },
                "$": Result {
                    item: "minecraft:purple_dye",
                },
            },
            pattern: [
                "###",
                "#$#",
                "###",
            ],
            result: Result {
                count: 8,
                item: "minecraft:purple_stained_glass_pane",
            },
            show_notification: true,
        },
        "cut_copper_slab_from_copper_block_stonecutting": Recipes {
            type: "minecraft:stonecutting",
            result: minecraft:cut_copper_slab,
        },
        "magenta_dye_from_lilac": Recipes {
            type: "minecraft:crafting_shapeless",
            category: "misc",
            group: "magenta_dye",
            ingredients: [
                Result {
                    item: "minecraft:lilac",
                },
            ],
            result: Result {
                count: 2,
                item: "minecraft:magenta_dye",
            },
        },
        "stripped_oak_wood": Recipes {
            type: "minecraft:crafting_shaped",
            category: "building",
            group: "bark",
            key: {
                "#": Result {
                    item: "minecraft:stripped_oak_log",
                },
            },
            pattern: [
                "##",
                "##",
            ],
            result: Result {
                count: 3,
                item: "minecraft:stripped_oak_wood",
            },
            show_notification: true,
        },
        "magenta_carpet_from_white_carpet": Recipes {
            type: "minecraft:crafting_shaped",
            category: "misc",
            group: "carpet",
            key: {
                "#": Result {
                    item: "minecraft:white_carpet",
                },
                "$": Result {
                    item: "minecraft:magenta_dye",
                },
            },
            pattern: [
                "###",
                "#$#",
                "###",
            ],
            result: Result {
                count: 8,
                item: "minecraft:magenta_carpet",
            },
            show_notification: true,
        },
        "waxed_oxidized_cut_copper_from_honeycomb": Recipes {
            type: "minecraft:crafting_shapeless",
            category: "building",
            group: "waxed_oxidized_cut_copper",
            ingredients: [
                Result {
                    item: "minecraft:oxidized_cut_copper",
                },
                Result {
                    item: "minecraft:honeycomb",
                },
            ],
            result: Result {
                item: "minecraft:waxed_oxidized_cut_copper",
            },
        },
        "brown_terracotta": Recipes {
            type: "minecraft:crafting_shaped",
            category: "building",
            group: "stained_terracotta",
            key: {
                "X": Result {
                    item: "minecraft:brown_dye",
                },
                "#": Result {
                    item: "minecraft:terracotta",
                },
            },
            pattern: [
                "###",
                "#X#",
                "###",
            ],
            result: Result {
                count: 8,
                item: "minecraft:brown_terracotta",
            },
            show_notification: true,
        },
        "smooth_quartz": Recipes {
            type: "minecraft:smelting",
            category: "blocks",
            result: minecraft:smooth_quartz,
            experience: 0.1,
            cookingtime: 200,
        },
        "skull_banner_pattern": Recipes {
            type: "minecraft:crafting_shapeless",
            category: "misc",
            ingredients: [
                Result {
                    item: "minecraft:paper",
                },
                Result {
                    item: "minecraft:wither_skeleton_skull",
                },
            ],
            result: Result {
                item: "minecraft:skull_banner_pattern",
            },
        },
        "polished_blackstone_bricks_from_polished_blackstone_stonecutting": Recipes {
            type: "minecraft:stonecutting",
            result: minecraft:polished_blackstone_bricks,
        },
        "sticky_piston": Recipes {
            type: "minecraft:crafting_shaped",
            category: "redstone",
            key: {
                "P": Result {
                    item: "minecraft:piston",
                },
                "S": Result {
                    item: "minecraft:slime_ball",
                },
            },
            pattern: [
                "S",
                "P",
            ],
            result: Result {
                item: "minecraft:sticky_piston",
            },
            show_notification: true,
        },
        "nether_brick": Recipes {
            type: "minecraft:smelting",
            category: "misc",
            result: minecraft:nether_brick,
            experience: 0.1,
            cookingtime: 200,
        },
        "cyan_stained_glass_pane_from_glass_pane": Recipes {
            type: "minecraft:crafting_shaped",
            category: "misc",
            group: "stained_glass_pane",
            key: {
                "#": Result {
                    item: "minecraft:glass_pane",
                },
                "$": Result {
                    item: "minecraft:cyan_dye",
                },
            },
            pattern: [
                "###",
                "#$#",
                "###",
            ],
            result: Result {
                count: 8,
                item: "minecraft:cyan_stained_glass_pane",
            },
            show_notification: true,
        },
        "acacia_chest_boat": Recipes {
            type: "minecraft:crafting_shapeless",
            category: "misc",
            group: "chest_boat",
            ingredients: [
                Result {
                    item: "minecraft:chest",
                },
                Result {
                    item: "minecraft:acacia_boat",
                },
            ],
            result: Result {
                item: "minecraft:acacia_chest_boat",
            },
        },
        "deepslate_tile_slab_from_polished_deepslate_stonecutting": Recipes {
            type: "minecraft:stonecutting",
            result: minecraft:deepslate_tile_slab,
        },
        "purple_candle": Recipes {
            type: "minecraft:crafting_shapeless",
            category: "misc",
            group: "dyed_candle",
            ingredients: [
                Result {
                    item: "minecraft:candle",
                },
                Result {
                    item: "minecraft:purple_dye",
                },
            ],
            result: Result {
                item: "minecraft:purple_candle",
            },
        },
        "exposed_cut_copper_slab": Recipes {
            type: "minecraft:crafting_shaped",
            category: "building",
            key: {
                "#": Result {
                    item: "minecraft:exposed_cut_copper",
                },
            },
            pattern: [
                "###",
            ],
            result: Result {
                count: 6,
                item: "minecraft:exposed_cut_copper_slab",
            },
            show_notification: true,
        },
        "jungle_fence_gate": Recipes {
            type: "minecraft:crafting_shaped",
            category: "redstone",
            group: "wooden_fence_gate",
            key: {
                "W": Result {
                    item: "minecraft:jungle_planks",
                },
                "#": Result {
                    item: "minecraft:stick",
                },
            },
            pattern: [
                "#W#",
                "#W#",
            ],
            result: Result {
                item: "minecraft:jungle_fence_gate",
            },
            show_notification: true,
        },
        "andesite_slab_from_andesite_stonecutting": Recipes {
            type: "minecraft:stonecutting",
            result: minecraft:andesite_slab,
        },
        "crimson_fence_gate": Recipes {
            type: "minecraft:crafting_shaped",
            category: "redstone",
            group: "wooden_fence_gate",
            key: {
                "W": Result {
                    item: "minecraft:crimson_planks",
                },
                "#": Result {
                    item: "minecraft:stick",
                },
            },
            pattern: [
                "#W#",
                "#W#",
            ],
            result: Result {
                item: "minecraft:crimson_fence_gate",
            },
            show_notification: true,
        },
        "light_blue_terracotta": Recipes {
            type: "minecraft:crafting_shaped",
            category: "building",
            group: "stained_terracotta",
            key: {
                "X": Result {
                    item: "minecraft:light_blue_dye",
                },
                "#": Result {
                    item: "minecraft:terracotta",
                },
            },
            pattern: [
                "###",
                "#X#",
                "###",
            ],
            result: Result {
                count: 8,
                item: "minecraft:light_blue_terracotta",
            },
            show_notification: true,
        },
        "jungle_pressure_plate": Recipes {
            type: "minecraft:crafting_shaped",
            category: "redstone",
            group: "wooden_pressure_plate",
            key: {
                "#": Result {
                    item: "minecraft:jungle_planks",
                },
            },
            pattern: [
                "##",
            ],
            result: Result {
                item: "minecraft:jungle_pressure_plate",
            },
            show_notification: true,
        },
        "nether_brick_slab_from_nether_bricks_stonecutting": Recipes {
            type: "minecraft:stonecutting",
            result: minecraft:nether_brick_slab,
        },
        "acacia_trapdoor": Recipes {
            type: "minecraft:crafting_shaped",
            category: "redstone",
            group: "wooden_trapdoor",
            key: {
                "#": Result {
                    item: "minecraft:acacia_planks",
                },
            },
            pattern: [
                "###",
                "###",
            ],
            result: Result {
                count: 2,
                item: "minecraft:acacia_trapdoor",
            },
            show_notification: true,
        },
        "red_bed": Recipes {
            type: "minecraft:crafting_shaped",
            category: "misc",
            group: "bed",
            key: {
                "X": Result {
                    item: "minecraft:planks",
                },
                "#": Result {
                    item: "minecraft:red_wool",
                },
            },
            pattern: [
                "###",
                "XXX",
            ],
            result: Result {
                item: "minecraft:red_bed",
            },
            show_notification: true,
        },
        "furnace": Recipes {
            type: "minecraft:crafting_shaped",
            category: "misc",
            key: {
                "#": Result {
                    item: "minecraft:stone_crafting_materials",
                },
            },
            pattern: [
                "###",
                "# #",
                "###",
            ],
            result: Result {
                item: "minecraft:furnace",
            },
            show_notification: true,
        },
        "tnt_minecart": Recipes {
            type: "minecraft:crafting_shapeless",
            category: "misc",
            ingredients: [
                Result {
                    item: "minecraft:tnt",
                },
                Result {
                    item: "minecraft:minecart",
                },
            ],
            result: Result {
                item: "minecraft:tnt_minecart",
            },
        },
        "orange_carpet_from_white_carpet": Recipes {
            type: "minecraft:crafting_shaped",
            category: "misc",
            group: "carpet",
            key: {
                "#": Result {
                    item: "minecraft:white_carpet",
                },
                "$": Result {
                    item: "minecraft:orange_dye",
                },
            },
            pattern: [
                "###",
                "#$#",
                "###",
            ],
            result: Result {
                count: 8,
                item: "minecraft:orange_carpet",
            },
            show_notification: true,
        },
        "clay": Recipes {
            type: "minecraft:crafting_shaped",
            category: "building",
            key: {
                "#": Result {
                    item: "minecraft:clay_ball",
                },
            },
            pattern: [
                "##",
                "##",
            ],
            result: Result {
                item: "minecraft:clay",
            },
            show_notification: true,
        },
        "oak_chest_boat": Recipes {
            type: "minecraft:crafting_shapeless",
            category: "misc",
            group: "chest_boat",
            ingredients: [
                Result {
                    item: "minecraft:chest",
                },
                Result {
                    item: "minecraft:oak_boat",
                },
            ],
            result: Result {
                item: "minecraft:oak_chest_boat",
            },
        },
        "white_terracotta": Recipes {
            type: "minecraft:crafting_shaped",
            category: "building",
            group: "stained_terracotta",
            key: {
                "X": Result {
                    item: "minecraft:white_dye",
                },
                "#": Result {
                    item: "minecraft:terracotta",
                },
            },
            pattern: [
                "###",
                "#X#",
                "###",
            ],
            result: Result {
                count: 8,
                item: "minecraft:white_terracotta",
            },
            show_notification: true,
        },
        "netherite_ingot_from_netherite_block": Recipes {
            type: "minecraft:crafting_shapeless",
            category: "misc",
            group: "netherite_ingot",
            ingredients: [
                Result {
                    item: "minecraft:netherite_block",
                },
            ],
            result: Result {
                count: 9,
                item: "minecraft:netherite_ingot",
            },
        },
        "cyan_stained_glass": Recipes {
            type: "minecraft:crafting_shaped",
            category: "building",
            group: "stained_glass",
            key: {
                "X": Result {
                    item: "minecraft:cyan_dye",
                },
                "#": Result {
                    item: "minecraft:glass",
                },
            },
            pattern: [
                "###",
                "#X#",
                "###",
            ],
            result: Result {
                count: 8,
                item: "minecraft:cyan_stained_glass",
            },
            show_notification: true,
        },
        "ladder": Recipes {
            type: "minecraft:crafting_shaped",
            category: "misc",
            key: {
                "#": Result {
                    item: "minecraft:stick",
                },
            },
            pattern: [
                "# #",
                "###",
                "# #",
            ],
            result: Result {
                count: 3,
                item: "minecraft:ladder",
            },
            show_notification: true,
        },
        "red_candle": Recipes {
            type: "minecraft:crafting_shapeless",
            category: "misc",
            group: "dyed_candle",
            ingredients: [
                Result {
                    item: "minecraft:candle",
                },
                Result {
                    item: "minecraft:red_dye",
                },
            ],
            result: Result {
                item: "minecraft:red_candle",
            },
        },
        "purple_terracotta": Recipes {
            type: "minecraft:crafting_shaped",
            category: "building",
            group: "stained_terracotta",
            key: {
                "X": Result {
                    item: "minecraft:purple_dye",
                },
                "#": Result {
                    item: "minecraft:terracotta",
                },
            },
            pattern: [
                "###",
                "#X#",
                "###",
            ],
            result: Result {
                count: 8,
                item: "minecraft:purple_terracotta",
            },
            show_notification: true,
        },
        "gold_nugget_from_blasting": Recipes {
            type: "minecraft:blasting",
            category: "misc",
            result: minecraft:gold_nugget,
            experience: 0.1,
            cookingtime: 100,
        },
        "golden_leggings": Recipes {
            type: "minecraft:crafting_shaped",
            category: "equipment",
            key: {
                "X": Result {
                    item: "minecraft:gold_ingot",
                },
            },
            pattern: [
                "XXX",
                "X X",
                "X X",
            ],
            result: Result {
                item: "minecraft:golden_leggings",
            },
            show_notification: true,
        },
        "waxed_exposed_cut_copper": Recipes {
            type: "minecraft:crafting_shaped",
            category: "building",
            group: "waxed_exposed_cut_copper",
            key: {
                "#": Result {
                    item: "minecraft:waxed_exposed_copper",
                },
            },
            pattern: [
                "##",
                "##",
            ],
            result: Result {
                count: 4,
                item: "minecraft:waxed_exposed_cut_copper",
            },
            show_notification: true,
        },
        "smooth_red_sandstone_stairs_from_smooth_red_sandstone_stonecutting": Recipes {
            type: "minecraft:stonecutting",
            result: minecraft:smooth_red_sandstone_stairs,
        },
        "gold_ingot_from_smelting_gold_ore": Recipes {
            type: "minecraft:smelting",
            category: "misc",
            group: "gold_ingot",
            result: minecraft:gold_ingot,
            experience: 1.0,
            cookingtime: 200,
        },
        "mangrove_door": Recipes {
            type: "minecraft:crafting_shaped",
            category: "redstone",
            group: "wooden_door",
            key: {
                "#": Result {
                    item: "minecraft:mangrove_planks",
                },
            },
            pattern: [
                "##",
                "##",
                "##",
            ],
            result: Result {
                count: 3,
                item: "minecraft:mangrove_door",
            },
            show_notification: true,
        },
        "red_nether_brick_slab": Recipes {
            type: "minecraft:crafting_shaped",
            category: "building",
            key: {
                "#": Result {
                    item: "minecraft:red_nether_bricks",
                },
            },
            pattern: [
                "###",
            ],
            result: Result {
                count: 6,
                item: "minecraft:red_nether_brick_slab",
            },
            show_notification: true,
        },
        "light_blue_bed": Recipes {
            type: "minecraft:crafting_shaped",
            category: "misc",
            group: "bed",
            key: {
                "#": Result {
                    item: "minecraft:light_blue_wool",
                },
                "X": Result {
                    item: "minecraft:planks",
                },
            },
            pattern: [
                "###",
                "XXX",
            ],
            result: Result {
                item: "minecraft:light_blue_bed",
            },
            show_notification: true,
        },
        "polished_deepslate_stairs_from_polished_deepslate_stonecutting": Recipes {
            type: "minecraft:stonecutting",
            result: minecraft:polished_deepslate_stairs,
        },
        "birch_stairs": Recipes {
            type: "minecraft:crafting_shaped",
            category: "building",
            group: "wooden_stairs",
            key: {
                "#": Result {
                    item: "minecraft:birch_planks",
                },
            },
            pattern: [
                "#  ",
                "## ",
                "###",
            ],
            result: Result {
                count: 4,
                item: "minecraft:birch_stairs",
            },
            show_notification: true,
        },
        "deepslate_tile_stairs_from_polished_deepslate_stonecutting": Recipes {
            type: "minecraft:stonecutting",
            result: minecraft:deepslate_tile_stairs,
        },
        "diamond_sword": Recipes {
            type: "minecraft:crafting_shaped",
            category: "equipment",
            key: {
                "#": Result {
                    item: "minecraft:stick",
                },
                "X": Result {
                    item: "minecraft:diamond",
                },
            },
            pattern: [
                "X",
                "X",
                "#",
            ],
            result: Result {
                item: "minecraft:diamond_sword",
            },
            show_notification: true,
        },
        "rabbit_stew_from_red_mushroom": Recipes {
            type: "minecraft:crafting_shapeless",
            category: "misc",
            group: "rabbit_stew",
            ingredients: [
                Result {
                    item: "minecraft:baked_potato",
                },
                Result {
                    item: "minecraft:cooked_rabbit",
                },
                Result {
                    item: "minecraft:bowl",
                },
                Result {
                    item: "minecraft:carrot",
                },
                Result {
                    item: "minecraft:red_mushroom",
                },
            ],
            result: Result {
                item: "minecraft:rabbit_stew",
            },
        },
        "end_stone_bricks": Recipes {
            type: "minecraft:crafting_shaped",
            category: "building",
            key: {
                "#": Result {
                    item: "minecraft:end_stone",
                },
            },
            pattern: [
                "##",
                "##",
            ],
            result: Result {
                count: 4,
                item: "minecraft:end_stone_bricks",
            },
            show_notification: true,
        },
        "red_sandstone_slab": Recipes {
            type: "minecraft:crafting_shaped",
            category: "building",
            key: {
                "#": [
                    Result {
                        item: "minecraft:red_sandstone",
                    },
                    Result {
                        item: "minecraft:chiseled_red_sandstone",
                    },
                ],
            },
            pattern: [
                "###",
            ],
            result: Result {
                count: 6,
                item: "minecraft:red_sandstone_slab",
            },
            show_notification: true,
        },
        "weathered_cut_copper_slab_from_weathered_cut_copper_stonecutting": Recipes {
            type: "minecraft:stonecutting",
            result: minecraft:weathered_cut_copper_slab,
        },
        "mossy_cobblestone_stairs_from_mossy_cobblestone_stonecutting": Recipes {
            type: "minecraft:stonecutting",
            result: minecraft:mossy_cobblestone_stairs,
        },
        "raw_iron_block": Recipes {
            type: "minecraft:crafting_shaped",
            category: "building",
            key: {
                "#": Result {
                    item: "minecraft:raw_iron",
                },
            },
            pattern: [
                "###",
                "###",
                "###",
            ],
            result: Result {
                item: "minecraft:raw_iron_block",
            },
            show_notification: true,
        },
        "waxed_weathered_cut_copper_stairs_from_honeycomb": Recipes {
            type: "minecraft:crafting_shapeless",
            category: "building",
            group: "waxed_weathered_cut_copper_stairs",
            ingredients: [
                Result {
                    item: "minecraft:weathered_cut_copper_stairs",
                },
                Result {
                    item: "minecraft:honeycomb",
                },
            ],
            result: Result {
                item: "minecraft:waxed_weathered_cut_copper_stairs",
            },
        },
        "blue_stained_glass_pane": Recipes {
            type: "minecraft:crafting_shaped",
            category: "misc",
            group: "stained_glass_pane",
            key: {
                "#": Result {
                    item: "minecraft:blue_stained_glass",
                },
            },
            pattern: [
                "###",
                "###",
            ],
            result: Result {
                count: 16,
                item: "minecraft:blue_stained_glass_pane",
            },
            show_notification: true,
        },
        "red_concrete_powder": Recipes {
            type: "minecraft:crafting_shapeless",
            category: "building",
            group: "concrete_powder",
            ingredients: [
                Result {
                    item: "minecraft:red_dye",
                },
                Result {
                    item: "minecraft:sand",
                },
                Result {
                    item: "minecraft:sand",
                },
                Result {
                    item: "minecraft:sand",
                },
                Result {
                    item: "minecraft:sand",
                },
                Result {
                    item: "minecraft:gravel",
                },
                Result {
                    item: "minecraft:gravel",
                },
                Result {
                    item: "minecraft:gravel",
                },
                Result {
                    item: "minecraft:gravel",
                },
            ],
            result: Result {
                count: 8,
                item: "minecraft:red_concrete_powder",
            },
        },
        "stone_pickaxe": Recipes {
            type: "minecraft:crafting_shaped",
            category: "equipment",
            key: {
                "X": Result {
                    item: "minecraft:stone_tool_materials",
                },
                "#": Result {
                    item: "minecraft:stick",
                },
            },
            pattern: [
                "XXX",
                " # ",
                " # ",
            ],
            result: Result {
                item: "minecraft:stone_pickaxe",
            },
            show_notification: true,
        },
        "green_stained_glass": Recipes {
            type: "minecraft:crafting_shaped",
            category: "building",
            group: "stained_glass",
            key: {
                "#": Result {
                    item: "minecraft:glass",
                },
                "X": Result {
                    item: "minecraft:green_dye",
                },
            },
            pattern: [
                "###",
                "#X#",
                "###",
            ],
            result: Result {
                count: 8,
                item: "minecraft:green_stained_glass",
            },
            show_notification: true,
        },
        "nether_brick_stairs": Recipes {
            type: "minecraft:crafting_shaped",
            category: "building",
            key: {
                "#": Result {
                    item: "minecraft:nether_bricks",
                },
            },
            pattern: [
                "#  ",
                "## ",
                "###",
            ],
            result: Result {
                count: 4,
                item: "minecraft:nether_brick_stairs",
            },
            show_notification: true,
        },
        "polished_deepslate_stairs_from_cobbled_deepslate_stonecutting": Recipes {
            type: "minecraft:stonecutting",
            result: minecraft:polished_deepslate_stairs,
        },
        "diamond_boots": Recipes {
            type: "minecraft:crafting_shaped",
            category: "equipment",
            key: {
                "X": Result {
                    item: "minecraft:diamond",
                },
            },
            pattern: [
                "X X",
                "X X",
            ],
            result: Result {
                item: "minecraft:diamond_boots",
            },
            show_notification: true,
        },
        "chest": Recipes {
            type: "minecraft:crafting_shaped",
            category: "misc",
            key: {
                "#": Result {
                    item: "minecraft:planks",
                },
            },
            pattern: [
                "###",
                "# #",
                "###",
            ],
            result: Result {
                item: "minecraft:chest",
            },
            show_notification: true,
        },
        "purple_bed_from_white_bed": Recipes {
            type: "minecraft:crafting_shapeless",
            category: "misc",
            group: "dyed_bed",
            ingredients: [
                Result {
                    item: "minecraft:white_bed",
                },
                Result {
                    item: "minecraft:purple_dye",
                },
            ],
            result: Result {
                item: "minecraft:purple_bed",
            },
        },
        "birch_slab": Recipes {
            type: "minecraft:crafting_shaped",
            category: "building",
            group: "wooden_slab",
            key: {
                "#": Result {
                    item: "minecraft:birch_planks",
                },
            },
            pattern: [
                "###",
            ],
            result: Result {
                count: 6,
                item: "minecraft:birch_slab",
            },
            show_notification: true,
        },
        "paper": Recipes {
            type: "minecraft:crafting_shaped",
            category: "misc",
            key: {
                "#": Result {
                    item: "minecraft:sugar_cane",
                },
            },
            pattern: [
                "###",
            ],
            result: Result {
                count: 3,
                item: "minecraft:paper",
            },
            show_notification: true,
        },
        "orange_glazed_terracotta": Recipes {
            type: "minecraft:smelting",
            category: "blocks",
            result: minecraft:orange_glazed_terracotta,
            experience: 0.1,
            cookingtime: 200,
        },
        "pink_concrete_powder": Recipes {
            type: "minecraft:crafting_shapeless",
            category: "building",
            group: "concrete_powder",
            ingredients: [
                Result {
                    item: "minecraft:pink_dye",
                },
                Result {
                    item: "minecraft:sand",
                },
                Result {
                    item: "minecraft:sand",
                },
                Result {
                    item: "minecraft:sand",
                },
                Result {
                    item: "minecraft:sand",
                },
                Result {
                    item: "minecraft:gravel",
                },
                Result {
                    item: "minecraft:gravel",
                },
                Result {
                    item: "minecraft:gravel",
                },
                Result {
                    item: "minecraft:gravel",
                },
            ],
            result: Result {
                count: 8,
                item: "minecraft:pink_concrete_powder",
            },
        },
        "cyan_candle": Recipes {
            type: "minecraft:crafting_shapeless",
            category: "misc",
            group: "dyed_candle",
            ingredients: [
                Result {
                    item: "minecraft:candle",
                },
                Result {
                    item: "minecraft:cyan_dye",
                },
            ],
            result: Result {
                item: "minecraft:cyan_candle",
            },
        },
        "tinted_glass": Recipes {
            type: "minecraft:crafting_shaped",
            category: "building",
            key: {
                "S": Result {
                    item: "minecraft:amethyst_shard",
                },
                "G": Result {
                    item: "minecraft:glass",
                },
            },
            pattern: [
                " S ",
                "SGS",
                " S ",
            ],
            result: Result {
                count: 2,
                item: "minecraft:tinted_glass",
            },
            show_notification: true,
        },
        "iron_ingot_from_blasting_raw_iron": Recipes {
            type: "minecraft:blasting",
            category: "misc",
            group: "iron_ingot",
            result: minecraft:iron_ingot,
            experience: 0.7,
            cookingtime: 100,
        },
        "stripped_spruce_wood": Recipes {
            type: "minecraft:crafting_shaped",
            category: "building",
            group: "bark",
            key: {
                "#": Result {
                    item: "minecraft:stripped_spruce_log",
                },
            },
            pattern: [
                "##",
                "##",
            ],
            result: Result {
                count: 3,
                item: "minecraft:stripped_spruce_wood",
            },
            show_notification: true,
        },
        "flower_banner_pattern": Recipes {
            type: "minecraft:crafting_shapeless",
            category: "misc",
            ingredients: [
                Result {
                    item: "minecraft:paper",
                },
                Result {
                    item: "minecraft:oxeye_daisy",
                },
            ],
            result: Result {
                item: "minecraft:flower_banner_pattern",
            },
        },
        "orange_dye_from_red_yellow": Recipes {
            type: "minecraft:crafting_shapeless",
            category: "misc",
            group: "orange_dye",
            ingredients: [
                Result {
                    item: "minecraft:red_dye",
                },
                Result {
                    item: "minecraft:yellow_dye",
                },
            ],
            result: Result {
                count: 2,
                item: "minecraft:orange_dye",
            },
        },
        "polished_blackstone_brick_slab_from_polished_blackstone_bricks_stonecutting": Recipes {
            type: "minecraft:stonecutting",
            result: minecraft:polished_blackstone_brick_slab,
        },
        "stone_brick_slab_from_stone_stonecutting": Recipes {
            type: "minecraft:stonecutting",
            result: minecraft:stone_brick_slab,
        },
        "prismarine_brick_stairs_from_prismarine_stonecutting": Recipes {
            type: "minecraft:stonecutting",
            result: minecraft:prismarine_brick_stairs,
        },
        "end_rod": Recipes {
            type: "minecraft:crafting_shaped",
            category: "misc",
            key: {
                "#": Result {
                    item: "minecraft:popped_chorus_fruit",
                },
                "/": Result {
                    item: "minecraft:blaze_rod",
                },
            },
            pattern: [
                "/",
                "#",
            ],
            result: Result {
                count: 4,
                item: "minecraft:end_rod",
            },
            show_notification: true,
        },
        "iron_ingot_from_smelting_iron_ore": Recipes {
            type: "minecraft:smelting",
            category: "misc",
            group: "iron_ingot",
            result: minecraft:iron_ingot,
            experience: 0.7,
            cookingtime: 200,
        },
        "dark_prismarine_slab_from_dark_prismarine_stonecutting": Recipes {
            type: "minecraft:stonecutting",
            result: minecraft:dark_prismarine_slab,
        },
        "cooked_rabbit": Recipes {
            type: "minecraft:smelting",
            category: "food",
            result: minecraft:cooked_rabbit,
            experience: 0.35,
            cookingtime: 200,
        },
        "andesite_stairs_from_andesite_stonecutting": Recipes {
            type: "minecraft:stonecutting",
            result: minecraft:andesite_stairs,
        },
        "cooked_porkchop": Recipes {
            type: "minecraft:smelting",
            category: "food",
            result: minecraft:cooked_porkchop,
            experience: 0.35,
            cookingtime: 200,
        },
        "andesite_stairs": Recipes {
            type: "minecraft:crafting_shaped",
            category: "building",
            key: {
                "#": Result {
                    item: "minecraft:andesite",
                },
            },
            pattern: [
                "#  ",
                "## ",
                "###",
            ],
            result: Result {
                count: 4,
                item: "minecraft:andesite_stairs",
            },
            show_notification: true,
        },
        "diamond_hoe": Recipes {
            type: "minecraft:crafting_shaped",
            category: "equipment",
            key: {
                "X": Result {
                    item: "minecraft:diamond",
                },
                "#": Result {
                    item: "minecraft:stick",
                },
            },
            pattern: [
                "XX",
                " #",
                " #",
            ],
            result: Result {
                item: "minecraft:diamond_hoe",
            },
            show_notification: true,
        },
        "wheat": Recipes {
            type: "minecraft:crafting_shapeless",
            category: "misc",
            ingredients: [
                Result {
                    item: "minecraft:hay_block",
                },
            ],
            result: Result {
                count: 9,
                item: "minecraft:wheat",
            },
        },
        "orange_banner": Recipes {
            type: "minecraft:crafting_shaped",
            category: "misc",
            group: "banner",
            key: {
                "#": Result {
                    item: "minecraft:orange_wool",
                },
                "|": Result {
                    item: "minecraft:stick",
                },
            },
            pattern: [
                "###",
                "###",
                " | ",
            ],
            result: Result {
                item: "minecraft:orange_banner",
            },
            show_notification: true,
        },
        "rail": Recipes {
            type: "minecraft:crafting_shaped",
            category: "misc",
            key: {
                "X": Result {
                    item: "minecraft:iron_ingot",
                },
                "#": Result {
                    item: "minecraft:stick",
                },
            },
            pattern: [
                "X X",
                "X#X",
                "X X",
            ],
            result: Result {
                count: 16,
                item: "minecraft:rail",
            },
            show_notification: true,
        },
        "prismarine_slab": Recipes {
            type: "minecraft:crafting_shaped",
            category: "building",
            key: {
                "#": Result {
                    item: "minecraft:prismarine",
                },
            },
            pattern: [
                "###",
            ],
            result: Result {
                count: 6,
                item: "minecraft:prismarine_slab",
            },
            show_notification: true,
        },
        "creeper_banner_pattern": Recipes {
            type: "minecraft:crafting_shapeless",
            category: "misc",
            ingredients: [
                Result {
                    item: "minecraft:paper",
                },
                Result {
                    item: "minecraft:creeper_head",
                },
            ],
            result: Result {
                item: "minecraft:creeper_banner_pattern",
            },
        },
        "gold_nugget": Recipes {
            type: "minecraft:crafting_shapeless",
            category: "misc",
            ingredients: [
                Result {
                    item: "minecraft:gold_ingot",
                },
            ],
            result: Result {
                count: 9,
                item: "minecraft:gold_nugget",
            },
        },
        "deepslate_tile_stairs_from_cobbled_deepslate_stonecutting": Recipes {
            type: "minecraft:stonecutting",
            result: minecraft:deepslate_tile_stairs,
        },
        "prismarine_bricks": Recipes {
            type: "minecraft:crafting_shapeless",
            category: "building",
            ingredients: [
                Result {
                    item: "minecraft:prismarine_shard",
                },
                Result {
                    item: "minecraft:prismarine_shard",
                },
                Result {
                    item: "minecraft:prismarine_shard",
                },
                Result {
                    item: "minecraft:prismarine_shard",
                },
                Result {
                    item: "minecraft:prismarine_shard",
                },
                Result {
                    item: "minecraft:prismarine_shard",
                },
                Result {
                    item: "minecraft:prismarine_shard",
                },
                Result {
                    item: "minecraft:prismarine_shard",
                },
                Result {
                    item: "minecraft:prismarine_shard",
                },
            ],
            result: Result {
                item: "minecraft:prismarine_bricks",
            },
        },
        "copper_block": Recipes {
            type: "minecraft:crafting_shaped",
            category: "building",
            key: {
                "#": Result {
                    item: "minecraft:copper_ingot",
                },
            },
            pattern: [
                "###",
                "###",
                "###",
            ],
            result: Result {
                item: "minecraft:copper_block",
            },
            show_notification: true,
        },
        "magenta_wool": Recipes {
            type: "minecraft:crafting_shapeless",
            category: "building",
            group: "wool",
            ingredients: [
                Result {
                    item: "minecraft:magenta_dye",
                },
                Result {
                    item: "minecraft:white_wool",
                },
            ],
            result: Result {
                item: "minecraft:magenta_wool",
            },
        },
        "cooked_cod_from_campfire_cooking": Recipes {
            type: "minecraft:campfire_cooking",
            category: "food",
            result: minecraft:cooked_cod,
            experience: 0.35,
            cookingtime: 600,
        },
        "stone_stairs_from_stone_stonecutting": Recipes {
            type: "minecraft:stonecutting",
            result: minecraft:stone_stairs,
        },
        "recovery_compass": Recipes {
            type: "minecraft:crafting_shaped",
            category: "equipment",
            key: {
                "C": Result {
                    item: "minecraft:compass",
                },
                "S": Result {
                    item: "minecraft:echo_shard",
                },
            },
            pattern: [
                "SSS",
                "SCS",
                "SSS",
            ],
            result: Result {
                item: "minecraft:recovery_compass",
            },
            show_notification: true,
        },
        "polished_blackstone_brick_wall": Recipes {
            type: "minecraft:crafting_shaped",
            category: "misc",
            key: {
                "#": Result {
                    item: "minecraft:polished_blackstone_bricks",
                },
            },
            pattern: [
                "###",
                "###",
            ],
            result: Result {
                count: 6,
                item: "minecraft:polished_blackstone_brick_wall",
            },
            show_notification: true,
        },
        "cracked_deepslate_tiles": Recipes {
            type: "minecraft:smelting",
            category: "blocks",
            result: minecraft:cracked_deepslate_tiles,
            experience: 0.1,
            cookingtime: 200,
        },
        "crimson_pressure_plate": Recipes {
            type: "minecraft:crafting_shaped",
            category: "redstone",
            group: "wooden_pressure_plate",
            key: {
                "#": Result {
                    item: "minecraft:crimson_planks",
                },
            },
            pattern: [
                "##",
            ],
            result: Result {
                item: "minecraft:crimson_pressure_plate",
            },
            show_notification: true,
        },
        "orange_wool": Recipes {
            type: "minecraft:crafting_shapeless",
            category: "building",
            group: "wool",
            ingredients: [
                Result {
                    item: "minecraft:orange_dye",
                },
                Result {
                    item: "minecraft:white_wool",
                },
            ],
            result: Result {
                item: "minecraft:orange_wool",
            },
        },
        "smooth_red_sandstone_stairs": Recipes {
            type: "minecraft:crafting_shaped",
            category: "building",
            key: {
                "#": Result {
                    item: "minecraft:smooth_red_sandstone",
                },
            },
            pattern: [
                "#  ",
                "## ",
                "###",
            ],
            result: Result {
                count: 4,
                item: "minecraft:smooth_red_sandstone_stairs",
            },
            show_notification: true,
        },
        "crimson_sign": Recipes {
            type: "minecraft:crafting_shaped",
            category: "misc",
            group: "wooden_sign",
            key: {
                "#": Result {
                    item: "minecraft:crimson_planks",
                },
                "X": Result {
                    item: "minecraft:stick",
                },
            },
            pattern: [
                "###",
                "###",
                " X ",
            ],
            result: Result {
                count: 3,
                item: "minecraft:crimson_sign",
            },
            show_notification: true,
        },
        "gold_ingot_from_nuggets": Recipes {
            type: "minecraft:crafting_shaped",
            category: "misc",
            group: "gold_ingot",
            key: {
                "#": Result {
                    item: "minecraft:gold_nugget",
                },
            },
            pattern: [
                "###",
                "###",
                "###",
            ],
            result: Result {
                item: "minecraft:gold_ingot",
            },
            show_notification: true,
        },
        "birch_fence": Recipes {
            type: "minecraft:crafting_shaped",
            category: "misc",
            group: "wooden_fence",
            key: {
                "W": Result {
                    item: "minecraft:birch_planks",
                },
                "#": Result {
                    item: "minecraft:stick",
                },
            },
            pattern: [
                "W#W",
                "W#W",
            ],
            result: Result {
                count: 3,
                item: "minecraft:birch_fence",
            },
            show_notification: true,
        },
        "mossy_stone_brick_wall": Recipes {
            type: "minecraft:crafting_shaped",
            category: "misc",
            key: {
                "#": Result {
                    item: "minecraft:mossy_stone_bricks",
                },
            },
            pattern: [
                "###",
                "###",
            ],
            result: Result {
                count: 6,
                item: "minecraft:mossy_stone_brick_wall",
            },
            show_notification: true,
        },
        "yellow_stained_glass_pane_from_glass_pane": Recipes {
            type: "minecraft:crafting_shaped",
            category: "misc",
            group: "stained_glass_pane",
            key: {
                "$": Result {
                    item: "minecraft:yellow_dye",
                },
                "#": Result {
                    item: "minecraft:glass_pane",
                },
            },
            pattern: [
                "###",
                "#$#",
                "###",
            ],
            result: Result {
                count: 8,
                item: "minecraft:yellow_stained_glass_pane",
            },
            show_notification: true,
        },
        "polished_deepslate_wall": Recipes {
            type: "minecraft:crafting_shaped",
            category: "misc",
            key: {
                "#": Result {
                    item: "minecraft:polished_deepslate",
                },
            },
            pattern: [
                "###",
                "###",
            ],
            result: Result {
                count: 6,
                item: "minecraft:polished_deepslate_wall",
            },
            show_notification: true,
        },
        "red_stained_glass_pane": Recipes {
            type: "minecraft:crafting_shaped",
            category: "misc",
            group: "stained_glass_pane",
            key: {
                "#": Result {
                    item: "minecraft:red_stained_glass",
                },
            },
            pattern: [
                "###",
                "###",
            ],
            result: Result {
                count: 16,
                item: "minecraft:red_stained_glass_pane",
            },
            show_notification: true,
        },
        "scaffolding": Recipes {
            type: "minecraft:crafting_shaped",
            category: "misc",
            key: {
                "~": Result {
                    item: "minecraft:string",
                },
                "I": Result {
                    item: "minecraft:bamboo",
                },
            },
            pattern: [
                "I~I",
                "I I",
                "I I",
            ],
            result: Result {
                count: 6,
                item: "minecraft:scaffolding",
            },
            show_notification: true,
        },
        "gray_stained_glass_pane": Recipes {
            type: "minecraft:crafting_shaped",
            category: "misc",
            group: "stained_glass_pane",
            key: {
                "#": Result {
                    item: "minecraft:gray_stained_glass",
                },
            },
            pattern: [
                "###",
                "###",
            ],
            result: Result {
                count: 16,
                item: "minecraft:gray_stained_glass_pane",
            },
            show_notification: true,
        },
        "deepslate_tile_slab_from_deepslate_tiles_stonecutting": Recipes {
            type: "minecraft:stonecutting",
            result: minecraft:deepslate_tile_slab,
        },
        "charcoal": Recipes {
            type: "minecraft:smelting",
            category: "misc",
            result: minecraft:charcoal,
            experience: 0.15,
            cookingtime: 200,
        },
        "warped_pressure_plate": Recipes {
            type: "minecraft:crafting_shaped",
            category: "redstone",
            group: "wooden_pressure_plate",
            key: {
                "#": Result {
                    item: "minecraft:warped_planks",
                },
            },
            pattern: [
                "##",
            ],
            result: Result {
                item: "minecraft:warped_pressure_plate",
            },
            show_notification: true,
        },
        "diamond_from_blasting_deepslate_diamond_ore": Recipes {
            type: "minecraft:blasting",
            category: "misc",
            group: "diamond",
            result: minecraft:diamond,
            experience: 1.0,
            cookingtime: 100,
        },
        "prismarine_brick_stairs": Recipes {
            type: "minecraft:crafting_shaped",
            category: "building",
            key: {
                "#": Result {
                    item: "minecraft:prismarine_bricks",
                },
            },
            pattern: [
                "#  ",
                "## ",
                "###",
            ],
            result: Result {
                count: 4,
                item: "minecraft:prismarine_brick_stairs",
            },
            show_notification: true,
        },
        "conduit": Recipes {
            type: "minecraft:crafting_shaped",
            category: "misc",
            key: {
                "X": Result {
                    item: "minecraft:heart_of_the_sea",
                },
                "#": Result {
                    item: "minecraft:nautilus_shell",
                },
            },
            pattern: [
                "###",
                "#X#",
                "###",
            ],
            result: Result {
                item: "minecraft:conduit",
            },
            show_notification: true,
        },
        "spruce_door": Recipes {
            type: "minecraft:crafting_shaped",
            category: "redstone",
            group: "wooden_door",
            key: {
                "#": Result {
                    item: "minecraft:spruce_planks",
                },
            },
            pattern: [
                "##",
                "##",
                "##",
            ],
            result: Result {
                count: 3,
                item: "minecraft:spruce_door",
            },
            show_notification: true,
        },
        "mud_bricks": Recipes {
            type: "minecraft:crafting_shaped",
            category: "building",
            key: {
                "#": Result {
                    item: "minecraft:packed_mud",
                },
            },
            pattern: [
                "##",
                "##",
            ],
            result: Result {
                count: 4,
                item: "minecraft:mud_bricks",
            },
            show_notification: true,
        },
        "cobblestone_slab": Recipes {
            type: "minecraft:crafting_shaped",
            category: "building",
            key: {
                "#": Result {
                    item: "minecraft:cobblestone",
                },
            },
            pattern: [
                "###",
            ],
            result: Result {
                count: 6,
                item: "minecraft:cobblestone_slab",
            },
            show_notification: true,
        },
        "cyan_bed": Recipes {
            type: "minecraft:crafting_shaped",
            category: "misc",
            group: "bed",
            key: {
                "X": Result {
                    item: "minecraft:planks",
                },
                "#": Result {
                    item: "minecraft:cyan_wool",
                },
            },
            pattern: [
                "###",
                "XXX",
            ],
            result: Result {
                item: "minecraft:cyan_bed",
            },
            show_notification: true,
        },
        "netherite_pickaxe_smithing": Recipes {
            type: "minecraft:smithing",
            result: Result {
                item: "minecraft:netherite_pickaxe",
            },
        },
        "polished_blackstone_brick_wall_from_blackstone_stonecutting": Recipes {
            type: "minecraft:stonecutting",
            result: minecraft:polished_blackstone_brick_wall,
        },
        "prismarine_slab_from_prismarine_stonecutting": Recipes {
            type: "minecraft:stonecutting",
            result: minecraft:prismarine_slab,
        },
        "brown_stained_glass_pane_from_glass_pane": Recipes {
            type: "minecraft:crafting_shaped",
            category: "misc",
            group: "stained_glass_pane",
            key: {
                "$": Result {
                    item: "minecraft:brown_dye",
                },
                "#": Result {
                    item: "minecraft:glass_pane",
                },
            },
            pattern: [
                "###",
                "#$#",
                "###",
            ],
            result: Result {
                count: 8,
                item: "minecraft:brown_stained_glass_pane",
            },
            show_notification: true,
        },
        "polished_blackstone_wall_from_polished_blackstone_stonecutting": Recipes {
            type: "minecraft:stonecutting",
            result: minecraft:polished_blackstone_wall,
        },
        "painting": Recipes {
            type: "minecraft:crafting_shaped",
            category: "misc",
            key: {
                "#": Result {
                    item: "minecraft:stick",
                },
                "X": Result {
                    item: "minecraft:wool",
                },
            },
            pattern: [
                "###",
                "#X#",
                "###",
            ],
            result: Result {
                item: "minecraft:painting",
            },
            show_notification: true,
        },
        "leather_chestplate": Recipes {
            type: "minecraft:crafting_shaped",
            category: "equipment",
            key: {
                "X": Result {
                    item: "minecraft:leather",
                },
            },
            pattern: [
                "X X",
                "XXX",
                "XXX",
            ],
            result: Result {
                item: "minecraft:leather_chestplate",
            },
            show_notification: true,
        },
        "quartz_bricks": Recipes {
            type: "minecraft:crafting_shaped",
            category: "building",
            key: {
                "#": Result {
                    item: "minecraft:quartz_block",
                },
            },
            pattern: [
                "##",
                "##",
            ],
            result: Result {
                count: 4,
                item: "minecraft:quartz_bricks",
            },
            show_notification: true,
        },
        "brown_carpet": Recipes {
            type: "minecraft:crafting_shaped",
            category: "misc",
            group: "carpet",
            key: {
                "#": Result {
                    item: "minecraft:brown_wool",
                },
            },
            pattern: [
                "##",
            ],
            result: Result {
                count: 3,
                item: "minecraft:brown_carpet",
            },
            show_notification: true,
        },
        "red_nether_bricks": Recipes {
            type: "minecraft:crafting_shaped",
            category: "building",
            key: {
                "W": Result {
                    item: "minecraft:nether_wart",
                },
                "N": Result {
                    item: "minecraft:nether_brick",
                },
            },
            pattern: [
                "NW",
                "WN",
            ],
            result: Result {
                item: "minecraft:red_nether_bricks",
            },
            show_notification: true,
        },
        "diamond": Recipes {
            type: "minecraft:crafting_shapeless",
            category: "misc",
            ingredients: [
                Result {
                    item: "minecraft:diamond_block",
                },
            ],
            result: Result {
                count: 9,
                item: "minecraft:diamond",
            },
        },
        "dropper": Recipes {
            type: "minecraft:crafting_shaped",
            category: "redstone",
            key: {
                "#": Result {
                    item: "minecraft:cobblestone",
                },
                "R": Result {
                    item: "minecraft:redstone",
                },
            },
            pattern: [
                "###",
                "# #",
                "#R#",
            ],
            result: Result {
                item: "minecraft:dropper",
            },
            show_notification: true,
        },
        "hopper": Recipes {
            type: "minecraft:crafting_shaped",
            category: "redstone",
            key: {
                "C": Result {
                    item: "minecraft:chest",
                },
                "I": Result {
                    item: "minecraft:iron_ingot",
                },
            },
            pattern: [
                "I I",
                "ICI",
                " I ",
            ],
            result: Result {
                item: "minecraft:hopper",
            },
            show_notification: true,
        },
        "stone_sword": Recipes {
            type: "minecraft:crafting_shaped",
            category: "equipment",
            key: {
                "#": Result {
                    item: "minecraft:stick",
                },
                "X": Result {
                    item: "minecraft:stone_tool_materials",
                },
            },
            pattern: [
                "X",
                "X",
                "#",
            ],
            result: Result {
                item: "minecraft:stone_sword",
            },
            show_notification: true,
        },
        "acacia_wood": Recipes {
            type: "minecraft:crafting_shaped",
            category: "building",
            group: "bark",
            key: {
                "#": Result {
                    item: "minecraft:acacia_log",
                },
            },
            pattern: [
                "##",
                "##",
            ],
            result: Result {
                count: 3,
                item: "minecraft:acacia_wood",
            },
            show_notification: true,
        },
        "pink_dye_from_pink_tulip": Recipes {
            type: "minecraft:crafting_shapeless",
            category: "misc",
            group: "pink_dye",
            ingredients: [
                Result {
                    item: "minecraft:pink_tulip",
                },
            ],
            result: Result {
                item: "minecraft:pink_dye",
            },
        },
        "wooden_shovel": Recipes {
            type: "minecraft:crafting_shaped",
            category: "equipment",
            key: {
                "#": Result {
                    item: "minecraft:stick",
                },
                "X": Result {
                    item: "minecraft:planks",
                },
            },
            pattern: [
                "X",
                "#",
                "#",
            ],
            result: Result {
                item: "minecraft:wooden_shovel",
            },
            show_notification: true,
        },
        "magenta_concrete_powder": Recipes {
            type: "minecraft:crafting_shapeless",
            category: "building",
            group: "concrete_powder",
            ingredients: [
                Result {
                    item: "minecraft:magenta_dye",
                },
                Result {
                    item: "minecraft:sand",
                },
                Result {
                    item: "minecraft:sand",
                },
                Result {
                    item: "minecraft:sand",
                },
                Result {
                    item: "minecraft:sand",
                },
                Result {
                    item: "minecraft:gravel",
                },
                Result {
                    item: "minecraft:gravel",
                },
                Result {
                    item: "minecraft:gravel",
                },
                Result {
                    item: "minecraft:gravel",
                },
            ],
            result: Result {
                count: 8,
                item: "minecraft:magenta_concrete_powder",
            },
        },
        "note_block": Recipes {
            type: "minecraft:crafting_shaped",
            category: "redstone",
            key: {
                "#": Result {
                    item: "minecraft:planks",
                },
                "X": Result {
                    item: "minecraft:redstone",
                },
            },
            pattern: [
                "###",
                "#X#",
                "###",
            ],
            result: Result {
                item: "minecraft:note_block",
            },
            show_notification: true,
        },
        "firework_rocket": Recipes {
            type: "minecraft:crafting_special_firework_rocket",
            category: "misc",
        },
        "slime_block": Recipes {
            type: "minecraft:crafting_shaped",
            category: "redstone",
            key: {
                "#": Result {
                    item: "minecraft:slime_ball",
                },
            },
            pattern: [
                "###",
                "###",
                "###",
            ],
            result: Result {
                item: "minecraft:slime_block",
            },
            show_notification: true,
        },
        "sandstone_stairs_from_sandstone_stonecutting": Recipes {
            type: "minecraft:stonecutting",
            result: minecraft:sandstone_stairs,
        },
        "deepslate_tiles": Recipes {
            type: "minecraft:crafting_shaped",
            category: "building",
            key: {
                "S": Result {
                    item: "minecraft:deepslate_bricks",
                },
            },
            pattern: [
                "SS",
                "SS",
            ],
            result: Result {
                count: 4,
                item: "minecraft:deepslate_tiles",
            },
            show_notification: true,
        },
        "light_gray_terracotta": Recipes {
            type: "minecraft:crafting_shaped",
            category: "building",
            group: "stained_terracotta",
            key: {
                "X": Result {
                    item: "minecraft:light_gray_dye",
                },
                "#": Result {
                    item: "minecraft:terracotta",
                },
            },
            pattern: [
                "###",
                "#X#",
                "###",
            ],
            result: Result {
                count: 8,
                item: "minecraft:light_gray_terracotta",
            },
            show_notification: true,
        },
        "warped_sign": Recipes {
            type: "minecraft:crafting_shaped",
            category: "misc",
            group: "wooden_sign",
            key: {
                "X": Result {
                    item: "minecraft:stick",
                },
                "#": Result {
                    item: "minecraft:warped_planks",
                },
            },
            pattern: [
                "###",
                "###",
                " X ",
            ],
            result: Result {
                count: 3,
                item: "minecraft:warped_sign",
            },
            show_notification: true,
        },
        "light_blue_carpet_from_white_carpet": Recipes {
            type: "minecraft:crafting_shaped",
            category: "misc",
            group: "carpet",
            key: {
                "#": Result {
                    item: "minecraft:white_carpet",
                },
                "$": Result {
                    item: "minecraft:light_blue_dye",
                },
            },
            pattern: [
                "###",
                "#$#",
                "###",
            ],
            result: Result {
                count: 8,
                item: "minecraft:light_blue_carpet",
            },
            show_notification: true,
        },
        "smooth_stone_slab_from_smooth_stone_stonecutting": Recipes {
            type: "minecraft:stonecutting",
            result: minecraft:smooth_stone_slab,
        },
        "mud_brick_slab_from_mud_bricks_stonecutting": Recipes {
            type: "minecraft:stonecutting",
            result: minecraft:mud_brick_slab,
        },
        "dried_kelp_block": Recipes {
            type: "minecraft:crafting_shaped",
            category: "building",
            key: {
                "#": Result {
                    item: "minecraft:dried_kelp",
                },
            },
            pattern: [
                "###",
                "###",
                "###",
            ],
            result: Result {
                item: "minecraft:dried_kelp_block",
            },
            show_notification: true,
        },
        "golden_shovel": Recipes {
            type: "minecraft:crafting_shaped",
            category: "equipment",
            key: {
                "#": Result {
                    item: "minecraft:stick",
                },
                "X": Result {
                    item: "minecraft:gold_ingot",
                },
            },
            pattern: [
                "X",
                "#",
                "#",
            ],
            result: Result {
                item: "minecraft:golden_shovel",
            },
            show_notification: true,
        },
        "tnt": Recipes {
            type: "minecraft:crafting_shaped",
            category: "redstone",
            key: {
                "#": [
                    Result {
                        item: "minecraft:sand",
                    },
                    Result {
                        item: "minecraft:red_sand",
                    },
                ],
                "X": Result {
                    item: "minecraft:gunpowder",
                },
            },
            pattern: [
                "X#X",
                "#X#",
                "X#X",
            ],
            result: Result {
                item: "minecraft:tnt",
            },
            show_notification: true,
        },
        "red_wool": Recipes {
            type: "minecraft:crafting_shapeless",
            category: "building",
            group: "wool",
            ingredients: [
                Result {
                    item: "minecraft:red_dye",
                },
                Result {
                    item: "minecraft:white_wool",
                },
            ],
            result: Result {
                item: "minecraft:red_wool",
            },
        },
        "orange_concrete_powder": Recipes {
            type: "minecraft:crafting_shapeless",
            category: "building",
            group: "concrete_powder",
            ingredients: [
                Result {
                    item: "minecraft:orange_dye",
                },
                Result {
                    item: "minecraft:sand",
                },
                Result {
                    item: "minecraft:sand",
                },
                Result {
                    item: "minecraft:sand",
                },
                Result {
                    item: "minecraft:sand",
                },
                Result {
                    item: "minecraft:gravel",
                },
                Result {
                    item: "minecraft:gravel",
                },
                Result {
                    item: "minecraft:gravel",
                },
                Result {
                    item: "minecraft:gravel",
                },
            ],
            result: Result {
                count: 8,
                item: "minecraft:orange_concrete_powder",
            },
        },
        "mossy_cobblestone_stairs": Recipes {
            type: "minecraft:crafting_shaped",
            category: "building",
            key: {
                "#": Result {
                    item: "minecraft:mossy_cobblestone",
                },
            },
            pattern: [
                "#  ",
                "## ",
                "###",
            ],
            result: Result {
                count: 4,
                item: "minecraft:mossy_cobblestone_stairs",
            },
            show_notification: true,
        },
        "oak_fence_gate": Recipes {
            type: "minecraft:crafting_shaped",
            category: "redstone",
            group: "wooden_fence_gate",
            key: {
                "W": Result {
                    item: "minecraft:oak_planks",
                },
                "#": Result {
                    item: "minecraft:stick",
                },
            },
            pattern: [
                "#W#",
                "#W#",
            ],
            result: Result {
                item: "minecraft:oak_fence_gate",
            },
            show_notification: true,
        },
        "magenta_dye_from_purple_and_pink": Recipes {
            type: "minecraft:crafting_shapeless",
            category: "misc",
            group: "magenta_dye",
            ingredients: [
                Result {
                    item: "minecraft:purple_dye",
                },
                Result {
                    item: "minecraft:pink_dye",
                },
            ],
            result: Result {
                count: 2,
                item: "minecraft:magenta_dye",
            },
        },
        "waxed_oxidized_copper_from_honeycomb": Recipes {
            type: "minecraft:crafting_shapeless",
            category: "building",
            group: "waxed_oxidized_copper",
            ingredients: [
                Result {
                    item: "minecraft:oxidized_copper",
                },
                Result {
                    item: "minecraft:honeycomb",
                },
            ],
            result: Result {
                item: "minecraft:waxed_oxidized_copper",
            },
        },
        "stone_pressure_plate": Recipes {
            type: "minecraft:crafting_shaped",
            category: "redstone",
            key: {
                "#": Result {
                    item: "minecraft:stone",
                },
            },
            pattern: [
                "##",
            ],
            result: Result {
                item: "minecraft:stone_pressure_plate",
            },
            show_notification: true,
        },
        "waxed_weathered_cut_copper_from_honeycomb": Recipes {
            type: "minecraft:crafting_shapeless",
            category: "building",
            group: "waxed_weathered_cut_copper",
            ingredients: [
                Result {
                    item: "minecraft:weathered_cut_copper",
                },
                Result {
                    item: "minecraft:honeycomb",
                },
            ],
            result: Result {
                item: "minecraft:waxed_weathered_cut_copper",
            },
        },
        "purpur_pillar": Recipes {
            type: "minecraft:crafting_shaped",
            category: "building",
            key: {
                "#": Result {
                    item: "minecraft:purpur_slab",
                },
            },
            pattern: [
                "#",
                "#",
            ],
            result: Result {
                item: "minecraft:purpur_pillar",
            },
            show_notification: true,
        },
        "jungle_slab": Recipes {
            type: "minecraft:crafting_shaped",
            category: "building",
            group: "wooden_slab",
            key: {
                "#": Result {
                    item: "minecraft:jungle_planks",
                },
            },
            pattern: [
                "###",
            ],
            result: Result {
                count: 6,
                item: "minecraft:jungle_slab",
            },
            show_notification: true,
        },
        "magenta_candle": Recipes {
            type: "minecraft:crafting_shapeless",
            category: "misc",
            group: "dyed_candle",
            ingredients: [
                Result {
                    item: "minecraft:candle",
                },
                Result {
                    item: "minecraft:magenta_dye",
                },
            ],
            result: Result {
                item: "minecraft:magenta_candle",
            },
        },
        "stone_brick_stairs_from_stone_bricks_stonecutting": Recipes {
            type: "minecraft:stonecutting",
            result: minecraft:stone_brick_stairs,
        },
        "warped_fence_gate": Recipes {
            type: "minecraft:crafting_shaped",
            category: "redstone",
            group: "wooden_fence_gate",
            key: {
                "#": Result {
                    item: "minecraft:stick",
                },
                "W": Result {
                    item: "minecraft:warped_planks",
                },
            },
            pattern: [
                "#W#",
                "#W#",
            ],
            result: Result {
                item: "minecraft:warped_fence_gate",
            },
            show_notification: true,
        },
        "stone_brick_wall_from_stone_bricks_stonecutting": Recipes {
            type: "minecraft:stonecutting",
            result: minecraft:stone_brick_wall,
        },
        "polished_granite_from_granite_stonecutting": Recipes {
            type: "minecraft:stonecutting",
            result: minecraft:polished_granite,
        },
        "cooked_salmon_from_campfire_cooking": Recipes {
            type: "minecraft:campfire_cooking",
            category: "food",
            result: minecraft:cooked_salmon,
            experience: 0.35,
            cookingtime: 600,
        },
        "black_terracotta": Recipes {
            type: "minecraft:crafting_shaped",
            category: "building",
            group: "stained_terracotta",
            key: {
                "#": Result {
                    item: "minecraft:terracotta",
                },
                "X": Result {
                    item: "minecraft:black_dye",
                },
            },
            pattern: [
                "###",
                "#X#",
                "###",
            ],
            result: Result {
                count: 8,
                item: "minecraft:black_terracotta",
            },
            show_notification: true,
        },
        "green_bed_from_white_bed": Recipes {
            type: "minecraft:crafting_shapeless",
            category: "misc",
            group: "dyed_bed",
            ingredients: [
                Result {
                    item: "minecraft:white_bed",
                },
                Result {
                    item: "minecraft:green_dye",
                },
            ],
            result: Result {
                item: "minecraft:green_bed",
            },
        },
        "firework_star": Recipes {
            type: "minecraft:crafting_special_firework_star",
            category: "misc",
        },
        "blue_dye_from_cornflower": Recipes {
            type: "minecraft:crafting_shapeless",
            category: "misc",
            group: "blue_dye",
            ingredients: [
                Result {
                    item: "minecraft:cornflower",
                },
            ],
            result: Result {
                item: "minecraft:blue_dye",
            },
        },
        "black_bed": Recipes {
            type: "minecraft:crafting_shaped",
            category: "misc",
            group: "bed",
            key: {
                "X": Result {
                    item: "minecraft:planks",
                },
                "#": Result {
                    item: "minecraft:black_wool",
                },
            },
            pattern: [
                "###",
                "XXX",
            ],
            result: Result {
                item: "minecraft:black_bed",
            },
            show_notification: true,
        },
        "brick_slab_from_bricks_stonecutting": Recipes {
            type: "minecraft:stonecutting",
            result: minecraft:brick_slab,
        },
        "furnace_minecart": Recipes {
            type: "minecraft:crafting_shapeless",
            category: "misc",
            ingredients: [
                Result {
                    item: "minecraft:furnace",
                },
                Result {
                    item: "minecraft:minecart",
                },
            ],
            result: Result {
                item: "minecraft:furnace_minecart",
            },
        },
        "polished_blackstone_stairs_from_blackstone_stonecutting": Recipes {
            type: "minecraft:stonecutting",
            result: minecraft:polished_blackstone_stairs,
        },
        "purple_stained_glass_pane": Recipes {
            type: "minecraft:crafting_shaped",
            category: "misc",
            group: "stained_glass_pane",
            key: {
                "#": Result {
                    item: "minecraft:purple_stained_glass",
                },
            },
            pattern: [
                "###",
                "###",
            ],
            result: Result {
                count: 16,
                item: "minecraft:purple_stained_glass_pane",
            },
            show_notification: true,
        },
        "stick": Recipes {
            type: "minecraft:crafting_shaped",
            category: "misc",
            group: "sticks",
            key: {
                "#": Result {
                    item: "minecraft:planks",
                },
            },
            pattern: [
                "#",
                "#",
            ],
            result: Result {
                count: 4,
                item: "minecraft:stick",
            },
            show_notification: true,
        },
        "oxidized_cut_copper_slab": Recipes {
            type: "minecraft:crafting_shaped",
            category: "building",
            key: {
                "#": Result {
                    item: "minecraft:oxidized_cut_copper",
                },
            },
            pattern: [
                "###",
            ],
            result: Result {
                count: 6,
                item: "minecraft:oxidized_cut_copper_slab",
            },
            show_notification: true,
        },
        "purpur_slab": Recipes {
            type: "minecraft:crafting_shaped",
            category: "building",
            key: {
                "#": [
                    Result {
                        item: "minecraft:purpur_block",
                    },
                    Result {
                        item: "minecraft:purpur_pillar",
                    },
                ],
            },
            pattern: [
                "###",
            ],
            result: Result {
                count: 6,
                item: "minecraft:purpur_slab",
            },
            show_notification: true,
        },
        "copper_ingot": Recipes {
            type: "minecraft:crafting_shapeless",
            category: "misc",
            group: "copper_ingot",
            ingredients: [
                Result {
                    item: "minecraft:copper_block",
                },
            ],
            result: Result {
                count: 9,
                item: "minecraft:copper_ingot",
            },
        },
        "stripped_birch_wood": Recipes {
            type: "minecraft:crafting_shaped",
            category: "building",
            group: "bark",
            key: {
                "#": Result {
                    item: "minecraft:stripped_birch_log",
                },
            },
            pattern: [
                "##",
                "##",
            ],
            result: Result {
                count: 3,
                item: "minecraft:stripped_birch_wood",
            },
            show_notification: true,
        },
        "gold_ingot_from_smelting_raw_gold": Recipes {
            type: "minecraft:smelting",
            category: "misc",
            group: "gold_ingot",
            result: minecraft:gold_ingot,
            experience: 1.0,
            cookingtime: 200,
        },
        "iron_ingot_from_blasting_iron_ore": Recipes {
            type: "minecraft:blasting",
            category: "misc",
            group: "iron_ingot",
            result: minecraft:iron_ingot,
            experience: 0.7,
            cookingtime: 100,
        },
        "netherite_scrap": Recipes {
            type: "minecraft:smelting",
            category: "misc",
            result: minecraft:netherite_scrap,
            experience: 2.0,
            cookingtime: 200,
        },
        "cobbled_deepslate_slab": Recipes {
            type: "minecraft:crafting_shaped",
            category: "building",
            key: {
                "#": Result {
                    item: "minecraft:cobbled_deepslate",
                },
            },
            pattern: [
                "###",
            ],
            result: Result {
                count: 6,
                item: "minecraft:cobbled_deepslate_slab",
            },
            show_notification: true,
        },
        "deepslate_brick_stairs_from_cobbled_deepslate_stonecutting": Recipes {
            type: "minecraft:stonecutting",
            result: minecraft:deepslate_brick_stairs,
        },
        "lectern": Recipes {
            type: "minecraft:crafting_shaped",
            category: "redstone",
            key: {
                "B": Result {
                    item: "minecraft:bookshelf",
                },
                "S": Result {
                    item: "minecraft:wooden_slabs",
                },
            },
            pattern: [
                "SSS",
                " B ",
                " S ",
            ],
            result: Result {
                item: "minecraft:lectern",
            },
            show_notification: true,
        },
        "polished_blackstone_brick_stairs_from_polished_blackstone_stonecutting": Recipes {
            type: "minecraft:stonecutting",
            result: minecraft:polished_blackstone_brick_stairs,
        },
        "netherite_chestplate_smithing": Recipes {
            type: "minecraft:smithing",
            result: Result {
                item: "minecraft:netherite_chestplate",
            },
        },
        "cooked_salmon": Recipes {
            type: "minecraft:smelting",
            category: "food",
            result: minecraft:cooked_salmon,
            experience: 0.35,
            cookingtime: 200,
        },
        "purple_banner": Recipes {
            type: "minecraft:crafting_shaped",
            category: "misc",
            group: "banner",
            key: {
                "|": Result {
                    item: "minecraft:stick",
                },
                "#": Result {
                    item: "minecraft:purple_wool",
                },
            },
            pattern: [
                "###",
                "###",
                " | ",
            ],
            result: Result {
                item: "minecraft:purple_banner",
            },
            show_notification: true,
        },
        "diorite_wall": Recipes {
            type: "minecraft:crafting_shaped",
            category: "misc",
            key: {
                "#": Result {
                    item: "minecraft:diorite",
                },
            },
            pattern: [
                "###",
                "###",
            ],
            result: Result {
                count: 6,
                item: "minecraft:diorite_wall",
            },
            show_notification: true,
        },
        "black_stained_glass_pane": Recipes {
            type: "minecraft:crafting_shaped",
            category: "misc",
            group: "stained_glass_pane",
            key: {
                "#": Result {
                    item: "minecraft:black_stained_glass",
                },
            },
            pattern: [
                "###",
                "###",
            ],
            result: Result {
                count: 16,
                item: "minecraft:black_stained_glass_pane",
            },
            show_notification: true,
        },
        "granite": Recipes {
            type: "minecraft:crafting_shapeless",
            category: "building",
            ingredients: [
                Result {
                    item: "minecraft:diorite",
                },
                Result {
                    item: "minecraft:quartz",
                },
            ],
            result: Result {
                item: "minecraft:granite",
            },
        },
        "cyan_bed_from_white_bed": Recipes {
            type: "minecraft:crafting_shapeless",
            category: "misc",
            group: "dyed_bed",
            ingredients: [
                Result {
                    item: "minecraft:white_bed",
                },
                Result {
                    item: "minecraft:cyan_dye",
                },
            ],
            result: Result {
                item: "minecraft:cyan_bed",
            },
        },
        "yellow_candle": Recipes {
            type: "minecraft:crafting_shapeless",
            category: "misc",
            group: "dyed_candle",
            ingredients: [
                Result {
                    item: "minecraft:candle",
                },
                Result {
                    item: "minecraft:yellow_dye",
                },
            ],
            result: Result {
                item: "minecraft:yellow_candle",
            },
        },
        "birch_door": Recipes {
            type: "minecraft:crafting_shaped",
            category: "redstone",
            group: "wooden_door",
            key: {
                "#": Result {
                    item: "minecraft:birch_planks",
                },
            },
            pattern: [
                "##",
                "##",
                "##",
            ],
            result: Result {
                count: 3,
                item: "minecraft:birch_door",
            },
            show_notification: true,
        },
        "bookshelf": Recipes {
            type: "minecraft:crafting_shaped",
            category: "building",
            key: {
                "#": Result {
                    item: "minecraft:planks",
                },
                "X": Result {
                    item: "minecraft:book",
                },
            },
            pattern: [
                "###",
                "XXX",
                "###",
            ],
            result: Result {
                item: "minecraft:bookshelf",
            },
            show_notification: true,
        },
        "pink_dye_from_red_white_dye": Recipes {
            type: "minecraft:crafting_shapeless",
            category: "misc",
            group: "pink_dye",
            ingredients: [
                Result {
                    item: "minecraft:red_dye",
                },
                Result {
                    item: "minecraft:white_dye",
                },
            ],
            result: Result {
                count: 2,
                item: "minecraft:pink_dye",
            },
        },
        "waxed_oxidized_cut_copper_stairs_from_waxed_oxidized_cut_copper_stonecutting": Recipes {
            type: "minecraft:stonecutting",
            result: minecraft:waxed_oxidized_cut_copper_stairs,
        },
        "spruce_button": Recipes {
            type: "minecraft:crafting_shapeless",
            category: "redstone",
            group: "wooden_button",
            ingredients: [
                Result {
                    item: "minecraft:spruce_planks",
                },
            ],
            result: Result {
                item: "minecraft:spruce_button",
            },
        },
        "pink_glazed_terracotta": Recipes {
            type: "minecraft:smelting",
            category: "blocks",
            result: minecraft:pink_glazed_terracotta,
            experience: 0.1,
            cookingtime: 200,
        },
        "mossy_stone_brick_stairs_from_mossy_stone_brick_stonecutting": Recipes {
            type: "minecraft:stonecutting",
            result: minecraft:mossy_stone_brick_stairs,
        },
        "diorite_wall_from_diorite_stonecutting": Recipes {
            type: "minecraft:stonecutting",
            result: minecraft:diorite_wall,
        },
        "polished_granite_slab_from_granite_stonecutting": Recipes {
            type: "minecraft:stonecutting",
            result: minecraft:polished_granite_slab,
        },
        "pumpkin_pie": Recipes {
            type: "minecraft:crafting_shapeless",
            category: "misc",
            ingredients: [
                Result {
                    item: "minecraft:pumpkin",
                },
                Result {
                    item: "minecraft:sugar",
                },
                Result {
                    item: "minecraft:egg",
                },
            ],
            result: Result {
                item: "minecraft:pumpkin_pie",
            },
        },
        "mangrove_stairs": Recipes {
            type: "minecraft:crafting_shaped",
            category: "building",
            group: "wooden_stairs",
            key: {
                "#": Result {
                    item: "minecraft:mangrove_planks",
                },
            },
            pattern: [
                "#  ",
                "## ",
                "###",
            ],
            result: Result {
                count: 4,
                item: "minecraft:mangrove_stairs",
            },
            show_notification: true,
        },
        "shears": Recipes {
            type: "minecraft:crafting_shaped",
            category: "equipment",
            key: {
                "#": Result {
                    item: "minecraft:iron_ingot",
                },
            },
            pattern: [
                " #",
                "# ",
            ],
            result: Result {
                item: "minecraft:shears",
            },
            show_notification: true,
        },
        "cooked_rabbit_from_campfire_cooking": Recipes {
            type: "minecraft:campfire_cooking",
            category: "food",
            result: minecraft:cooked_rabbit,
            experience: 0.35,
            cookingtime: 600,
        },
        "diamond_block": Recipes {
            type: "minecraft:crafting_shaped",
            category: "building",
            key: {
                "#": Result {
                    item: "minecraft:diamond",
                },
            },
            pattern: [
                "###",
                "###",
                "###",
            ],
            result: Result {
                item: "minecraft:diamond_block",
            },
            show_notification: true,
        },
        "sandstone_slab": Recipes {
            type: "minecraft:crafting_shaped",
            category: "building",
            key: {
                "#": [
                    Result {
                        item: "minecraft:sandstone",
                    },
                    Result {
                        item: "minecraft:chiseled_sandstone",
                    },
                ],
            },
            pattern: [
                "###",
            ],
            result: Result {
                count: 6,
                item: "minecraft:sandstone_slab",
            },
            show_notification: true,
        },
        "gold_ingot_from_blasting_gold_ore": Recipes {
            type: "minecraft:blasting",
            category: "misc",
            group: "gold_ingot",
            result: minecraft:gold_ingot,
            experience: 1.0,
            cookingtime: 100,
        },
        "polished_blackstone_pressure_plate": Recipes {
            type: "minecraft:crafting_shaped",
            category: "redstone",
            key: {
                "#": Result {
                    item: "minecraft:polished_blackstone",
                },
            },
            pattern: [
                "##",
            ],
            result: Result {
                item: "minecraft:polished_blackstone_pressure_plate",
            },
            show_notification: true,
        },
        "dried_kelp_from_campfire_cooking": Recipes {
            type: "minecraft:campfire_cooking",
            category: "food",
            result: minecraft:dried_kelp,
            experience: 0.1,
            cookingtime: 600,
        },
        "magenta_dye_from_blue_red_pink": Recipes {
            type: "minecraft:crafting_shapeless",
            category: "misc",
            group: "magenta_dye",
            ingredients: [
                Result {
                    item: "minecraft:blue_dye",
                },
                Result {
                    item: "minecraft:red_dye",
                },
                Result {
                    item: "minecraft:pink_dye",
                },
            ],
            result: Result {
                count: 3,
                item: "minecraft:magenta_dye",
            },
        },
        "gray_terracotta": Recipes {
            type: "minecraft:crafting_shaped",
            category: "building",
            group: "stained_terracotta",
            key: {
                "X": Result {
                    item: "minecraft:gray_dye",
                },
                "#": Result {
                    item: "minecraft:terracotta",
                },
            },
            pattern: [
                "###",
                "#X#",
                "###",
            ],
            result: Result {
                count: 8,
                item: "minecraft:gray_terracotta",
            },
            show_notification: true,
        },
        "magenta_banner": Recipes {
            type: "minecraft:crafting_shaped",
            category: "misc",
            group: "banner",
            key: {
                "#": Result {
                    item: "minecraft:magenta_wool",
                },
                "|": Result {
                    item: "minecraft:stick",
                },
            },
            pattern: [
                "###",
                "###",
                " | ",
            ],
            result: Result {
                item: "minecraft:magenta_banner",
            },
            show_notification: true,
        },
        "polished_andesite_slab_from_andesite_stonecutting": Recipes {
            type: "minecraft:stonecutting",
            result: minecraft:polished_andesite_slab,
        },
        "deepslate_brick_stairs": Recipes {
            type: "minecraft:crafting_shaped",
            category: "building",
            key: {
                "#": Result {
                    item: "minecraft:deepslate_bricks",
                },
            },
            pattern: [
                "#  ",
                "## ",
                "###",
            ],
            result: Result {
                count: 4,
                item: "minecraft:deepslate_brick_stairs",
            },
            show_notification: true,
        },
        "polished_blackstone_stairs": Recipes {
            type: "minecraft:crafting_shaped",
            category: "building",
            key: {
                "#": Result {
                    item: "minecraft:polished_blackstone",
                },
            },
            pattern: [
                "#  ",
                "## ",
                "###",
            ],
            result: Result {
                count: 4,
                item: "minecraft:polished_blackstone_stairs",
            },
            show_notification: true,
        },
        "waxed_weathered_cut_copper_stairs_from_waxed_weathered_copper_stonecutting": Recipes {
            type: "minecraft:stonecutting",
            result: minecraft:waxed_weathered_cut_copper_stairs,
        },
        "polished_andesite_stairs_from_andesite_stonecutting": Recipes {
            type: "minecraft:stonecutting",
            result: minecraft:polished_andesite_stairs,
        },
        "polished_blackstone_bricks": Recipes {
            type: "minecraft:crafting_shaped",
            category: "building",
            key: {
                "S": Result {
                    item: "minecraft:polished_blackstone",
                },
            },
            pattern: [
                "SS",
                "SS",
            ],
            result: Result {
                count: 4,
                item: "minecraft:polished_blackstone_bricks",
            },
            show_notification: true,
        },
        "mossy_cobblestone_wall_from_mossy_cobblestone_stonecutting": Recipes {
            type: "minecraft:stonecutting",
            result: minecraft:mossy_cobblestone_wall,
        },
        "light_gray_candle": Recipes {
            type: "minecraft:crafting_shapeless",
            category: "misc",
            group: "dyed_candle",
            ingredients: [
                Result {
                    item: "minecraft:candle",
                },
                Result {
                    item: "minecraft:light_gray_dye",
                },
            ],
            result: Result {
                item: "minecraft:light_gray_candle",
            },
        },
        "black_glazed_terracotta": Recipes {
            type: "minecraft:smelting",
            category: "blocks",
            result: minecraft:black_glazed_terracotta,
            experience: 0.1,
            cookingtime: 200,
        },
        "quartz_stairs": Recipes {
            type: "minecraft:crafting_shaped",
            category: "building",
            key: {
                "#": [
                    Result {
                        item: "minecraft:chiseled_quartz_block",
                    },
                    Result {
                        item: "minecraft:quartz_block",
                    },
                    Result {
                        item: "minecraft:quartz_pillar",
                    },
                ],
            },
            pattern: [
                "#  ",
                "## ",
                "###",
            ],
            result: Result {
                count: 4,
                item: "minecraft:quartz_stairs",
            },
            show_notification: true,
        },
        "chiseled_deepslate_from_cobbled_deepslate_stonecutting": Recipes {
            type: "minecraft:stonecutting",
            result: minecraft:chiseled_deepslate,
        },
        "diamond_helmet": Recipes {
            type: "minecraft:crafting_shaped",
            category: "equipment",
            key: {
                "X": Result {
                    item: "minecraft:diamond",
                },
            },
            pattern: [
                "XXX",
                "X X",
            ],
            result: Result {
                item: "minecraft:diamond_helmet",
            },
            show_notification: true,
        },
        "yellow_wool": Recipes {
            type: "minecraft:crafting_shapeless",
            category: "building",
            group: "wool",
            ingredients: [
                Result {
                    item: "minecraft:yellow_dye",
                },
                Result {
                    item: "minecraft:white_wool",
                },
            ],
            result: Result {
                item: "minecraft:yellow_wool",
            },
        },
        "redstone_lamp": Recipes {
            type: "minecraft:crafting_shaped",
            category: "redstone",
            key: {
                "R": Result {
                    item: "minecraft:redstone",
                },
                "G": Result {
                    item: "minecraft:glowstone",
                },
            },
            pattern: [
                " R ",
                "RGR",
                " R ",
            ],
            result: Result {
                item: "minecraft:redstone_lamp",
            },
            show_notification: true,
        },
        "granite_stairs_from_granite_stonecutting": Recipes {
            type: "minecraft:stonecutting",
            result: minecraft:granite_stairs,
        },
        "jukebox": Recipes {
            type: "minecraft:crafting_shaped",
            category: "misc",
            key: {
                "X": Result {
                    item: "minecraft:diamond",
                },
                "#": Result {
                    item: "minecraft:planks",
                },
            },
            pattern: [
                "###",
                "#X#",
                "###",
            ],
            result: Result {
                item: "minecraft:jukebox",
            },
            show_notification: true,
        },
        "light_gray_glazed_terracotta": Recipes {
            type: "minecraft:smelting",
            category: "blocks",
            result: minecraft:light_gray_glazed_terracotta,
            experience: 0.1,
            cookingtime: 200,
        },
        "dark_oak_planks": Recipes {
            type: "minecraft:crafting_shapeless",
            category: "building",
            group: "planks",
            ingredients: [
                Result {
                    item: "minecraft:dark_oak_logs",
                },
            ],
            result: Result {
                count: 4,
                item: "minecraft:dark_oak_planks",
            },
        },
        "suspicious_stew": Recipes {
            type: "minecraft:crafting_special_suspiciousstew",
            category: "misc",
        },
        "polished_blackstone_brick_wall_from_polished_blackstone_stonecutting": Recipes {
            type: "minecraft:stonecutting",
            result: minecraft:polished_blackstone_brick_wall,
        },
        "crossbow": Recipes {
            type: "minecraft:crafting_shaped",
            category: "equipment",
            key: {
                "#": Result {
                    item: "minecraft:stick",
                },
                "$": Result {
                    item: "minecraft:tripwire_hook",
                },
                "&": Result {
                    item: "minecraft:iron_ingot",
                },
                "~": Result {
                    item: "minecraft:string",
                },
            },
            pattern: [
                "#&#",
                "~$~",
                " # ",
            ],
            result: Result {
                item: "minecraft:crossbow",
            },
            show_notification: true,
        },
        "light_blue_stained_glass_pane": Recipes {
            type: "minecraft:crafting_shaped",
            category: "misc",
            group: "stained_glass_pane",
            key: {
                "#": Result {
                    item: "minecraft:light_blue_stained_glass",
                },
            },
            pattern: [
                "###",
                "###",
            ],
            result: Result {
                count: 16,
                item: "minecraft:light_blue_stained_glass_pane",
            },
            show_notification: true,
        },
        "copper_ingot_from_blasting_deepslate_copper_ore": Recipes {
            type: "minecraft:blasting",
            category: "misc",
            group: "copper_ingot",
            result: minecraft:copper_ingot,
            experience: 0.7,
            cookingtime: 100,
        },
        "prismarine": Recipes {
            type: "minecraft:crafting_shaped",
            category: "building",
            key: {
                "#": Result {
                    item: "minecraft:prismarine_shard",
                },
            },
            pattern: [
                "##",
                "##",
            ],
            result: Result {
                item: "minecraft:prismarine",
            },
            show_notification: true,
        },
        "book_cloning": Recipes {
            type: "minecraft:crafting_special_bookcloning",
            category: "misc",
        },
        "iron_pickaxe": Recipes {
            type: "minecraft:crafting_shaped",
            category: "equipment",
            key: {
                "#": Result {
                    item: "minecraft:stick",
                },
                "X": Result {
                    item: "minecraft:iron_ingot",
                },
            },
            pattern: [
                "XXX",
                " # ",
                " # ",
            ],
            result: Result {
                item: "minecraft:iron_pickaxe",
            },
            show_notification: true,
        },
        "acacia_planks": Recipes {
            type: "minecraft:crafting_shapeless",
            category: "building",
            group: "planks",
            ingredients: [
                Result {
                    item: "minecraft:acacia_logs",
                },
            ],
            result: Result {
                count: 4,
                item: "minecraft:acacia_planks",
            },
        },
        "stone_axe": Recipes {
            type: "minecraft:crafting_shaped",
            category: "equipment",
            key: {
                "X": Result {
                    item: "minecraft:stone_tool_materials",
                },
                "#": Result {
                    item: "minecraft:stick",
                },
            },
            pattern: [
                "XX",
                "X#",
                " #",
            ],
            result: Result {
                item: "minecraft:stone_axe",
            },
            show_notification: true,
        },
        "mud_brick_wall": Recipes {
            type: "minecraft:crafting_shaped",
            category: "misc",
            key: {
                "#": Result {
                    item: "minecraft:mud_bricks",
                },
            },
            pattern: [
                "###",
                "###",
            ],
            result: Result {
                count: 6,
                item: "minecraft:mud_brick_wall",
            },
            show_notification: true,
        },
        "magma_block": Recipes {
            type: "minecraft:crafting_shaped",
            category: "building",
            key: {
                "#": Result {
                    item: "minecraft:magma_cream",
                },
            },
            pattern: [
                "##",
                "##",
            ],
            result: Result {
                item: "minecraft:magma_block",
            },
            show_notification: true,
        },
        "pink_stained_glass_pane": Recipes {
            type: "minecraft:crafting_shaped",
            category: "misc",
            group: "stained_glass_pane",
            key: {
                "#": Result {
                    item: "minecraft:pink_stained_glass",
                },
            },
            pattern: [
                "###",
                "###",
            ],
            result: Result {
                count: 16,
                item: "minecraft:pink_stained_glass_pane",
            },
            show_notification: true,
        },
        "magenta_dye_from_allium": Recipes {
            type: "minecraft:crafting_shapeless",
            category: "misc",
            group: "magenta_dye",
            ingredients: [
                Result {
                    item: "minecraft:allium",
                },
            ],
            result: Result {
                item: "minecraft:magenta_dye",
            },
        },
        "waxed_exposed_cut_copper_from_waxed_exposed_copper_stonecutting": Recipes {
            type: "minecraft:stonecutting",
            result: minecraft:waxed_exposed_cut_copper,
        },
        "cooked_mutton": Recipes {
            type: "minecraft:smelting",
            category: "food",
            result: minecraft:cooked_mutton,
            experience: 0.35,
            cookingtime: 200,
        },
        "oak_door": Recipes {
            type: "minecraft:crafting_shaped",
            category: "redstone",
            group: "wooden_door",
            key: {
                "#": Result {
                    item: "minecraft:oak_planks",
                },
            },
            pattern: [
                "##",
                "##",
                "##",
            ],
            result: Result {
                count: 3,
                item: "minecraft:oak_door",
            },
            show_notification: true,
        },
        "lead": Recipes {
            type: "minecraft:crafting_shaped",
            category: "equipment",
            key: {
                "~": Result {
                    item: "minecraft:string",
                },
                "O": Result {
                    item: "minecraft:slime_ball",
                },
            },
            pattern: [
                "~~ ",
                "~O ",
                "  ~",
            ],
            result: Result {
                count: 2,
                item: "minecraft:lead",
            },
            show_notification: true,
        },
        "light_gray_dye_from_azure_bluet": Recipes {
            type: "minecraft:crafting_shapeless",
            category: "misc",
            group: "light_gray_dye",
            ingredients: [
                Result {
                    item: "minecraft:azure_bluet",
                },
            ],
            result: Result {
                item: "minecraft:light_gray_dye",
            },
        },
        "acacia_stairs": Recipes {
            type: "minecraft:crafting_shaped",
            category: "building",
            group: "wooden_stairs",
            key: {
                "#": Result {
                    item: "minecraft:acacia_planks",
                },
            },
            pattern: [
                "#  ",
                "## ",
                "###",
            ],
            result: Result {
                count: 4,
                item: "minecraft:acacia_stairs",
            },
            show_notification: true,
        },
        "red_sandstone_slab_from_red_sandstone_stonecutting": Recipes {
            type: "minecraft:stonecutting",
            result: minecraft:red_sandstone_slab,
        },
        "brown_carpet_from_white_carpet": Recipes {
            type: "minecraft:crafting_shaped",
            category: "misc",
            group: "carpet",
            key: {
                "$": Result {
                    item: "minecraft:brown_dye",
                },
                "#": Result {
                    item: "minecraft:white_carpet",
                },
            },
            pattern: [
                "###",
                "#$#",
                "###",
            ],
            result: Result {
                count: 8,
                item: "minecraft:brown_carpet",
            },
            show_notification: true,
        },
        "deepslate_tile_wall_from_deepslate_tiles_stonecutting": Recipes {
            type: "minecraft:stonecutting",
            result: minecraft:deepslate_tile_wall,
        },
        "red_glazed_terracotta": Recipes {
            type: "minecraft:smelting",
            category: "blocks",
            result: minecraft:red_glazed_terracotta,
            experience: 0.1,
            cookingtime: 200,
        },
        "mangrove_sign": Recipes {
            type: "minecraft:crafting_shaped",
            category: "misc",
            group: "wooden_sign",
            key: {
                "#": Result {
                    item: "minecraft:mangrove_planks",
                },
                "X": Result {
                    item: "minecraft:stick",
                },
            },
            pattern: [
                "###",
                "###",
                " X ",
            ],
            result: Result {
                count: 3,
                item: "minecraft:mangrove_sign",
            },
            show_notification: true,
        },
        "oak_button": Recipes {
            type: "minecraft:crafting_shapeless",
            category: "redstone",
            group: "wooden_button",
            ingredients: [
                Result {
                    item: "minecraft:oak_planks",
                },
            ],
            result: Result {
                item: "minecraft:oak_button",
            },
        },
        "banner_duplicate": Recipes {
            type: "minecraft:crafting_special_bannerduplicate",
            category: "misc",
        },
        "lapis_block": Recipes {
            type: "minecraft:crafting_shaped",
            category: "building",
            key: {
                "#": Result {
                    item: "minecraft:lapis_lazuli",
                },
            },
            pattern: [
                "###",
                "###",
                "###",
            ],
            result: Result {
                item: "minecraft:lapis_block",
            },
            show_notification: true,
        },
        "brown_banner": Recipes {
            type: "minecraft:crafting_shaped",
            category: "misc",
            group: "banner",
            key: {
                "|": Result {
                    item: "minecraft:stick",
                },
                "#": Result {
                    item: "minecraft:brown_wool",
                },
            },
            pattern: [
                "###",
                "###",
                " | ",
            ],
            result: Result {
                item: "minecraft:brown_banner",
            },
            show_notification: true,
        },
        "fermented_spider_eye": Recipes {
            type: "minecraft:crafting_shapeless",
            category: "misc",
            ingredients: [
                Result {
                    item: "minecraft:spider_eye",
                },
                Result {
                    item: "minecraft:brown_mushroom",
                },
                Result {
                    item: "minecraft:sugar",
                },
            ],
            result: Result {
                item: "minecraft:fermented_spider_eye",
            },
        },
        "waxed_cut_copper_slab": Recipes {
            type: "minecraft:crafting_shaped",
            category: "building",
            group: "waxed_cut_copper_slab",
            key: {
                "#": Result {
                    item: "minecraft:waxed_cut_copper",
                },
            },
            pattern: [
                "###",
            ],
            result: Result {
                count: 6,
                item: "minecraft:waxed_cut_copper_slab",
            },
            show_notification: true,
        },
        "mossy_stone_brick_slab_from_mossy_stone_brick_stonecutting": Recipes {
            type: "minecraft:stonecutting",
            result: minecraft:mossy_stone_brick_slab,
        },
        "melon_seeds": Recipes {
            type: "minecraft:crafting_shapeless",
            category: "misc",
            ingredients: [
                Result {
                    item: "minecraft:melon_slice",
                },
            ],
            result: Result {
                item: "minecraft:melon_seeds",
            },
        },
        "white_concrete_powder": Recipes {
            type: "minecraft:crafting_shapeless",
            category: "building",
            group: "concrete_powder",
            ingredients: [
                Result {
                    item: "minecraft:white_dye",
                },
                Result {
                    item: "minecraft:sand",
                },
                Result {
                    item: "minecraft:sand",
                },
                Result {
                    item: "minecraft:sand",
                },
                Result {
                    item: "minecraft:sand",
                },
                Result {
                    item: "minecraft:gravel",
                },
                Result {
                    item: "minecraft:gravel",
                },
                Result {
                    item: "minecraft:gravel",
                },
                Result {
                    item: "minecraft:gravel",
                },
            ],
            result: Result {
                count: 8,
                item: "minecraft:white_concrete_powder",
            },
        },
        "pink_bed": Recipes {
            type: "minecraft:crafting_shaped",
            category: "misc",
            group: "bed",
            key: {
                "X": Result {
                    item: "minecraft:planks",
                },
                "#": Result {
                    item: "minecraft:pink_wool",
                },
            },
            pattern: [
                "###",
                "XXX",
            ],
            result: Result {
                item: "minecraft:pink_bed",
            },
            show_notification: true,
        },
        "beehive": Recipes {
            type: "minecraft:crafting_shaped",
            category: "misc",
            key: {
                "H": Result {
                    item: "minecraft:honeycomb",
                },
                "P": Result {
                    item: "minecraft:planks",
                },
            },
            pattern: [
                "PPP",
                "HHH",
                "PPP",
            ],
            result: Result {
                item: "minecraft:beehive",
            },
            show_notification: true,
        },
        "light_blue_glazed_terracotta": Recipes {
            type: "minecraft:smelting",
            category: "blocks",
            result: minecraft:light_blue_glazed_terracotta,
            experience: 0.1,
            cookingtime: 200,
        },
        "orange_terracotta": Recipes {
            type: "minecraft:crafting_shaped",
            category: "building",
            group: "stained_terracotta",
            key: {
                "X": Result {
                    item: "minecraft:orange_dye",
                },
                "#": Result {
                    item: "minecraft:terracotta",
                },
            },
            pattern: [
                "###",
                "#X#",
                "###",
            ],
            result: Result {
                count: 8,
                item: "minecraft:orange_terracotta",
            },
            show_notification: true,
        },
        "piston": Recipes {
            type: "minecraft:crafting_shaped",
            category: "redstone",
            key: {
                "T": Result {
                    item: "minecraft:planks",
                },
                "X": Result {
                    item: "minecraft:iron_ingot",
                },
                "R": Result {
                    item: "minecraft:redstone",
                },
                "#": Result {
                    item: "minecraft:cobblestone",
                },
            },
            pattern: [
                "TTT",
                "#X#",
                "#R#",
            ],
            result: Result {
                item: "minecraft:piston",
            },
            show_notification: true,
        },
        "waxed_oxidized_cut_copper_slab_from_waxed_oxidized_cut_copper_stonecutting": Recipes {
            type: "minecraft:stonecutting",
            result: minecraft:waxed_oxidized_cut_copper_slab,
        },
        "raw_iron": Recipes {
            type: "minecraft:crafting_shapeless",
            category: "misc",
            ingredients: [
                Result {
                    item: "minecraft:raw_iron_block",
                },
            ],
            result: Result {
                count: 9,
                item: "minecraft:raw_iron",
            },
        },
        "red_sandstone_wall": Recipes {
            type: "minecraft:crafting_shaped",
            category: "misc",
            key: {
                "#": Result {
                    item: "minecraft:red_sandstone",
                },
            },
            pattern: [
                "###",
                "###",
            ],
            result: Result {
                count: 6,
                item: "minecraft:red_sandstone_wall",
            },
            show_notification: true,
        },
        "polished_diorite_slab_from_polished_diorite_stonecutting": Recipes {
            type: "minecraft:stonecutting",
            result: minecraft:polished_diorite_slab,
        },
        "detector_rail": Recipes {
            type: "minecraft:crafting_shaped",
            category: "misc",
            key: {
                "#": Result {
                    item: "minecraft:stone_pressure_plate",
                },
                "R": Result {
                    item: "minecraft:redstone",
                },
                "X": Result {
                    item: "minecraft:iron_ingot",
                },
            },
            pattern: [
                "X X",
                "X#X",
                "XRX",
            ],
            result: Result {
                count: 6,
                item: "minecraft:detector_rail",
            },
            show_notification: true,
        },
        "spyglass": Recipes {
            type: "minecraft:crafting_shaped",
            category: "equipment",
            key: {
                "#": Result {
                    item: "minecraft:amethyst_shard",
                },
                "X": Result {
                    item: "minecraft:copper_ingot",
                },
            },
            pattern: [
                " # ",
                " X ",
                " X ",
            ],
            result: Result {
                item: "minecraft:spyglass",
            },
            show_notification: true,
        },
        "end_stone_brick_wall": Recipes {
            type: "minecraft:crafting_shaped",
            category: "misc",
            key: {
                "#": Result {
                    item: "minecraft:end_stone_bricks",
                },
            },
            pattern: [
                "###",
                "###",
            ],
            result: Result {
                count: 6,
                item: "minecraft:end_stone_brick_wall",
            },
            show_notification: true,
        },
        "glass_pane": Recipes {
            type: "minecraft:crafting_shaped",
            category: "misc",
            key: {
                "#": Result {
                    item: "minecraft:glass",
                },
            },
            pattern: [
                "###",
                "###",
            ],
            result: Result {
                count: 16,
                item: "minecraft:glass_pane",
            },
            show_notification: true,
        },
        "mangrove_fence": Recipes {
            type: "minecraft:crafting_shaped",
            category: "misc",
            group: "wooden_fence",
            key: {
                "W": Result {
                    item: "minecraft:mangrove_planks",
                },
                "#": Result {
                    item: "minecraft:stick",
                },
            },
            pattern: [
                "W#W",
                "W#W",
            ],
            result: Result {
                count: 3,
                item: "minecraft:mangrove_fence",
            },
            show_notification: true,
        },
        "polished_granite_slab": Recipes {
            type: "minecraft:crafting_shaped",
            category: "building",
            key: {
                "#": Result {
                    item: "minecraft:polished_granite",
                },
            },
            pattern: [
                "###",
            ],
            result: Result {
                count: 6,
                item: "minecraft:polished_granite_slab",
            },
            show_notification: true,
        },
        "oxidized_cut_copper_slab_from_oxidized_copper_stonecutting": Recipes {
            type: "minecraft:stonecutting",
            result: minecraft:oxidized_cut_copper_slab,
        },
        "blaze_powder": Recipes {
            type: "minecraft:crafting_shapeless",
            category: "misc",
            ingredients: [
                Result {
                    item: "minecraft:blaze_rod",
                },
            ],
            result: Result {
                count: 2,
                item: "minecraft:blaze_powder",
            },
        },
        "bone_meal_from_bone_block": Recipes {
            type: "minecraft:crafting_shapeless",
            category: "misc",
            group: "bonemeal",
            ingredients: [
                Result {
                    item: "minecraft:bone_block",
                },
            ],
            result: Result {
                count: 9,
                item: "minecraft:bone_meal",
            },
        },
        "andesite": Recipes {
            type: "minecraft:crafting_shapeless",
            category: "building",
            ingredients: [
                Result {
                    item: "minecraft:diorite",
                },
                Result {
                    item: "minecraft:cobblestone",
                },
            ],
            result: Result {
                count: 2,
                item: "minecraft:andesite",
            },
        },
        "blue_candle": Recipes {
            type: "minecraft:crafting_shapeless",
            category: "misc",
            group: "dyed_candle",
            ingredients: [
                Result {
                    item: "minecraft:candle",
                },
                Result {
                    item: "minecraft:blue_dye",
                },
            ],
            result: Result {
                item: "minecraft:blue_candle",
            },
        },
        "granite_wall": Recipes {
            type: "minecraft:crafting_shaped",
            category: "misc",
            key: {
                "#": Result {
                    item: "minecraft:granite",
                },
            },
            pattern: [
                "###",
                "###",
            ],
            result: Result {
                count: 6,
                item: "minecraft:granite_wall",
            },
            show_notification: true,
        },
        "packed_ice": Recipes {
            type: "minecraft:crafting_shapeless",
            category: "building",
            ingredients: [
                Result {
                    item: "minecraft:ice",
                },
                Result {
                    item: "minecraft:ice",
                },
                Result {
                    item: "minecraft:ice",
                },
                Result {
                    item: "minecraft:ice",
                },
                Result {
                    item: "minecraft:ice",
                },
                Result {
                    item: "minecraft:ice",
                },
                Result {
                    item: "minecraft:ice",
                },
                Result {
                    item: "minecraft:ice",
                },
                Result {
                    item: "minecraft:ice",
                },
            ],
            result: Result {
                item: "minecraft:packed_ice",
            },
        },
        "chiseled_nether_bricks": Recipes {
            type: "minecraft:crafting_shaped",
            category: "building",
            key: {
                "#": Result {
                    item: "minecraft:nether_brick_slab",
                },
            },
            pattern: [
                "#",
                "#",
            ],
            result: Result {
                item: "minecraft:chiseled_nether_bricks",
            },
            show_notification: true,
        },
        "smooth_sandstone": Recipes {
            type: "minecraft:smelting",
            category: "blocks",
            result: minecraft:smooth_sandstone,
            experience: 0.1,
            cookingtime: 200,
        },
        "waxed_exposed_cut_copper_stairs_from_honeycomb": Recipes {
            type: "minecraft:crafting_shapeless",
            category: "building",
            group: "waxed_exposed_cut_copper_stairs",
            ingredients: [
                Result {
                    item: "minecraft:exposed_cut_copper_stairs",
                },
                Result {
                    item: "minecraft:honeycomb",
                },
            ],
            result: Result {
                item: "minecraft:waxed_exposed_cut_copper_stairs",
            },
        },
        "birch_planks": Recipes {
            type: "minecraft:crafting_shapeless",
            category: "building",
            group: "planks",
            ingredients: [
                Result {
                    item: "minecraft:birch_logs",
                },
            ],
            result: Result {
                count: 4,
                item: "minecraft:birch_planks",
            },
        },
        "gray_carpet": Recipes {
            type: "minecraft:crafting_shaped",
            category: "misc",
            group: "carpet",
            key: {
                "#": Result {
                    item: "minecraft:gray_wool",
                },
            },
            pattern: [
                "##",
            ],
            result: Result {
                count: 3,
                item: "minecraft:gray_carpet",
            },
            show_notification: true,
        },
        "honey_bottle": Recipes {
            type: "minecraft:crafting_shapeless",
            category: "misc",
            ingredients: [
                Result {
                    item: "minecraft:honey_block",
                },
                Result {
                    item: "minecraft:glass_bottle",
                },
                Result {
                    item: "minecraft:glass_bottle",
                },
                Result {
                    item: "minecraft:glass_bottle",
                },
                Result {
                    item: "minecraft:glass_bottle",
                },
            ],
            result: Result {
                count: 4,
                item: "minecraft:honey_bottle",
            },
        },
        "golden_axe": Recipes {
            type: "minecraft:crafting_shaped",
            category: "equipment",
            key: {
                "#": Result {
                    item: "minecraft:stick",
                },
                "X": Result {
                    item: "minecraft:gold_ingot",
                },
            },
            pattern: [
                "XX",
                "X#",
                " #",
            ],
            result: Result {
                item: "minecraft:golden_axe",
            },
            show_notification: true,
        },
        "gold_ingot_from_blasting_raw_gold": Recipes {
            type: "minecraft:blasting",
            category: "misc",
            group: "gold_ingot",
            result: minecraft:gold_ingot,
            experience: 1.0,
            cookingtime: 100,
        },
        "bowl": Recipes {
            type: "minecraft:crafting_shaped",
            category: "misc",
            key: {
                "#": Result {
                    item: "minecraft:planks",
                },
            },
            pattern: [
                "# #",
                " # ",
            ],
            result: Result {
                count: 4,
                item: "minecraft:bowl",
            },
            show_notification: true,
        },
        "birch_button": Recipes {
            type: "minecraft:crafting_shapeless",
            category: "redstone",
            group: "wooden_button",
            ingredients: [
                Result {
                    item: "minecraft:birch_planks",
                },
            ],
            result: Result {
                item: "minecraft:birch_button",
            },
        },
        "yellow_glazed_terracotta": Recipes {
            type: "minecraft:smelting",
            category: "blocks",
            result: minecraft:yellow_glazed_terracotta,
            experience: 0.1,
            cookingtime: 200,
        },
        "warped_fence": Recipes {
            type: "minecraft:crafting_shaped",
            category: "misc",
            group: "wooden_fence",
            key: {
                "W": Result {
                    item: "minecraft:warped_planks",
                },
                "#": Result {
                    item: "minecraft:stick",
                },
            },
            pattern: [
                "W#W",
                "W#W",
            ],
            result: Result {
                count: 3,
                item: "minecraft:warped_fence",
            },
            show_notification: true,
        },
        "wooden_sword": Recipes {
            type: "minecraft:crafting_shaped",
            category: "equipment",
            key: {
                "#": Result {
                    item: "minecraft:stick",
                },
                "X": Result {
                    item: "minecraft:planks",
                },
            },
            pattern: [
                "X",
                "X",
                "#",
            ],
            result: Result {
                item: "minecraft:wooden_sword",
            },
            show_notification: true,
        },
        "warped_hyphae": Recipes {
            type: "minecraft:crafting_shaped",
            category: "building",
            group: "bark",
            key: {
                "#": Result {
                    item: "minecraft:warped_stem",
                },
            },
            pattern: [
                "##",
                "##",
            ],
            result: Result {
                count: 3,
                item: "minecraft:warped_hyphae",
            },
            show_notification: true,
        },
        "armor_stand": Recipes {
            type: "minecraft:crafting_shaped",
            category: "misc",
            key: {
                "/": Result {
                    item: "minecraft:stick",
                },
                "_": Result {
                    item: "minecraft:smooth_stone_slab",
                },
            },
            pattern: [
                "///",
                " / ",
                "/_/",
            ],
            result: Result {
                item: "minecraft:armor_stand",
            },
            show_notification: true,
        },
        "purple_glazed_terracotta": Recipes {
            type: "minecraft:smelting",
            category: "blocks",
            result: minecraft:purple_glazed_terracotta,
            experience: 0.1,
            cookingtime: 200,
        },
        "jungle_trapdoor": Recipes {
            type: "minecraft:crafting_shaped",
            category: "redstone",
            group: "wooden_trapdoor",
            key: {
                "#": Result {
                    item: "minecraft:jungle_planks",
                },
            },
            pattern: [
                "###",
                "###",
            ],
            result: Result {
                count: 2,
                item: "minecraft:jungle_trapdoor",
            },
            show_notification: true,
        },
        "bone_block": Recipes {
            type: "minecraft:crafting_shaped",
            category: "building",
            key: {
                "#": Result {
                    item: "minecraft:bone_meal",
                },
            },
            pattern: [
                "###",
                "###",
                "###",
            ],
            result: Result {
                item: "minecraft:bone_block",
            },
            show_notification: true,
        },
        "polished_blackstone_brick_slab_from_blackstone_stonecutting": Recipes {
            type: "minecraft:stonecutting",
            result: minecraft:polished_blackstone_brick_slab,
        },
        "polished_granite_stairs_from_granite_stonecutting": Recipes {
            type: "minecraft:stonecutting",
            result: minecraft:polished_granite_stairs,
        },
        "polished_blackstone_brick_stairs": Recipes {
            type: "minecraft:crafting_shaped",
            category: "building",
            key: {
                "#": Result {
                    item: "minecraft:polished_blackstone_bricks",
                },
            },
            pattern: [
                "#  ",
                "## ",
                "###",
            ],
            result: Result {
                count: 4,
                item: "minecraft:polished_blackstone_brick_stairs",
            },
            show_notification: true,
        },
        "cut_sandstone_slab_from_sandstone_stonecutting": Recipes {
            type: "minecraft:stonecutting",
            result: minecraft:cut_sandstone_slab,
        },
        "polished_andesite_from_andesite_stonecutting": Recipes {
            type: "minecraft:stonecutting",
            result: minecraft:polished_andesite,
        },
        "black_candle": Recipes {
            type: "minecraft:crafting_shapeless",
            category: "misc",
            group: "dyed_candle",
            ingredients: [
                Result {
                    item: "minecraft:candle",
                },
                Result {
                    item: "minecraft:black_dye",
                },
            ],
            result: Result {
                item: "minecraft:black_candle",
            },
        },
        "spruce_stairs": Recipes {
            type: "minecraft:crafting_shaped",
            category: "building",
            group: "wooden_stairs",
            key: {
                "#": Result {
                    item: "minecraft:spruce_planks",
                },
            },
            pattern: [
                "#  ",
                "## ",
                "###",
            ],
            result: Result {
                count: 4,
                item: "minecraft:spruce_stairs",
            },
            show_notification: true,
        },
        "bow": Recipes {
            type: "minecraft:crafting_shaped",
            category: "equipment",
            key: {
                "#": Result {
                    item: "minecraft:stick",
                },
                "X": Result {
                    item: "minecraft:string",
                },
            },
            pattern: [
                " #X",
                "# X",
                " #X",
            ],
            result: Result {
                item: "minecraft:bow",
            },
            show_notification: true,
        },
        "deepslate_brick_slab": Recipes {
            type: "minecraft:crafting_shaped",
            category: "building",
            key: {
                "#": Result {
                    item: "minecraft:deepslate_bricks",
                },
            },
            pattern: [
                "###",
            ],
            result: Result {
                count: 6,
                item: "minecraft:deepslate_brick_slab",
            },
            show_notification: true,
        },
        "stripped_crimson_hyphae": Recipes {
            type: "minecraft:crafting_shaped",
            category: "building",
            group: "bark",
            key: {
                "#": Result {
                    item: "minecraft:stripped_crimson_stem",
                },
            },
            pattern: [
                "##",
                "##",
            ],
            result: Result {
                count: 3,
                item: "minecraft:stripped_crimson_hyphae",
            },
            show_notification: true,
        },
        "black_dye": Recipes {
            type: "minecraft:crafting_shapeless",
            category: "misc",
            group: "black_dye",
            ingredients: [
                Result {
                    item: "minecraft:ink_sac",
                },
            ],
            result: Result {
                item: "minecraft:black_dye",
            },
        },
        "polished_andesite_slab_from_polished_andesite_stonecutting": Recipes {
            type: "minecraft:stonecutting",
            result: minecraft:polished_andesite_slab,
        },
        "stripped_mangrove_wood": Recipes {
            type: "minecraft:crafting_shaped",
            category: "building",
            group: "bark",
            key: {
                "#": Result {
                    item: "minecraft:stripped_mangrove_log",
                },
            },
            pattern: [
                "##",
                "##",
            ],
            result: Result {
                count: 3,
                item: "minecraft:stripped_mangrove_wood",
            },
            show_notification: true,
        },
        "blue_stained_glass": Recipes {
            type: "minecraft:crafting_shaped",
            category: "building",
            group: "stained_glass",
            key: {
                "X": Result {
                    item: "minecraft:blue_dye",
                },
                "#": Result {
                    item: "minecraft:glass",
                },
            },
            pattern: [
                "###",
                "#X#",
                "###",
            ],
            result: Result {
                count: 8,
                item: "minecraft:blue_stained_glass",
            },
            show_notification: true,
        },
        "light_blue_stained_glass": Recipes {
            type: "minecraft:crafting_shaped",
            category: "building",
            group: "stained_glass",
            key: {
                "X": Result {
                    item: "minecraft:light_blue_dye",
                },
                "#": Result {
                    item: "minecraft:glass",
                },
            },
            pattern: [
                "###",
                "#X#",
                "###",
            ],
            result: Result {
                count: 8,
                item: "minecraft:light_blue_stained_glass",
            },
            show_notification: true,
        },
        "cut_copper": Recipes {
            type: "minecraft:crafting_shaped",
            category: "building",
            key: {
                "#": Result {
                    item: "minecraft:copper_block",
                },
            },
            pattern: [
                "##",
                "##",
            ],
            result: Result {
                count: 4,
                item: "minecraft:cut_copper",
            },
            show_notification: true,
        },
        "torch": Recipes {
            type: "minecraft:crafting_shaped",
            category: "misc",
            key: {
                "#": Result {
                    item: "minecraft:stick",
                },
                "X": [
                    Result {
                        item: "minecraft:coal",
                    },
                    Result {
                        item: "minecraft:charcoal",
                    },
                ],
            },
            pattern: [
                "X",
                "#",
            ],
            result: Result {
                count: 4,
                item: "minecraft:torch",
            },
            show_notification: true,
        },
        "quartz_from_blasting": Recipes {
            type: "minecraft:blasting",
            category: "misc",
            result: minecraft:quartz,
            experience: 0.2,
            cookingtime: 100,
        },
        "flint_and_steel": Recipes {
            type: "minecraft:crafting_shapeless",
            category: "equipment",
            ingredients: [
                Result {
                    item: "minecraft:iron_ingot",
                },
                Result {
                    item: "minecraft:flint",
                },
            ],
            result: Result {
                item: "minecraft:flint_and_steel",
            },
        },
        "polished_deepslate_slab_from_cobbled_deepslate_stonecutting": Recipes {
            type: "minecraft:stonecutting",
            result: minecraft:polished_deepslate_slab,
        },
        "chiseled_deepslate": Recipes {
            type: "minecraft:crafting_shaped",
            category: "building",
            key: {
                "#": Result {
                    item: "minecraft:cobbled_deepslate_slab",
                },
            },
            pattern: [
                "#",
                "#",
            ],
            result: Result {
                item: "minecraft:chiseled_deepslate",
            },
            show_notification: true,
        },
        "smooth_quartz_stairs": Recipes {
            type: "minecraft:crafting_shaped",
            category: "building",
            key: {
                "#": Result {
                    item: "minecraft:smooth_quartz",
                },
            },
            pattern: [
                "#  ",
                "## ",
                "###",
            ],
            result: Result {
                count: 4,
                item: "minecraft:smooth_quartz_stairs",
            },
            show_notification: true,
        },
        "warped_stairs": Recipes {
            type: "minecraft:crafting_shaped",
            category: "building",
            group: "wooden_stairs",
            key: {
                "#": Result {
                    item: "minecraft:warped_planks",
                },
            },
            pattern: [
                "#  ",
                "## ",
                "###",
            ],
            result: Result {
                count: 4,
                item: "minecraft:warped_stairs",
            },
            show_notification: true,
        },
        "blue_bed": Recipes {
            type: "minecraft:crafting_shaped",
            category: "misc",
            group: "bed",
            key: {
                "X": Result {
                    item: "minecraft:planks",
                },
                "#": Result {
                    item: "minecraft:blue_wool",
                },
            },
            pattern: [
                "###",
                "XXX",
            ],
            result: Result {
                item: "minecraft:blue_bed",
            },
            show_notification: true,
        },
        "gold_block": Recipes {
            type: "minecraft:crafting_shaped",
            category: "building",
            key: {
                "#": Result {
                    item: "minecraft:gold_ingot",
                },
            },
            pattern: [
                "###",
                "###",
                "###",
            ],
            result: Result {
                item: "minecraft:gold_block",
            },
            show_notification: true,
        },
        "yellow_carpet": Recipes {
            type: "minecraft:crafting_shaped",
            category: "misc",
            group: "carpet",
            key: {
                "#": Result {
                    item: "minecraft:yellow_wool",
                },
            },
            pattern: [
                "##",
            ],
            result: Result {
                count: 3,
                item: "minecraft:yellow_carpet",
            },
            show_notification: true,
        },
        "iron_door": Recipes {
            type: "minecraft:crafting_shaped",
            category: "redstone",
            key: {
                "#": Result {
                    item: "minecraft:iron_ingot",
                },
            },
            pattern: [
                "##",
                "##",
                "##",
            ],
            result: Result {
                count: 3,
                item: "minecraft:iron_door",
            },
            show_notification: true,
        },
        "amethyst_block": Recipes {
            type: "minecraft:crafting_shaped",
            category: "building",
            key: {
                "#": Result {
                    item: "minecraft:amethyst_shard",
                },
            },
            pattern: [
                "##",
                "##",
            ],
            result: Result {
                item: "minecraft:amethyst_block",
            },
            show_notification: true,
        },
        "mangrove_boat": Recipes {
            type: "minecraft:crafting_shaped",
            category: "misc",
            group: "boat",
            key: {
                "#": Result {
                    item: "minecraft:mangrove_planks",
                },
            },
            pattern: [
                "# #",
                "###",
            ],
            result: Result {
                item: "minecraft:mangrove_boat",
            },
            show_notification: true,
        },
        "pink_carpet": Recipes {
            type: "minecraft:crafting_shaped",
            category: "misc",
            group: "carpet",
            key: {
                "#": Result {
                    item: "minecraft:pink_wool",
                },
            },
            pattern: [
                "##",
            ],
            result: Result {
                count: 3,
                item: "minecraft:pink_carpet",
            },
            show_notification: true,
        },
        "jungle_wood": Recipes {
            type: "minecraft:crafting_shaped",
            category: "building",
            group: "bark",
            key: {
                "#": Result {
                    item: "minecraft:jungle_log",
                },
            },
            pattern: [
                "##",
                "##",
            ],
            result: Result {
                count: 3,
                item: "minecraft:jungle_wood",
            },
            show_notification: true,
        },
        "yellow_dye_from_sunflower": Recipes {
            type: "minecraft:crafting_shapeless",
            category: "misc",
            group: "yellow_dye",
            ingredients: [
                Result {
                    item: "minecraft:sunflower",
                },
            ],
            result: Result {
                count: 2,
                item: "minecraft:yellow_dye",
            },
        },
        "waxed_oxidized_cut_copper_slab_from_waxed_oxidized_copper_stonecutting": Recipes {
            type: "minecraft:stonecutting",
            result: minecraft:waxed_oxidized_cut_copper_slab,
        },
        "hay_block": Recipes {
            type: "minecraft:crafting_shapeless",
            category: "building",
            ingredients: [
                Result {
                    item: "minecraft:wheat",
                },
                Result {
                    item: "minecraft:wheat",
                },
                Result {
                    item: "minecraft:wheat",
                },
                Result {
                    item: "minecraft:wheat",
                },
                Result {
                    item: "minecraft:wheat",
                },
                Result {
                    item: "minecraft:wheat",
                },
                Result {
                    item: "minecraft:wheat",
                },
                Result {
                    item: "minecraft:wheat",
                },
                Result {
                    item: "minecraft:wheat",
                },
            ],
            result: Result {
                item: "minecraft:hay_block",
            },
        },
        "oxidized_cut_copper_stairs": Recipes {
            type: "minecraft:crafting_shaped",
            category: "building",
            key: {
                "#": Result {
                    item: "minecraft:oxidized_cut_copper",
                },
            },
            pattern: [
                "#  ",
                "## ",
                "###",
            ],
            result: Result {
                count: 4,
                item: "minecraft:oxidized_cut_copper_stairs",
            },
            show_notification: true,
        },
        "packed_mud": Recipes {
            type: "minecraft:crafting_shapeless",
            category: "building",
            ingredients: [
                Result {
                    item: "minecraft:mud",
                },
                Result {
                    item: "minecraft:wheat",
                },
            ],
            result: Result {
                item: "minecraft:packed_mud",
            },
        },
        "mossy_cobblestone_slab_from_mossy_cobblestone_stonecutting": Recipes {
            type: "minecraft:stonecutting",
            result: minecraft:mossy_cobblestone_slab,
        },
        "gray_carpet_from_white_carpet": Recipes {
            type: "minecraft:crafting_shaped",
            category: "misc",
            group: "carpet",
            key: {
                "#": Result {
                    item: "minecraft:white_carpet",
                },
                "$": Result {
                    item: "minecraft:gray_dye",
                },
            },
            pattern: [
                "###",
                "#$#",
                "###",
            ],
            result: Result {
                count: 8,
                item: "minecraft:gray_carpet",
            },
            show_notification: true,
        },
        "yellow_carpet_from_white_carpet": Recipes {
            type: "minecraft:crafting_shaped",
            category: "misc",
            group: "carpet",
            key: {
                "$": Result {
                    item: "minecraft:yellow_dye",
                },
                "#": Result {
                    item: "minecraft:white_carpet",
                },
            },
            pattern: [
                "###",
                "#$#",
                "###",
            ],
            result: Result {
                count: 8,
                item: "minecraft:yellow_carpet",
            },
            show_notification: true,
        },
        "cut_copper_stairs_from_copper_block_stonecutting": Recipes {
            type: "minecraft:stonecutting",
            result: minecraft:cut_copper_stairs,
        },
        "redstone_block": Recipes {
            type: "minecraft:crafting_shaped",
            category: "redstone",
            key: {
                "#": Result {
                    item: "minecraft:redstone",
                },
            },
            pattern: [
                "###",
                "###",
                "###",
            ],
            result: Result {
                item: "minecraft:redstone_block",
            },
            show_notification: true,
        },
        "smithing_table": Recipes {
            type: "minecraft:crafting_shaped",
            category: "misc",
            key: {
                "#": Result {
                    item: "minecraft:planks",
                },
                "@": Result {
                    item: "minecraft:iron_ingot",
                },
            },
            pattern: [
                "@@",
                "##",
                "##",
            ],
            result: Result {
                item: "minecraft:smithing_table",
            },
            show_notification: true,
        },
        "red_dye_from_rose_bush": Recipes {
            type: "minecraft:crafting_shapeless",
            category: "misc",
            group: "red_dye",
            ingredients: [
                Result {
                    item: "minecraft:rose_bush",
                },
            ],
            result: Result {
                count: 2,
                item: "minecraft:red_dye",
            },
        },
        "iron_ingot_from_blasting_deepslate_iron_ore": Recipes {
            type: "minecraft:blasting",
            category: "misc",
            group: "iron_ingot",
            result: minecraft:iron_ingot,
            experience: 0.7,
            cookingtime: 100,
        },
        "waxed_cut_copper_slab_from_waxed_copper_block_stonecutting": Recipes {
            type: "minecraft:stonecutting",
            result: minecraft:waxed_cut_copper_slab,
        },
        "cyan_wool": Recipes {
            type: "minecraft:crafting_shapeless",
            category: "building",
            group: "wool",
            ingredients: [
                Result {
                    item: "minecraft:cyan_dye",
                },
                Result {
                    item: "minecraft:white_wool",
                },
            ],
            result: Result {
                item: "minecraft:cyan_wool",
            },
        },
        "smooth_sandstone_stairs": Recipes {
            type: "minecraft:crafting_shaped",
            category: "building",
            key: {
                "#": Result {
                    item: "minecraft:smooth_sandstone",
                },
            },
            pattern: [
                "#  ",
                "## ",
                "###",
            ],
            result: Result {
                count: 4,
                item: "minecraft:smooth_sandstone_stairs",
            },
            show_notification: true,
        },
        "yellow_dye_from_dandelion": Recipes {
            type: "minecraft:crafting_shapeless",
            category: "misc",
            group: "yellow_dye",
            ingredients: [
                Result {
                    item: "minecraft:dandelion",
                },
            ],
            result: Result {
                item: "minecraft:yellow_dye",
            },
        },
        "snow_block": Recipes {
            type: "minecraft:crafting_shaped",
            category: "building",
            key: {
                "#": Result {
                    item: "minecraft:snowball",
                },
            },
            pattern: [
                "##",
                "##",
            ],
            result: Result {
                item: "minecraft:snow_block",
            },
            show_notification: true,
        },
        "gray_bed": Recipes {
            type: "minecraft:crafting_shaped",
            category: "misc",
            group: "bed",
            key: {
                "#": Result {
                    item: "minecraft:gray_wool",
                },
                "X": Result {
                    item: "minecraft:planks",
                },
            },
            pattern: [
                "###",
                "XXX",
            ],
            result: Result {
                item: "minecraft:gray_bed",
            },
            show_notification: true,
        },
        "jungle_stairs": Recipes {
            type: "minecraft:crafting_shaped",
            category: "building",
            group: "wooden_stairs",
            key: {
                "#": Result {
                    item: "minecraft:jungle_planks",
                },
            },
            pattern: [
                "#  ",
                "## ",
                "###",
            ],
            result: Result {
                count: 4,
                item: "minecraft:jungle_stairs",
            },
            show_notification: true,
        },
        "crafting_table": Recipes {
            type: "minecraft:crafting_shaped",
            category: "misc",
            key: {
                "#": Result {
                    item: "minecraft:planks",
                },
            },
            pattern: [
                "##",
                "##",
            ],
            result: Result {
                item: "minecraft:crafting_table",
            },
            show_notification: false,
        },
        "iron_ingot_from_smelting_deepslate_iron_ore": Recipes {
            type: "minecraft:smelting",
            category: "misc",
            group: "iron_ingot",
            result: minecraft:iron_ingot,
            experience: 0.7,
            cookingtime: 200,
        },
        "green_stained_glass_pane": Recipes {
            type: "minecraft:crafting_shaped",
            category: "misc",
            group: "stained_glass_pane",
            key: {
                "#": Result {
                    item: "minecraft:green_stained_glass",
                },
            },
            pattern: [
                "###",
                "###",
            ],
            result: Result {
                count: 16,
                item: "minecraft:green_stained_glass_pane",
            },
            show_notification: true,
        },
        "acacia_sign": Recipes {
            type: "minecraft:crafting_shaped",
            category: "misc",
            group: "wooden_sign",
            key: {
                "#": Result {
                    item: "minecraft:acacia_planks",
                },
                "X": Result {
                    item: "minecraft:stick",
                },
            },
            pattern: [
                "###",
                "###",
                " X ",
            ],
            result: Result {
                count: 3,
                item: "minecraft:acacia_sign",
            },
            show_notification: true,
        },
        "polished_blackstone_from_blackstone_stonecutting": Recipes {
            type: "minecraft:stonecutting",
            result: minecraft:polished_blackstone,
        },
        "birch_pressure_plate": Recipes {
            type: "minecraft:crafting_shaped",
            category: "redstone",
            group: "wooden_pressure_plate",
            key: {
                "#": Result {
                    item: "minecraft:birch_planks",
                },
            },
            pattern: [
                "##",
            ],
            result: Result {
                item: "minecraft:birch_pressure_plate",
            },
            show_notification: true,
        },
        "iron_sword": Recipes {
            type: "minecraft:crafting_shaped",
            category: "equipment",
            key: {
                "X": Result {
                    item: "minecraft:iron_ingot",
                },
                "#": Result {
                    item: "minecraft:stick",
                },
            },
            pattern: [
                "X",
                "X",
                "#",
            ],
            result: Result {
                item: "minecraft:iron_sword",
            },
            show_notification: true,
        },
        "weathered_cut_copper": Recipes {
            type: "minecraft:crafting_shaped",
            category: "building",
            key: {
                "#": Result {
                    item: "minecraft:weathered_copper",
                },
            },
            pattern: [
                "##",
                "##",
            ],
            result: Result {
                count: 4,
                item: "minecraft:weathered_cut_copper",
            },
            show_notification: true,
        },
        "smooth_red_sandstone_slab": Recipes {
            type: "minecraft:crafting_shaped",
            category: "building",
            key: {
                "#": Result {
                    item: "minecraft:smooth_red_sandstone",
                },
            },
            pattern: [
                "###",
            ],
            result: Result {
                count: 6,
                item: "minecraft:smooth_red_sandstone_slab",
            },
            show_notification: true,
        },
        "waxed_weathered_cut_copper_slab_from_waxed_weathered_cut_copper_stonecutting": Recipes {
            type: "minecraft:stonecutting",
            result: minecraft:waxed_weathered_cut_copper_slab,
        },
        "spruce_chest_boat": Recipes {
            type: "minecraft:crafting_shapeless",
            category: "misc",
            group: "chest_boat",
            ingredients: [
                Result {
                    item: "minecraft:chest",
                },
                Result {
                    item: "minecraft:spruce_boat",
                },
            ],
            result: Result {
                item: "minecraft:spruce_chest_boat",
            },
        },
        "magenta_stained_glass_pane": Recipes {
            type: "minecraft:crafting_shaped",
            category: "misc",
            group: "stained_glass_pane",
            key: {
                "#": Result {
                    item: "minecraft:magenta_stained_glass",
                },
            },
            pattern: [
                "###",
                "###",
            ],
            result: Result {
                count: 16,
                item: "minecraft:magenta_stained_glass_pane",
            },
            show_notification: true,
        },
        "pink_wool": Recipes {
            type: "minecraft:crafting_shapeless",
            category: "building",
            group: "wool",
            ingredients: [
                Result {
                    item: "minecraft:pink_dye",
                },
                Result {
                    item: "minecraft:white_wool",
                },
            ],
            result: Result {
                item: "minecraft:pink_wool",
            },
        },
        "polished_blackstone": Recipes {
            type: "minecraft:crafting_shaped",
            category: "building",
            key: {
                "S": Result {
                    item: "minecraft:blackstone",
                },
            },
            pattern: [
                "SS",
                "SS",
            ],
            result: Result {
                count: 4,
                item: "minecraft:polished_blackstone",
            },
            show_notification: true,
        },
        "jungle_planks": Recipes {
            type: "minecraft:crafting_shapeless",
            category: "building",
            group: "planks",
            ingredients: [
                Result {
                    item: "minecraft:jungle_logs",
                },
            ],
            result: Result {
                count: 4,
                item: "minecraft:jungle_planks",
            },
        },
        "deepslate_tile_slab_from_cobbled_deepslate_stonecutting": Recipes {
            type: "minecraft:stonecutting",
            result: minecraft:deepslate_tile_slab,
        },
        "spruce_wood": Recipes {
            type: "minecraft:crafting_shaped",
            category: "building",
            group: "bark",
            key: {
                "#": Result {
                    item: "minecraft:spruce_log",
                },
            },
            pattern: [
                "##",
                "##",
            ],
            result: Result {
                count: 3,
                item: "minecraft:spruce_wood",
            },
            show_notification: true,
        },
        "nether_brick_stairs_from_nether_bricks_stonecutting": Recipes {
            type: "minecraft:stonecutting",
            result: minecraft:nether_brick_stairs,
        },
        "brown_candle": Recipes {
            type: "minecraft:crafting_shapeless",
            category: "misc",
            group: "dyed_candle",
            ingredients: [
                Result {
                    item: "minecraft:candle",
                },
                Result {
                    item: "minecraft:brown_dye",
                },
            ],
            result: Result {
                item: "minecraft:brown_candle",
            },
        },
        "enchanting_table": Recipes {
            type: "minecraft:crafting_shaped",
            category: "misc",
            key: {
                "#": Result {
                    item: "minecraft:obsidian",
                },
                "B": Result {
                    item: "minecraft:book",
                },
                "D": Result {
                    item: "minecraft:diamond",
                },
            },
            pattern: [
                " B ",
                "D#D",
                "###",
            ],
            result: Result {
                item: "minecraft:enchanting_table",
            },
            show_notification: true,
        },
        "purpur_pillar_from_purpur_block_stonecutting": Recipes {
            type: "minecraft:stonecutting",
            result: minecraft:purpur_pillar,
        },
        "tipped_arrow": Recipes {
            type: "minecraft:crafting_special_tippedarrow",
            category: "misc",
        },
        "waxed_cut_copper_from_waxed_copper_block_stonecutting": Recipes {
            type: "minecraft:stonecutting",
            result: minecraft:waxed_cut_copper,
        },
        "copper_ingot_from_smelting_raw_copper": Recipes {
            type: "minecraft:smelting",
            category: "misc",
            group: "copper_ingot",
            result: minecraft:copper_ingot,
            experience: 0.7,
            cookingtime: 200,
        },
        "lime_candle": Recipes {
            type: "minecraft:crafting_shapeless",
            category: "misc",
            group: "dyed_candle",
            ingredients: [
                Result {
                    item: "minecraft:candle",
                },
                Result {
                    item: "minecraft:lime_dye",
                },
            ],
            result: Result {
                item: "minecraft:lime_candle",
            },
        },
        "purple_wool": Recipes {
            type: "minecraft:crafting_shapeless",
            category: "building",
            group: "wool",
            ingredients: [
                Result {
                    item: "minecraft:purple_dye",
                },
                Result {
                    item: "minecraft:white_wool",
                },
            ],
            result: Result {
                item: "minecraft:purple_wool",
            },
        },
        "iron_shovel": Recipes {
            type: "minecraft:crafting_shaped",
            category: "equipment",
            key: {
                "X": Result {
                    item: "minecraft:iron_ingot",
                },
                "#": Result {
                    item: "minecraft:stick",
                },
            },
            pattern: [
                "X",
                "#",
                "#",
            ],
            result: Result {
                item: "minecraft:iron_shovel",
            },
            show_notification: true,
        },
        "lime_bed_from_white_bed": Recipes {
            type: "minecraft:crafting_shapeless",
            category: "misc",
            group: "dyed_bed",
            ingredients: [
                Result {
                    item: "minecraft:white_bed",
                },
                Result {
                    item: "minecraft:lime_dye",
                },
            ],
            result: Result {
                item: "minecraft:lime_bed",
            },
        },
        "deepslate_brick_slab_from_deepslate_bricks_stonecutting": Recipes {
            type: "minecraft:stonecutting",
            result: minecraft:deepslate_brick_slab,
        },
        "netherite_leggings_smithing": Recipes {
            type: "minecraft:smithing",
            result: Result {
                item: "minecraft:netherite_leggings",
            },
        },
        "prismarine_brick_slab_from_prismarine_stonecutting": Recipes {
            type: "minecraft:stonecutting",
            result: minecraft:prismarine_brick_slab,
        },
        "polished_blackstone_brick_wall_from_polished_blackstone_bricks_stonecutting": Recipes {
            type: "minecraft:stonecutting",
            result: minecraft:polished_blackstone_brick_wall,
        },
        "deepslate_tiles_from_cobbled_deepslate_stonecutting": Recipes {
            type: "minecraft:stonecutting",
            result: minecraft:deepslate_tiles,
        },
        "blue_carpet": Recipes {
            type: "minecraft:crafting_shaped",
            category: "misc",
            group: "carpet",
            key: {
                "#": Result {
                    item: "minecraft:blue_wool",
                },
            },
            pattern: [
                "##",
            ],
            result: Result {
                count: 3,
                item: "minecraft:blue_carpet",
            },
            show_notification: true,
        },
        "dark_oak_boat": Recipes {
            type: "minecraft:crafting_shaped",
            category: "misc",
            group: "boat",
            key: {
                "#": Result {
                    item: "minecraft:dark_oak_planks",
                },
            },
            pattern: [
                "# #",
                "###",
            ],
            result: Result {
                item: "minecraft:dark_oak_boat",
            },
            show_notification: true,
        },
        "smooth_quartz_slab_from_smooth_quartz_stonecutting": Recipes {
            type: "minecraft:stonecutting",
            result: minecraft:smooth_quartz_slab,
        },
        "orange_stained_glass_pane_from_glass_pane": Recipes {
            type: "minecraft:crafting_shaped",
            category: "misc",
            group: "stained_glass_pane",
            key: {
                "#": Result {
                    item: "minecraft:glass_pane",
                },
                "$": Result {
                    item: "minecraft:orange_dye",
                },
            },
            pattern: [
                "###",
                "#$#",
                "###",
            ],
            result: Result {
                count: 8,
                item: "minecraft:orange_stained_glass_pane",
            },
            show_notification: true,
        },
        "cooked_rabbit_from_smoking": Recipes {
            type: "minecraft:smoking",
            category: "food",
            result: minecraft:cooked_rabbit,
            experience: 0.35,
            cookingtime: 100,
        },
        "leather_helmet": Recipes {
            type: "minecraft:crafting_shaped",
            category: "equipment",
            key: {
                "X": Result {
                    item: "minecraft:leather",
                },
            },
            pattern: [
                "XXX",
                "X X",
            ],
            result: Result {
                item: "minecraft:leather_helmet",
            },
            show_notification: true,
        },
        "cooked_salmon_from_smoking": Recipes {
            type: "minecraft:smoking",
            category: "food",
            result: minecraft:cooked_salmon,
            experience: 0.35,
            cookingtime: 100,
        },
        "firework_star_fade": Recipes {
            type: "minecraft:crafting_special_firework_star_fade",
            category: "misc",
        },
        "beetroot_soup": Recipes {
            type: "minecraft:crafting_shapeless",
            category: "misc",
            ingredients: [
                Result {
                    item: "minecraft:bowl",
                },
                Result {
                    item: "minecraft:beetroot",
                },
                Result {
                    item: "minecraft:beetroot",
                },
                Result {
                    item: "minecraft:beetroot",
                },
                Result {
                    item: "minecraft:beetroot",
                },
                Result {
                    item: "minecraft:beetroot",
                },
                Result {
                    item: "minecraft:beetroot",
                },
            ],
            result: Result {
                item: "minecraft:beetroot_soup",
            },
        },
        "jungle_button": Recipes {
            type: "minecraft:crafting_shapeless",
            category: "redstone",
            group: "wooden_button",
            ingredients: [
                Result {
                    item: "minecraft:jungle_planks",
                },
            ],
            result: Result {
                item: "minecraft:jungle_button",
            },
        },
        "diorite_slab": Recipes {
            type: "minecraft:crafting_shaped",
            category: "building",
            key: {
                "#": Result {
                    item: "minecraft:diorite",
                },
            },
            pattern: [
                "###",
            ],
            result: Result {
                count: 6,
                item: "minecraft:diorite_slab",
            },
            show_notification: true,
        },
        "crimson_slab": Recipes {
            type: "minecraft:crafting_shaped",
            category: "building",
            group: "wooden_slab",
            key: {
                "#": Result {
                    item: "minecraft:crimson_planks",
                },
            },
            pattern: [
                "###",
            ],
            result: Result {
                count: 6,
                item: "minecraft:crimson_slab",
            },
            show_notification: true,
        },
        "cobbled_deepslate_wall": Recipes {
            type: "minecraft:crafting_shaped",
            category: "misc",
            key: {
                "#": Result {
                    item: "minecraft:cobbled_deepslate",
                },
            },
            pattern: [
                "###",
                "###",
            ],
            result: Result {
                count: 6,
                item: "minecraft:cobbled_deepslate_wall",
            },
            show_notification: true,
        },
        "yellow_terracotta": Recipes {
            type: "minecraft:crafting_shaped",
            category: "building",
            group: "stained_terracotta",
            key: {
                "X": Result {
                    item: "minecraft:yellow_dye",
                },
                "#": Result {
                    item: "minecraft:terracotta",
                },
            },
            pattern: [
                "###",
                "#X#",
                "###",
            ],
            result: Result {
                count: 8,
                item: "minecraft:yellow_terracotta",
            },
            show_notification: true,
        },
        "spruce_fence": Recipes {
            type: "minecraft:crafting_shaped",
            category: "misc",
            group: "wooden_fence",
            key: {
                "W": Result {
                    item: "minecraft:spruce_planks",
                },
                "#": Result {
                    item: "minecraft:stick",
                },
            },
            pattern: [
                "W#W",
                "W#W",
            ],
            result: Result {
                count: 3,
                item: "minecraft:spruce_fence",
            },
            show_notification: true,
        },
        "magenta_terracotta": Recipes {
            type: "minecraft:crafting_shaped",
            category: "building",
            group: "stained_terracotta",
            key: {
                "X": Result {
                    item: "minecraft:magenta_dye",
                },
                "#": Result {
                    item: "minecraft:terracotta",
                },
            },
            pattern: [
                "###",
                "#X#",
                "###",
            ],
            result: Result {
                count: 8,
                item: "minecraft:magenta_terracotta",
            },
            show_notification: true,
        },
        "white_candle": Recipes {
            type: "minecraft:crafting_shapeless",
            category: "misc",
            group: "dyed_candle",
            ingredients: [
                Result {
                    item: "minecraft:candle",
                },
                Result {
                    item: "minecraft:white_dye",
                },
            ],
            result: Result {
                item: "minecraft:white_candle",
            },
        },
        "polished_blackstone_brick_stairs_from_polished_blackstone_bricks_stonecutting": Recipes {
            type: "minecraft:stonecutting",
            result: minecraft:polished_blackstone_brick_stairs,
        },
        "redstone_from_smelting_deepslate_redstone_ore": Recipes {
            type: "minecraft:smelting",
            category: "blocks",
            group: "redstone",
            result: minecraft:redstone,
            experience: 0.7,
            cookingtime: 200,
        },
        "wooden_hoe": Recipes {
            type: "minecraft:crafting_shaped",
            category: "equipment",
            key: {
                "#": Result {
                    item: "minecraft:stick",
                },
                "X": Result {
                    item: "minecraft:planks",
                },
            },
            pattern: [
                "XX",
                " #",
                " #",
            ],
            result: Result {
                item: "minecraft:wooden_hoe",
            },
            show_notification: true,
        },
        "tripwire_hook": Recipes {
            type: "minecraft:crafting_shaped",
            category: "redstone",
            key: {
                "#": Result {
                    item: "minecraft:planks",
                },
                "S": Result {
                    item: "minecraft:stick",
                },
                "I": Result {
                    item: "minecraft:iron_ingot",
                },
            },
            pattern: [
                "I",
                "S",
                "#",
            ],
            result: Result {
                count: 2,
                item: "minecraft:tripwire_hook",
            },
            show_notification: true,
        },
        "pink_terracotta": Recipes {
            type: "minecraft:crafting_shaped",
            category: "building",
            group: "stained_terracotta",
            key: {
                "#": Result {
                    item: "minecraft:terracotta",
                },
                "X": Result {
                    item: "minecraft:pink_dye",
                },
            },
            pattern: [
                "###",
                "#X#",
                "###",
            ],
            result: Result {
                count: 8,
                item: "minecraft:pink_terracotta",
            },
            show_notification: true,
        },
        "cobblestone_stairs": Recipes {
            type: "minecraft:crafting_shaped",
            category: "building",
            key: {
                "#": Result {
                    item: "minecraft:cobblestone",
                },
            },
            pattern: [
                "#  ",
                "## ",
                "###",
            ],
            result: Result {
                count: 4,
                item: "minecraft:cobblestone_stairs",
            },
            show_notification: true,
        },
        "gray_stained_glass_pane_from_glass_pane": Recipes {
            type: "minecraft:crafting_shaped",
            category: "misc",
            group: "stained_glass_pane",
            key: {
                "#": Result {
                    item: "minecraft:glass_pane",
                },
                "$": Result {
                    item: "minecraft:gray_dye",
                },
            },
            pattern: [
                "###",
                "#$#",
                "###",
            ],
            result: Result {
                count: 8,
                item: "minecraft:gray_stained_glass_pane",
            },
            show_notification: true,
        },
        "polished_blackstone_brick_slab": Recipes {
            type: "minecraft:crafting_shaped",
            category: "building",
            key: {
                "#": Result {
                    item: "minecraft:polished_blackstone_bricks",
                },
            },
            pattern: [
                "###",
            ],
            result: Result {
                count: 6,
                item: "minecraft:polished_blackstone_brick_slab",
            },
            show_notification: true,
        },
        "white_dye_from_lily_of_the_valley": Recipes {
            type: "minecraft:crafting_shapeless",
            category: "misc",
            group: "white_dye",
            ingredients: [
                Result {
                    item: "minecraft:lily_of_the_valley",
                },
            ],
            result: Result {
                item: "minecraft:white_dye",
            },
        },
        "chest_minecart": Recipes {
            type: "minecraft:crafting_shapeless",
            category: "misc",
            ingredients: [
                Result {
                    item: "minecraft:chest",
                },
                Result {
                    item: "minecraft:minecart",
                },
            ],
            result: Result {
                item: "minecraft:chest_minecart",
            },
        },
        "cracked_polished_blackstone_bricks": Recipes {
            type: "minecraft:smelting",
            category: "blocks",
            result: minecraft:cracked_polished_blackstone_bricks,
            experience: 0.1,
            cookingtime: 200,
        },
        "stone_brick_wall": Recipes {
            type: "minecraft:crafting_shaped",
            category: "misc",
            key: {
                "#": Result {
                    item: "minecraft:stone_bricks",
                },
            },
            pattern: [
                "###",
                "###",
            ],
            result: Result {
                count: 6,
                item: "minecraft:stone_brick_wall",
            },
            show_notification: true,
        },
        "waxed_cut_copper_stairs_from_honeycomb": Recipes {
            type: "minecraft:crafting_shapeless",
            category: "building",
            group: "waxed_cut_copper_stairs",
            ingredients: [
                Result {
                    item: "minecraft:cut_copper_stairs",
                },
                Result {
                    item: "minecraft:honeycomb",
                },
            ],
            result: Result {
                item: "minecraft:waxed_cut_copper_stairs",
            },
        },
        "smooth_quartz_stairs_from_smooth_quartz_stonecutting": Recipes {
            type: "minecraft:stonecutting",
            result: minecraft:smooth_quartz_stairs,
        },
        "brewing_stand": Recipes {
            type: "minecraft:crafting_shaped",
            category: "misc",
            key: {
                "B": Result {
                    item: "minecraft:blaze_rod",
                },
                "#": Result {
                    item: "minecraft:stone_crafting_materials",
                },
            },
            pattern: [
                " B ",
                "###",
            ],
            result: Result {
                item: "minecraft:brewing_stand",
            },
            show_notification: true,
        },
        "mangrove_wood": Recipes {
            type: "minecraft:crafting_shaped",
            category: "building",
            group: "bark",
            key: {
                "#": Result {
                    item: "minecraft:mangrove_log",
                },
            },
            pattern: [
                "##",
                "##",
            ],
            result: Result {
                count: 3,
                item: "minecraft:mangrove_wood",
            },
            show_notification: true,
        },
        "chiseled_quartz_block_from_quartz_block_stonecutting": Recipes {
            type: "minecraft:stonecutting",
            result: minecraft:chiseled_quartz_block,
        },
        "magenta_carpet": Recipes {
            type: "minecraft:crafting_shaped",
            category: "misc",
            group: "carpet",
            key: {
                "#": Result {
                    item: "minecraft:magenta_wool",
                },
            },
            pattern: [
                "##",
            ],
            result: Result {
                count: 3,
                item: "minecraft:magenta_carpet",
            },
            show_notification: true,
        },
        "campfire": Recipes {
            type: "minecraft:crafting_shaped",
            category: "misc",
            key: {
                "L": Result {
                    item: "minecraft:logs",
                },
                "C": Result {
                    item: "minecraft:coals",
                },
                "S": Result {
                    item: "minecraft:stick",
                },
            },
            pattern: [
                " S ",
                "SCS",
                "LLL",
            ],
            result: Result {
                item: "minecraft:campfire",
            },
            show_notification: true,
        },
        "polished_basalt_from_basalt_stonecutting": Recipes {
            type: "minecraft:stonecutting",
            result: minecraft:polished_basalt,
        },
        "cobblestone_stairs_from_cobblestone_stonecutting": Recipes {
            type: "minecraft:stonecutting",
            result: minecraft:cobblestone_stairs,
        },
        "brown_concrete_powder": Recipes {
            type: "minecraft:crafting_shapeless",
            category: "building",
            group: "concrete_powder",
            ingredients: [
                Result {
                    item: "minecraft:brown_dye",
                },
                Result {
                    item: "minecraft:sand",
                },
                Result {
                    item: "minecraft:sand",
                },
                Result {
                    item: "minecraft:sand",
                },
                Result {
                    item: "minecraft:sand",
                },
                Result {
                    item: "minecraft:gravel",
                },
                Result {
                    item: "minecraft:gravel",
                },
                Result {
                    item: "minecraft:gravel",
                },
                Result {
                    item: "minecraft:gravel",
                },
            ],
            result: Result {
                count: 8,
                item: "minecraft:brown_concrete_powder",
            },
        },
        "stone_button": Recipes {
            type: "minecraft:crafting_shapeless",
            category: "redstone",
            ingredients: [
                Result {
                    item: "minecraft:stone",
                },
            ],
            result: Result {
                item: "minecraft:stone_button",
            },
        },
        "spectral_arrow": Recipes {
            type: "minecraft:crafting_shaped",
            category: "equipment",
            key: {
                "X": Result {
                    item: "minecraft:arrow",
                },
                "#": Result {
                    item: "minecraft:glowstone_dust",
                },
            },
            pattern: [
                " # ",
                "#X#",
                " # ",
            ],
            result: Result {
                count: 2,
                item: "minecraft:spectral_arrow",
            },
            show_notification: true,
        },
        "iron_trapdoor": Recipes {
            type: "minecraft:crafting_shaped",
            category: "redstone",
            key: {
                "#": Result {
                    item: "minecraft:iron_ingot",
                },
            },
            pattern: [
                "##",
                "##",
            ],
            result: Result {
                item: "minecraft:iron_trapdoor",
            },
            show_notification: true,
        },
        "golden_boots": Recipes {
            type: "minecraft:crafting_shaped",
            category: "equipment",
            key: {
                "X": Result {
                    item: "minecraft:gold_ingot",
                },
            },
            pattern: [
                "X X",
                "X X",
            ],
            result: Result {
                item: "minecraft:golden_boots",
            },
            show_notification: true,
        },
        "coal_from_smelting_deepslate_coal_ore": Recipes {
            type: "minecraft:smelting",
            category: "misc",
            group: "coal",
            result: minecraft:coal,
            experience: 0.1,
            cookingtime: 200,
        },
        "cyan_terracotta": Recipes {
            type: "minecraft:crafting_shaped",
            category: "building",
            group: "stained_terracotta",
            key: {
                "#": Result {
                    item: "minecraft:terracotta",
                },
                "X": Result {
                    item: "minecraft:cyan_dye",
                },
            },
            pattern: [
                "###",
                "#X#",
                "###",
            ],
            result: Result {
                count: 8,
                item: "minecraft:cyan_terracotta",
            },
            show_notification: true,
        },
        "smooth_red_sandstone_slab_from_smooth_red_sandstone_stonecutting": Recipes {
            type: "minecraft:stonecutting",
            result: minecraft:smooth_red_sandstone_slab,
        },
        "red_nether_brick_slab_from_red_nether_bricks_stonecutting": Recipes {
            type: "minecraft:stonecutting",
            result: minecraft:red_nether_brick_slab,
        },
        "exposed_cut_copper_slab_from_exposed_copper_stonecutting": Recipes {
            type: "minecraft:stonecutting",
            result: minecraft:exposed_cut_copper_slab,
        },
        "polished_diorite_from_diorite_stonecutting": Recipes {
            type: "minecraft:stonecutting",
            result: minecraft:polished_diorite,
        },
        "light_gray_carpet": Recipes {
            type: "minecraft:crafting_shaped",
            category: "misc",
            group: "carpet",
            key: {
                "#": Result {
                    item: "minecraft:light_gray_wool",
                },
            },
            pattern: [
                "##",
            ],
            result: Result {
                count: 3,
                item: "minecraft:light_gray_carpet",
            },
            show_notification: true,
        },
        "orange_dye_from_orange_tulip": Recipes {
            type: "minecraft:crafting_shapeless",
            category: "misc",
            group: "orange_dye",
            ingredients: [
                Result {
                    item: "minecraft:orange_tulip",
                },
            ],
            result: Result {
                item: "minecraft:orange_dye",
            },
        },
        "item_frame": Recipes {
            type: "minecraft:crafting_shaped",
            category: "misc",
            key: {
                "X": Result {
                    item: "minecraft:leather",
                },
                "#": Result {
                    item: "minecraft:stick",
                },
            },
            pattern: [
                "###",
                "#X#",
                "###",
            ],
            result: Result {
                item: "minecraft:item_frame",
            },
            show_notification: true,
        },
        "polished_deepslate_wall_from_cobbled_deepslate_stonecutting": Recipes {
            type: "minecraft:stonecutting",
            result: minecraft:polished_deepslate_wall,
        },
        "repeater": Recipes {
            type: "minecraft:crafting_shaped",
            category: "redstone",
            key: {
                "X": Result {
                    item: "minecraft:redstone",
                },
                "#": Result {
                    item: "minecraft:redstone_torch",
                },
                "I": Result {
                    item: "minecraft:stone",
                },
            },
            pattern: [
                "#X#",
                "III",
            ],
            result: Result {
                item: "minecraft:repeater",
            },
            show_notification: true,
        },
        "shield": Recipes {
            type: "minecraft:crafting_shaped",
            category: "equipment",
            key: {
                "W": Result {
                    item: "minecraft:planks",
                },
                "o": Result {
                    item: "minecraft:iron_ingot",
                },
            },
            pattern: [
                "WoW",
                "WWW",
                " W ",
            ],
            result: Result {
                item: "minecraft:shield",
            },
            show_notification: true,
        },
        "lime_glazed_terracotta": Recipes {
            type: "minecraft:smelting",
            category: "blocks",
            result: minecraft:lime_glazed_terracotta,
            experience: 0.1,
            cookingtime: 200,
        },
        "red_stained_glass": Recipes {
            type: "minecraft:crafting_shaped",
            category: "building",
            group: "stained_glass",
            key: {
                "#": Result {
                    item: "minecraft:glass",
                },
                "X": Result {
                    item: "minecraft:red_dye",
                },
            },
            pattern: [
                "###",
                "#X#",
                "###",
            ],
            result: Result {
                count: 8,
                item: "minecraft:red_stained_glass",
            },
            show_notification: true,
        },
        "minecart": Recipes {
            type: "minecraft:crafting_shaped",
            category: "misc",
            key: {
                "#": Result {
                    item: "minecraft:iron_ingot",
                },
            },
            pattern: [
                "# #",
                "###",
            ],
            result: Result {
                item: "minecraft:minecart",
            },
            show_notification: true,
        },
        "brick_wall_from_bricks_stonecutting": Recipes {
            type: "minecraft:stonecutting",
            result: minecraft:brick_wall,
        },
        "mossy_stone_bricks_from_vine": Recipes {
            type: "minecraft:crafting_shapeless",
            category: "building",
            group: "mossy_stone_bricks",
            ingredients: [
                Result {
                    item: "minecraft:stone_bricks",
                },
                Result {
                    item: "minecraft:vine",
                },
            ],
            result: Result {
                item: "minecraft:mossy_stone_bricks",
            },
        },
        "cyan_glazed_terracotta": Recipes {
            type: "minecraft:smelting",
            category: "blocks",
            result: minecraft:cyan_glazed_terracotta,
            experience: 0.1,
            cookingtime: 200,
        },
        "soul_torch": Recipes {
            type: "minecraft:crafting_shaped",
            category: "misc",
            key: {
                "#": Result {
                    item: "minecraft:stick",
                },
                "X": [
                    Result {
                        item: "minecraft:coal",
                    },
                    Result {
                        item: "minecraft:charcoal",
                    },
                ],
                "S": Result {
                    item: "minecraft:soul_fire_base_blocks",
                },
            },
            pattern: [
                "X",
                "#",
                "S",
            ],
            result: Result {
                count: 4,
                item: "minecraft:soul_torch",
            },
            show_notification: true,
        },
        "cooked_chicken": Recipes {
            type: "minecraft:smelting",
            category: "food",
            result: minecraft:cooked_chicken,
            experience: 0.35,
            cookingtime: 200,
        },
        "weathered_cut_copper_stairs": Recipes {
            type: "minecraft:crafting_shaped",
            category: "building",
            key: {
                "#": Result {
                    item: "minecraft:weathered_cut_copper",
                },
            },
            pattern: [
                "#  ",
                "## ",
                "###",
            ],
            result: Result {
                count: 4,
                item: "minecraft:weathered_cut_copper_stairs",
            },
            show_notification: true,
        },
        "waxed_weathered_cut_copper_slab": Recipes {
            type: "minecraft:crafting_shaped",
            category: "building",
            group: "waxed_weathered_cut_copper_slab",
            key: {
                "#": Result {
                    item: "minecraft:waxed_weathered_cut_copper",
                },
            },
            pattern: [
                "###",
            ],
            result: Result {
                count: 6,
                item: "minecraft:waxed_weathered_cut_copper_slab",
            },
            show_notification: true,
        },
        "gold_ingot_from_blasting_nether_gold_ore": Recipes {
            type: "minecraft:blasting",
            category: "misc",
            group: "gold_ingot",
            result: minecraft:gold_ingot,
            experience: 1.0,
            cookingtime: 100,
        },
        "waxed_weathered_copper_from_honeycomb": Recipes {
            type: "minecraft:crafting_shapeless",
            category: "building",
            group: "waxed_weathered_copper",
            ingredients: [
                Result {
                    item: "minecraft:weathered_copper",
                },
                Result {
                    item: "minecraft:honeycomb",
                },
            ],
            result: Result {
                item: "minecraft:waxed_weathered_copper",
            },
        },
        "shulker_box": Recipes {
            type: "minecraft:crafting_shaped",
            category: "misc",
            key: {
                "#": Result {
                    item: "minecraft:chest",
                },
                "-": Result {
                    item: "minecraft:shulker_shell",
                },
            },
            pattern: [
                "-",
                "#",
                "-",
            ],
            result: Result {
                item: "minecraft:shulker_box",
            },
            show_notification: true,
        },
        "waxed_cut_copper_slab_from_waxed_cut_copper_stonecutting": Recipes {
            type: "minecraft:stonecutting",
            result: minecraft:waxed_cut_copper_slab,
        },
        "gray_wool": Recipes {
            type: "minecraft:crafting_shapeless",
            category: "building",
            group: "wool",
            ingredients: [
                Result {
                    item: "minecraft:gray_dye",
                },
                Result {
                    item: "minecraft:white_wool",
                },
            ],
            result: Result {
                item: "minecraft:gray_wool",
            },
        },
        "warped_planks": Recipes {
            type: "minecraft:crafting_shapeless",
            category: "building",
            group: "planks",
            ingredients: [
                Result {
                    item: "minecraft:warped_stems",
                },
            ],
            result: Result {
                count: 4,
                item: "minecraft:warped_planks",
            },
        },
        "polished_diorite": Recipes {
            type: "minecraft:crafting_shaped",
            category: "building",
            key: {
                "S": Result {
                    item: "minecraft:diorite",
                },
            },
            pattern: [
                "SS",
                "SS",
            ],
            result: Result {
                count: 4,
                item: "minecraft:polished_diorite",
            },
            show_notification: true,
        },
        "waxed_cut_copper_stairs": Recipes {
            type: "minecraft:crafting_shaped",
            category: "building",
            group: "waxed_cut_copper_stairs",
            key: {
                "#": Result {
                    item: "minecraft:waxed_cut_copper",
                },
            },
            pattern: [
                "#  ",
                "## ",
                "###",
            ],
            result: Result {
                count: 4,
                item: "minecraft:waxed_cut_copper_stairs",
            },
            show_notification: true,
        },
        "hopper_minecart": Recipes {
            type: "minecraft:crafting_shapeless",
            category: "misc",
            ingredients: [
                Result {
                    item: "minecraft:hopper",
                },
                Result {
                    item: "minecraft:minecart",
                },
            ],
            result: Result {
                item: "minecraft:hopper_minecart",
            },
        },
        "lapis_lazuli_from_smelting_deepslate_lapis_ore": Recipes {
            type: "minecraft:smelting",
            category: "misc",
            group: "lapis_lazuli",
            result: minecraft:lapis_lazuli,
            experience: 0.2,
            cookingtime: 200,
        },
        "cyan_carpet": Recipes {
            type: "minecraft:crafting_shaped",
            category: "misc",
            group: "carpet",
            key: {
                "#": Result {
                    item: "minecraft:cyan_wool",
                },
            },
            pattern: [
                "##",
            ],
            result: Result {
                count: 3,
                item: "minecraft:cyan_carpet",
            },
            show_notification: true,
        },
        "diorite": Recipes {
            type: "minecraft:crafting_shaped",
            category: "building",
            key: {
                "C": Result {
                    item: "minecraft:cobblestone",
                },
                "Q": Result {
                    item: "minecraft:quartz",
                },
            },
            pattern: [
                "CQ",
                "QC",
            ],
            result: Result {
                count: 2,
                item: "minecraft:diorite",
            },
            show_notification: true,
        },
        "green_glazed_terracotta": Recipes {
            type: "minecraft:smelting",
            category: "blocks",
            result: minecraft:green_glazed_terracotta,
            experience: 0.1,
            cookingtime: 200,
        },
        "green_stained_glass_pane_from_glass_pane": Recipes {
            type: "minecraft:crafting_shaped",
            category: "misc",
            group: "stained_glass_pane",
            key: {
                "#": Result {
                    item: "minecraft:glass_pane",
                },
                "$": Result {
                    item: "minecraft:green_dye",
                },
            },
            pattern: [
                "###",
                "#$#",
                "###",
            ],
            result: Result {
                count: 8,
                item: "minecraft:green_stained_glass_pane",
            },
            show_notification: true,
        },
        "mud_brick_stairs_from_mud_bricks_stonecutting": Recipes {
            type: "minecraft:stonecutting",
            result: minecraft:mud_brick_stairs,
        },
        "cracked_stone_bricks": Recipes {
            type: "minecraft:smelting",
            category: "blocks",
            result: minecraft:cracked_stone_bricks,
            experience: 0.1,
            cookingtime: 200,
        },
        "stone_bricks_from_stone_stonecutting": Recipes {
            type: "minecraft:stonecutting",
            result: minecraft:stone_bricks,
        },
        "polished_deepslate_from_cobbled_deepslate_stonecutting": Recipes {
            type: "minecraft:stonecutting",
            result: minecraft:polished_deepslate,
        },
        "red_nether_brick_stairs_from_red_nether_bricks_stonecutting": Recipes {
            type: "minecraft:stonecutting",
            result: minecraft:red_nether_brick_stairs,
        },
        "melon": Recipes {
            type: "minecraft:crafting_shapeless",
            category: "building",
            ingredients: [
                Result {
                    item: "minecraft:melon_slice",
                },
                Result {
                    item: "minecraft:melon_slice",
                },
                Result {
                    item: "minecraft:melon_slice",
                },
                Result {
                    item: "minecraft:melon_slice",
                },
                Result {
                    item: "minecraft:melon_slice",
                },
                Result {
                    item: "minecraft:melon_slice",
                },
                Result {
                    item: "minecraft:melon_slice",
                },
                Result {
                    item: "minecraft:melon_slice",
                },
                Result {
                    item: "minecraft:melon_slice",
                },
            ],
            result: Result {
                item: "minecraft:melon",
            },
        },
        "shulker_box_coloring": Recipes {
            type: "minecraft:crafting_special_shulkerboxcoloring",
            category: "misc",
        },
        "red_banner": Recipes {
            type: "minecraft:crafting_shaped",
            category: "misc",
            group: "banner",
            key: {
                "|": Result {
                    item: "minecraft:stick",
                },
                "#": Result {
                    item: "minecraft:red_wool",
                },
            },
            pattern: [
                "###",
                "###",
                " | ",
            ],
            result: Result {
                item: "minecraft:red_banner",
            },
            show_notification: true,
        },
        "birch_sign": Recipes {
            type: "minecraft:crafting_shaped",
            category: "misc",
            group: "wooden_sign",
            key: {
                "X": Result {
                    item: "minecraft:stick",
                },
                "#": Result {
                    item: "minecraft:birch_planks",
                },
            },
            pattern: [
                "###",
                "###",
                " X ",
            ],
            result: Result {
                count: 3,
                item: "minecraft:birch_sign",
            },
            show_notification: true,
        },
        "yellow_bed_from_white_bed": Recipes {
            type: "minecraft:crafting_shapeless",
            category: "misc",
            group: "dyed_bed",
            ingredients: [
                Result {
                    item: "minecraft:white_bed",
                },
                Result {
                    item: "minecraft:yellow_dye",
                },
            ],
            result: Result {
                item: "minecraft:yellow_bed",
            },
        },
        "weathered_cut_copper_from_weathered_copper_stonecutting": Recipes {
            type: "minecraft:stonecutting",
            result: minecraft:weathered_cut_copper,
        },
        "chiseled_polished_blackstone": Recipes {
            type: "minecraft:crafting_shaped",
            category: "building",
            key: {
                "#": Result {
                    item: "minecraft:polished_blackstone_slab",
                },
            },
            pattern: [
                "#",
                "#",
            ],
            result: Result {
                item: "minecraft:chiseled_polished_blackstone",
            },
            show_notification: true,
        },
        "red_dye_from_poppy": Recipes {
            type: "minecraft:crafting_shapeless",
            category: "misc",
            group: "red_dye",
            ingredients: [
                Result {
                    item: "minecraft:poppy",
                },
            ],
            result: Result {
                item: "minecraft:red_dye",
            },
        },
        "waxed_cut_copper_from_honeycomb": Recipes {
            type: "minecraft:crafting_shapeless",
            category: "building",
            group: "waxed_cut_copper",
            ingredients: [
                Result {
                    item: "minecraft:cut_copper",
                },
                Result {
                    item: "minecraft:honeycomb",
                },
            ],
            result: Result {
                item: "minecraft:waxed_cut_copper",
            },
        },
        "raw_gold": Recipes {
            type: "minecraft:crafting_shapeless",
            category: "misc",
            ingredients: [
                Result {
                    item: "minecraft:raw_gold_block",
                },
            ],
            result: Result {
                count: 9,
                item: "minecraft:raw_gold",
            },
        },
        "waxed_cut_copper": Recipes {
            type: "minecraft:crafting_shaped",
            category: "building",
            group: "waxed_cut_copper",
            key: {
                "#": Result {
                    item: "minecraft:waxed_copper_block",
                },
            },
            pattern: [
                "##",
                "##",
            ],
            result: Result {
                count: 4,
                item: "minecraft:waxed_cut_copper",
            },
            show_notification: true,
        },
        "dispenser": Recipes {
            type: "minecraft:crafting_shaped",
            category: "redstone",
            key: {
                "X": Result {
                    item: "minecraft:bow",
                },
                "#": Result {
                    item: "minecraft:cobblestone",
                },
                "R": Result {
                    item: "minecraft:redstone",
                },
            },
            pattern: [
                "###",
                "#X#",
                "#R#",
            ],
            result: Result {
                item: "minecraft:dispenser",
            },
            show_notification: true,
        },
        "andesite_wall_from_andesite_stonecutting": Recipes {
            type: "minecraft:stonecutting",
            result: minecraft:andesite_wall,
        },
        "copper_ingot_from_blasting_copper_ore": Recipes {
            type: "minecraft:blasting",
            category: "misc",
            group: "copper_ingot",
            result: minecraft:copper_ingot,
            experience: 0.7,
            cookingtime: 100,
        },
        "brown_stained_glass": Recipes {
            type: "minecraft:crafting_shaped",
            category: "building",
            group: "stained_glass",
            key: {
                "#": Result {
                    item: "minecraft:glass",
                },
                "X": Result {
                    item: "minecraft:brown_dye",
                },
            },
            pattern: [
                "###",
                "#X#",
                "###",
            ],
            result: Result {
                count: 8,
                item: "minecraft:brown_stained_glass",
            },
            show_notification: true,
        },
        "polished_blackstone_slab_from_blackstone_stonecutting": Recipes {
            type: "minecraft:stonecutting",
            result: minecraft:polished_blackstone_slab,
        },
        "magenta_bed_from_white_bed": Recipes {
            type: "minecraft:crafting_shapeless",
            category: "misc",
            group: "dyed_bed",
            ingredients: [
                Result {
                    item: "minecraft:white_bed",
                },
                Result {
                    item: "minecraft:magenta_dye",
                },
            ],
            result: Result {
                item: "minecraft:magenta_bed",
            },
        },
        "cooked_mutton_from_campfire_cooking": Recipes {
            type: "minecraft:campfire_cooking",
            category: "food",
            result: minecraft:cooked_mutton,
            experience: 0.35,
            cookingtime: 600,
        },
        "cooked_porkchop_from_campfire_cooking": Recipes {
            type: "minecraft:campfire_cooking",
            category: "food",
            result: minecraft:cooked_porkchop,
            experience: 0.35,
            cookingtime: 600,
        },
        "quartz_pillar_from_quartz_block_stonecutting": Recipes {
            type: "minecraft:stonecutting",
            result: minecraft:quartz_pillar,
        },
        "gold_ingot_from_smelting_deepslate_gold_ore": Recipes {
            type: "minecraft:smelting",
            category: "misc",
            group: "gold_ingot",
            result: minecraft:gold_ingot,
            experience: 1.0,
            cookingtime: 200,
        },
        "cut_copper_stairs": Recipes {
            type: "minecraft:crafting_shaped",
            category: "building",
            key: {
                "#": Result {
                    item: "minecraft:cut_copper",
                },
            },
            pattern: [
                "#  ",
                "## ",
                "###",
            ],
            result: Result {
                count: 4,
                item: "minecraft:cut_copper_stairs",
            },
            show_notification: true,
        },
        "mossy_stone_bricks_from_moss_block": Recipes {
            type: "minecraft:crafting_shapeless",
            category: "building",
            group: "mossy_stone_bricks",
            ingredients: [
                Result {
                    item: "minecraft:stone_bricks",
                },
                Result {
                    item: "minecraft:moss_block",
                },
            ],
            result: Result {
                item: "minecraft:mossy_stone_bricks",
            },
        },
        "quartz_slab": Recipes {
            type: "minecraft:crafting_shaped",
            category: "building",
            key: {
                "#": [
                    Result {
                        item: "minecraft:chiseled_quartz_block",
                    },
                    Result {
                        item: "minecraft:quartz_block",
                    },
                    Result {
                        item: "minecraft:quartz_pillar",
                    },
                ],
            },
            pattern: [
                "###",
            ],
            result: Result {
                count: 6,
                item: "minecraft:quartz_slab",
            },
            show_notification: true,
        },
        "cauldron": Recipes {
            type: "minecraft:crafting_shaped",
            category: "misc",
            key: {
                "#": Result {
                    item: "minecraft:iron_ingot",
                },
            },
            pattern: [
                "# #",
                "# #",
                "###",
            ],
            result: Result {
                item: "minecraft:cauldron",
            },
            show_notification: true,
        },
        "diamond_from_smelting_diamond_ore": Recipes {
            type: "minecraft:smelting",
            category: "misc",
            group: "diamond",
            result: minecraft:diamond,
            experience: 1.0,
            cookingtime: 200,
        },
        "mossy_cobblestone_slab": Recipes {
            type: "minecraft:crafting_shaped",
            category: "building",
            key: {
                "#": Result {
                    item: "minecraft:mossy_cobblestone",
                },
            },
            pattern: [
                "###",
            ],
            result: Result {
                count: 6,
                item: "minecraft:mossy_cobblestone_slab",
            },
            show_notification: true,
        },
        "waxed_weathered_cut_copper_slab_from_honeycomb": Recipes {
            type: "minecraft:crafting_shapeless",
            category: "building",
            group: "waxed_weathered_cut_copper_slab",
            ingredients: [
                Result {
                    item: "minecraft:weathered_cut_copper_slab",
                },
                Result {
                    item: "minecraft:honeycomb",
                },
            ],
            result: Result {
                item: "minecraft:waxed_weathered_cut_copper_slab",
            },
        },
        "terracotta": Recipes {
            type: "minecraft:smelting",
            category: "blocks",
            result: minecraft:terracotta,
            experience: 0.35,
            cookingtime: 200,
        },
        "netherite_hoe_smithing": Recipes {
            type: "minecraft:smithing",
            result: Result {
                item: "minecraft:netherite_hoe",
            },
        },
        "chiseled_sandstone": Recipes {
            type: "minecraft:crafting_shaped",
            category: "building",
            key: {
                "#": Result {
                    item: "minecraft:sandstone_slab",
                },
            },
            pattern: [
                "#",
                "#",
            ],
            result: Result {
                item: "minecraft:chiseled_sandstone",
            },
            show_notification: true,
        },
        "cobblestone_wall_from_cobblestone_stonecutting": Recipes {
            type: "minecraft:stonecutting",
            result: minecraft:cobblestone_wall,
        },
        "waxed_weathered_cut_copper_stairs_from_waxed_weathered_cut_copper_stonecutting": Recipes {
            type: "minecraft:stonecutting",
            result: minecraft:waxed_weathered_cut_copper_stairs,
        },
        "cooked_mutton_from_smoking": Recipes {
            type: "minecraft:smoking",
            category: "food",
            result: minecraft:cooked_mutton,
            experience: 0.35,
            cookingtime: 100,
        },
        "end_stone_brick_wall_from_end_stone_stonecutting": Recipes {
            type: "minecraft:stonecutting",
            result: minecraft:end_stone_brick_wall,
        },
        "redstone": Recipes {
            type: "minecraft:crafting_shapeless",
            category: "redstone",
            ingredients: [
                Result {
                    item: "minecraft:redstone_block",
                },
            ],
            result: Result {
                count: 9,
                item: "minecraft:redstone",
            },
        },
        "lever": Recipes {
            type: "minecraft:crafting_shaped",
            category: "redstone",
            key: {
                "X": Result {
                    item: "minecraft:stick",
                },
                "#": Result {
                    item: "minecraft:cobblestone",
                },
            },
            pattern: [
                "X",
                "#",
            ],
            result: Result {
                item: "minecraft:lever",
            },
            show_notification: true,
        },
        "green_candle": Recipes {
            type: "minecraft:crafting_shapeless",
            category: "misc",
            group: "dyed_candle",
            ingredients: [
                Result {
                    item: "minecraft:candle",
                },
                Result {
                    item: "minecraft:green_dye",
                },
            ],
            result: Result {
                item: "minecraft:green_candle",
            },
        },
        "blue_concrete_powder": Recipes {
            type: "minecraft:crafting_shapeless",
            category: "building",
            group: "concrete_powder",
            ingredients: [
                Result {
                    item: "minecraft:blue_dye",
                },
                Result {
                    item: "minecraft:sand",
                },
                Result {
                    item: "minecraft:sand",
                },
                Result {
                    item: "minecraft:sand",
                },
                Result {
                    item: "minecraft:sand",
                },
                Result {
                    item: "minecraft:gravel",
                },
                Result {
                    item: "minecraft:gravel",
                },
                Result {
                    item: "minecraft:gravel",
                },
                Result {
                    item: "minecraft:gravel",
                },
            ],
            result: Result {
                count: 8,
                item: "minecraft:blue_concrete_powder",
            },
        },
        "stone": Recipes {
            type: "minecraft:smelting",
            category: "blocks",
            result: minecraft:stone,
            experience: 0.1,
            cookingtime: 200,
        },
        "cooked_chicken_from_smoking": Recipes {
            type: "minecraft:smoking",
            category: "food",
            result: minecraft:cooked_chicken,
            experience: 0.35,
            cookingtime: 100,
        },
        "light_blue_bed_from_white_bed": Recipes {
            type: "minecraft:crafting_shapeless",
            category: "misc",
            group: "dyed_bed",
            ingredients: [
                Result {
                    item: "minecraft:white_bed",
                },
                Result {
                    item: "minecraft:light_blue_dye",
                },
            ],
            result: Result {
                item: "minecraft:light_blue_bed",
            },
        },
        "prismarine_stairs": Recipes {
            type: "minecraft:crafting_shaped",
            category: "building",
            key: {
                "#": Result {
                    item: "minecraft:prismarine",
                },
            },
            pattern: [
                "#  ",
                "## ",
                "###",
            ],
            result: Result {
                count: 4,
                item: "minecraft:prismarine_stairs",
            },
            show_notification: true,
        },
        "warped_slab": Recipes {
            type: "minecraft:crafting_shaped",
            category: "building",
            group: "wooden_slab",
            key: {
                "#": Result {
                    item: "minecraft:warped_planks",
                },
            },
            pattern: [
                "###",
            ],
            result: Result {
                count: 6,
                item: "minecraft:warped_slab",
            },
            show_notification: true,
        },
        "deepslate_brick_wall_from_polished_deepslate_stonecutting": Recipes {
            type: "minecraft:stonecutting",
            result: minecraft:deepslate_brick_wall,
        },
        "cut_red_sandstone_slab": Recipes {
            type: "minecraft:crafting_shaped",
            category: "building",
            key: {
                "#": Result {
                    item: "minecraft:cut_red_sandstone",
                },
            },
            pattern: [
                "###",
            ],
            result: Result {
                count: 6,
                item: "minecraft:cut_red_sandstone_slab",
            },
            show_notification: true,
        },
        "purpur_stairs": Recipes {
            type: "minecraft:crafting_shaped",
            category: "building",
            key: {
                "#": [
                    Result {
                        item: "minecraft:purpur_block",
                    },
                    Result {
                        item: "minecraft:purpur_pillar",
                    },
                ],
            },
            pattern: [
                "#  ",
                "## ",
                "###",
            ],
            result: Result {
                count: 4,
                item: "minecraft:purpur_stairs",
            },
            show_notification: true,
        },
        "purpur_stairs_from_purpur_block_stonecutting": Recipes {
            type: "minecraft:stonecutting",
            result: minecraft:purpur_stairs,
        },
        "waxed_exposed_cut_copper_stairs_from_waxed_exposed_cut_copper_stonecutting": Recipes {
            type: "minecraft:stonecutting",
            result: minecraft:waxed_exposed_cut_copper_stairs,
        },
        "cooked_beef_from_smoking": Recipes {
            type: "minecraft:smoking",
            category: "food",
            result: minecraft:cooked_beef,
            experience: 0.35,
            cookingtime: 100,
        },
        "prismarine_wall": Recipes {
            type: "minecraft:crafting_shaped",
            category: "misc",
            key: {
                "#": Result {
                    item: "minecraft:prismarine",
                },
            },
            pattern: [
                "###",
                "###",
            ],
            result: Result {
                count: 6,
                item: "minecraft:prismarine_wall",
            },
            show_notification: true,
        },
        "exposed_cut_copper_stairs": Recipes {
            type: "minecraft:crafting_shaped",
            category: "building",
            key: {
                "#": Result {
                    item: "minecraft:exposed_cut_copper",
                },
            },
            pattern: [
                "#  ",
                "## ",
                "###",
            ],
            result: Result {
                count: 4,
                item: "minecraft:exposed_cut_copper_stairs",
            },
            show_notification: true,
        },
        "armor_dye": Recipes {
            type: "minecraft:crafting_special_armordye",
            category: "misc",
        },
        "warped_trapdoor": Recipes {
            type: "minecraft:crafting_shaped",
            category: "redstone",
            group: "wooden_trapdoor",
            key: {
                "#": Result {
                    item: "minecraft:warped_planks",
                },
            },
            pattern: [
                "###",
                "###",
            ],
            result: Result {
                count: 2,
                item: "minecraft:warped_trapdoor",
            },
            show_notification: true,
        },
        "golden_carrot": Recipes {
            type: "minecraft:crafting_shaped",
            category: "misc",
            key: {
                "#": Result {
                    item: "minecraft:gold_nugget",
                },
                "X": Result {
                    item: "minecraft:carrot",
                },
            },
            pattern: [
                "###",
                "#X#",
                "###",
            ],
            result: Result {
                item: "minecraft:golden_carrot",
            },
            show_notification: true,
        },
        "fire_charge": Recipes {
            type: "minecraft:crafting_shapeless",
            category: "misc",
            ingredients: [
                Result {
                    item: "minecraft:gunpowder",
                },
                Result {
                    item: "minecraft:blaze_powder",
                },
                [
                    Result {
                        item: "minecraft:coal",
                    },
                    Result {
                        item: "minecraft:charcoal",
                    },
                ],
            ],
            result: Result {
                count: 3,
                item: "minecraft:fire_charge",
            },
        },
        "slime_ball": Recipes {
            type: "minecraft:crafting_shapeless",
            category: "misc",
            ingredients: [
                Result {
                    item: "minecraft:slime_block",
                },
            ],
            result: Result {
                count: 9,
                item: "minecraft:slime_ball",
            },
        },
        "cracked_nether_bricks": Recipes {
            type: "minecraft:smelting",
            category: "blocks",
            result: minecraft:cracked_nether_bricks,
            experience: 0.1,
            cookingtime: 200,
        },
        "diamond_from_blasting_diamond_ore": Recipes {
            type: "minecraft:blasting",
            category: "misc",
            group: "diamond",
            result: minecraft:diamond,
            experience: 1.0,
            cookingtime: 100,
        },
        "cyan_concrete_powder": Recipes {
            type: "minecraft:crafting_shapeless",
            category: "building",
            group: "concrete_powder",
            ingredients: [
                Result {
                    item: "minecraft:cyan_dye",
                },
                Result {
                    item: "minecraft:sand",
                },
                Result {
                    item: "minecraft:sand",
                },
                Result {
                    item: "minecraft:sand",
                },
                Result {
                    item: "minecraft:sand",
                },
                Result {
                    item: "minecraft:gravel",
                },
                Result {
                    item: "minecraft:gravel",
                },
                Result {
                    item: "minecraft:gravel",
                },
                Result {
                    item: "minecraft:gravel",
                },
            ],
            result: Result {
                count: 8,
                item: "minecraft:cyan_concrete_powder",
            },
        },
        "oxidized_cut_copper_stairs_from_oxidized_copper_stonecutting": Recipes {
            type: "minecraft:stonecutting",
            result: minecraft:oxidized_cut_copper_stairs,
        },
        "light_gray_stained_glass_pane": Recipes {
            type: "minecraft:crafting_shaped",
            category: "misc",
            group: "stained_glass_pane",
            key: {
                "#": Result {
                    item: "minecraft:light_gray_stained_glass",
                },
            },
            pattern: [
                "###",
                "###",
            ],
            result: Result {
                count: 16,
                item: "minecraft:light_gray_stained_glass_pane",
            },
            show_notification: true,
        },
        "deepslate_brick_slab_from_polished_deepslate_stonecutting": Recipes {
            type: "minecraft:stonecutting",
            result: minecraft:deepslate_brick_slab,
        },
        "blue_carpet_from_white_carpet": Recipes {
            type: "minecraft:crafting_shaped",
            category: "misc",
            group: "carpet",
            key: {
                "#": Result {
                    item: "minecraft:white_carpet",
                },
                "$": Result {
                    item: "minecraft:blue_dye",
                },
            },
            pattern: [
                "###",
                "#$#",
                "###",
            ],
            result: Result {
                count: 8,
                item: "minecraft:blue_carpet",
            },
            show_notification: true,
        },
        "yellow_concrete_powder": Recipes {
            type: "minecraft:crafting_shapeless",
            category: "building",
            group: "concrete_powder",
            ingredients: [
                Result {
                    item: "minecraft:yellow_dye",
                },
                Result {
                    item: "minecraft:sand",
                },
                Result {
                    item: "minecraft:sand",
                },
                Result {
                    item: "minecraft:sand",
                },
                Result {
                    item: "minecraft:sand",
                },
                Result {
                    item: "minecraft:gravel",
                },
                Result {
                    item: "minecraft:gravel",
                },
                Result {
                    item: "minecraft:gravel",
                },
                Result {
                    item: "minecraft:gravel",
                },
            ],
            result: Result {
                count: 8,
                item: "minecraft:yellow_concrete_powder",
            },
        },
        "white_carpet": Recipes {
            type: "minecraft:crafting_shaped",
            category: "misc",
            group: "carpet",
            key: {
                "#": Result {
                    item: "minecraft:white_wool",
                },
            },
            pattern: [
                "##",
            ],
            result: Result {
                count: 3,
                item: "minecraft:white_carpet",
            },
            show_notification: true,
        },
        "birch_chest_boat": Recipes {
            type: "minecraft:crafting_shapeless",
            category: "misc",
            group: "chest_boat",
            ingredients: [
                Result {
                    item: "minecraft:chest",
                },
                Result {
                    item: "minecraft:birch_boat",
                },
            ],
            result: Result {
                item: "minecraft:birch_chest_boat",
            },
        },
        "glow_item_frame": Recipes {
            type: "minecraft:crafting_shapeless",
            category: "misc",
            ingredients: [
                Result {
                    item: "minecraft:item_frame",
                },
                Result {
                    item: "minecraft:glow_ink_sac",
                },
            ],
            result: Result {
                item: "minecraft:glow_item_frame",
            },
        },
        "deepslate_tile_stairs_from_deepslate_bricks_stonecutting": Recipes {
            type: "minecraft:stonecutting",
            result: minecraft:deepslate_tile_stairs,
        },
        "flower_pot": Recipes {
            type: "minecraft:crafting_shaped",
            category: "misc",
            key: {
                "#": Result {
                    item: "minecraft:brick",
                },
            },
            pattern: [
                "# #",
                " # ",
            ],
            result: Result {
                item: "minecraft:flower_pot",
            },
            show_notification: true,
        },
        "waxed_cut_copper_stairs_from_waxed_copper_block_stonecutting": Recipes {
            type: "minecraft:stonecutting",
            result: minecraft:waxed_cut_copper_stairs,
        },
        "white_glazed_terracotta": Recipes {
            type: "minecraft:smelting",
            category: "blocks",
            result: minecraft:white_glazed_terracotta,
            experience: 0.1,
            cookingtime: 200,
        },
        "lantern": Recipes {
            type: "minecraft:crafting_shaped",
            category: "misc",
            key: {
                "#": Result {
                    item: "minecraft:torch",
                },
                "X": Result {
                    item: "minecraft:iron_nugget",
                },
            },
            pattern: [
                "XXX",
                "X#X",
                "XXX",
            ],
            result: Result {
                item: "minecraft:lantern",
            },
            show_notification: true,
        },
        "dark_oak_chest_boat": Recipes {
            type: "minecraft:crafting_shapeless",
            category: "misc",
            group: "chest_boat",
            ingredients: [
                Result {
                    item: "minecraft:chest",
                },
                Result {
                    item: "minecraft:dark_oak_boat",
                },
            ],
            result: Result {
                item: "minecraft:dark_oak_chest_boat",
            },
        },
        "dark_oak_door": Recipes {
            type: "minecraft:crafting_shaped",
            category: "redstone",
            group: "wooden_door",
            key: {
                "#": Result {
                    item: "minecraft:dark_oak_planks",
                },
            },
            pattern: [
                "##",
                "##",
                "##",
            ],
            result: Result {
                count: 3,
                item: "minecraft:dark_oak_door",
            },
            show_notification: true,
        },
        "chiseled_nether_bricks_from_nether_bricks_stonecutting": Recipes {
            type: "minecraft:stonecutting",
            result: minecraft:chiseled_nether_bricks,
        },
        "stonecutter": Recipes {
            type: "minecraft:crafting_shaped",
            category: "misc",
            key: {
                "I": Result {
                    item: "minecraft:iron_ingot",
                },
                "#": Result {
                    item: "minecraft:stone",
                },
            },
            pattern: [
                " I ",
                "###",
            ],
            result: Result {
                item: "minecraft:stonecutter",
            },
            show_notification: true,
        },
        "dark_oak_slab": Recipes {
            type: "minecraft:crafting_shaped",
            category: "building",
            group: "wooden_slab",
            key: {
                "#": Result {
                    item: "minecraft:dark_oak_planks",
                },
            },
            pattern: [
                "###",
            ],
            result: Result {
                count: 6,
                item: "minecraft:dark_oak_slab",
            },
            show_notification: true,
        },
        "compass": Recipes {
            type: "minecraft:crafting_shaped",
            category: "equipment",
            key: {
                "#": Result {
                    item: "minecraft:iron_ingot",
                },
                "X": Result {
                    item: "minecraft:redstone",
                },
            },
            pattern: [
                " # ",
                "#X#",
                " # ",
            ],
            result: Result {
                item: "minecraft:compass",
            },
            show_notification: true,
        },
        "writable_book": Recipes {
            type: "minecraft:crafting_shapeless",
            category: "misc",
            ingredients: [
                Result {
                    item: "minecraft:book",
                },
                Result {
                    item: "minecraft:ink_sac",
                },
                Result {
                    item: "minecraft:feather",
                },
            ],
            result: Result {
                item: "minecraft:writable_book",
            },
        },
        "crimson_hyphae": Recipes {
            type: "minecraft:crafting_shaped",
            category: "building",
            group: "bark",
            key: {
                "#": Result {
                    item: "minecraft:crimson_stem",
                },
            },
            pattern: [
                "##",
                "##",
            ],
            result: Result {
                count: 3,
                item: "minecraft:crimson_hyphae",
            },
            show_notification: true,
        },
        "mossy_cobblestone_from_moss_block": Recipes {
            type: "minecraft:crafting_shapeless",
            category: "building",
            group: "mossy_cobblestone",
            ingredients: [
                Result {
                    item: "minecraft:cobblestone",
                },
                Result {
                    item: "minecraft:moss_block",
                },
            ],
            result: Result {
                item: "minecraft:mossy_cobblestone",
            },
        },
        "deepslate_tile_slab_from_deepslate_bricks_stonecutting": Recipes {
            type: "minecraft:stonecutting",
            result: minecraft:deepslate_tile_slab,
        },
        "oak_wood": Recipes {
            type: "minecraft:crafting_shaped",
            category: "building",
            group: "bark",
            key: {
                "#": Result {
                    item: "minecraft:oak_log",
                },
            },
            pattern: [
                "##",
                "##",
            ],
            result: Result {
                count: 3,
                item: "minecraft:oak_wood",
            },
            show_notification: true,
        },
        "golden_helmet": Recipes {
            type: "minecraft:crafting_shaped",
            category: "equipment",
            key: {
                "X": Result {
                    item: "minecraft:gold_ingot",
                },
            },
            pattern: [
                "XXX",
                "X X",
            ],
            result: Result {
                item: "minecraft:golden_helmet",
            },
            show_notification: true,
        },
        "weathered_cut_copper_slab": Recipes {
            type: "minecraft:crafting_shaped",
            category: "building",
            key: {
                "#": Result {
                    item: "minecraft:weathered_cut_copper",
                },
            },
            pattern: [
                "###",
            ],
            result: Result {
                count: 6,
                item: "minecraft:weathered_cut_copper_slab",
            },
            show_notification: true,
        },
        "birch_trapdoor": Recipes {
            type: "minecraft:crafting_shaped",
            category: "redstone",
            group: "wooden_trapdoor",
            key: {
                "#": Result {
                    item: "minecraft:birch_planks",
                },
            },
            pattern: [
                "###",
                "###",
            ],
            result: Result {
                count: 2,
                item: "minecraft:birch_trapdoor",
            },
            show_notification: true,
        },
        "waxed_exposed_cut_copper_slab_from_honeycomb": Recipes {
            type: "minecraft:crafting_shapeless",
            category: "building",
            group: "waxed_exposed_cut_copper_slab",
            ingredients: [
                Result {
                    item: "minecraft:exposed_cut_copper_slab",
                },
                Result {
                    item: "minecraft:honeycomb",
                },
            ],
            result: Result {
                item: "minecraft:waxed_exposed_cut_copper_slab",
            },
        },
        "mangrove_chest_boat": Recipes {
            type: "minecraft:crafting_shapeless",
            category: "misc",
            group: "chest_boat",
            ingredients: [
                Result {
                    item: "minecraft:chest",
                },
                Result {
                    item: "minecraft:mangrove_boat",
                },
            ],
            result: Result {
                item: "minecraft:mangrove_chest_boat",
            },
        },
        "waxed_oxidized_cut_copper_from_waxed_oxidized_copper_stonecutting": Recipes {
            type: "minecraft:stonecutting",
            result: minecraft:waxed_oxidized_cut_copper,
        },
        "red_sandstone": Recipes {
            type: "minecraft:crafting_shaped",
            category: "building",
            key: {
                "#": Result {
                    item: "minecraft:red_sand",
                },
            },
            pattern: [
                "##",
                "##",
            ],
            result: Result {
                item: "minecraft:red_sandstone",
            },
            show_notification: true,
        },
        "iron_ingot_from_iron_block": Recipes {
            type: "minecraft:crafting_shapeless",
            category: "misc",
            group: "iron_ingot",
            ingredients: [
                Result {
                    item: "minecraft:iron_block",
                },
            ],
            result: Result {
                count: 9,
                item: "minecraft:iron_ingot",
            },
        },
        "beacon": Recipes {
            type: "minecraft:crafting_shaped",
            category: "misc",
            key: {
                "G": Result {
                    item: "minecraft:glass",
                },
                "O": Result {
                    item: "minecraft:obsidian",
                },
                "S": Result {
                    item: "minecraft:nether_star",
                },
            },
            pattern: [
                "GGG",
                "GSG",
                "OOO",
            ],
            result: Result {
                item: "minecraft:beacon",
            },
            show_notification: true,
        },
        "purple_stained_glass": Recipes {
            type: "minecraft:crafting_shaped",
            category: "building",
            group: "stained_glass",
            key: {
                "X": Result {
                    item: "minecraft:purple_dye",
                },
                "#": Result {
                    item: "minecraft:glass",
                },
            },
            pattern: [
                "###",
                "#X#",
                "###",
            ],
            result: Result {
                count: 8,
                item: "minecraft:purple_stained_glass",
            },
            show_notification: true,
        },
        "waxed_exposed_cut_copper_stairs_from_waxed_exposed_copper_stonecutting": Recipes {
            type: "minecraft:stonecutting",
            result: minecraft:waxed_exposed_cut_copper_stairs,
        },
        "observer": Recipes {
            type: "minecraft:crafting_shaped",
            category: "redstone",
            key: {
                "#": Result {
                    item: "minecraft:cobblestone",
                },
                "Q": Result {
                    item: "minecraft:quartz",
                },
                "R": Result {
                    item: "minecraft:redstone",
                },
            },
            pattern: [
                "###",
                "RRQ",
                "###",
            ],
            result: Result {
                item: "minecraft:observer",
            },
            show_notification: true,
        },
        "smooth_sandstone_stairs_from_smooth_sandstone_stonecutting": Recipes {
            type: "minecraft:stonecutting",
            result: minecraft:smooth_sandstone_stairs,
        },
        "light_blue_candle": Recipes {
            type: "minecraft:crafting_shapeless",
            category: "misc",
            group: "dyed_candle",
            ingredients: [
                Result {
                    item: "minecraft:candle",
                },
                Result {
                    item: "minecraft:light_blue_dye",
                },
            ],
            result: Result {
                item: "minecraft:light_blue_candle",
            },
        },
        "candle": Recipes {
            type: "minecraft:crafting_shaped",
            category: "misc",
            key: {
                "H": Result {
                    item: "minecraft:honeycomb",
                },
                "S": Result {
                    item: "minecraft:string",
                },
            },
            pattern: [
                "S",
                "H",
            ],
            result: Result {
                item: "minecraft:candle",
            },
            show_notification: true,
        },
        "blackstone_wall_from_blackstone_stonecutting": Recipes {
            type: "minecraft:stonecutting",
            result: minecraft:blackstone_wall,
        },
        "smooth_sandstone_slab_from_smooth_sandstone_stonecutting": Recipes {
            type: "minecraft:stonecutting",
            result: minecraft:smooth_sandstone_slab,
        },
        "pink_bed_from_white_bed": Recipes {
            type: "minecraft:crafting_shapeless",
            category: "misc",
            group: "dyed_bed",
            ingredients: [
                Result {
                    item: "minecraft:white_bed",
                },
                Result {
                    item: "minecraft:pink_dye",
                },
            ],
            result: Result {
                item: "minecraft:pink_bed",
            },
        },
        "birch_fence_gate": Recipes {
            type: "minecraft:crafting_shaped",
            category: "redstone",
            group: "wooden_fence_gate",
            key: {
                "#": Result {
                    item: "minecraft:stick",
                },
                "W": Result {
                    item: "minecraft:birch_planks",
                },
            },
            pattern: [
                "#W#",
                "#W#",
            ],
            result: Result {
                item: "minecraft:birch_fence_gate",
            },
            show_notification: true,
        },
        "iron_boots": Recipes {
            type: "minecraft:crafting_shaped",
            category: "equipment",
            key: {
                "X": Result {
                    item: "minecraft:iron_ingot",
                },
            },
            pattern: [
                "X X",
                "X X",
            ],
            result: Result {
                item: "minecraft:iron_boots",
            },
            show_notification: true,
        },
        "stone_slab": Recipes {
            type: "minecraft:crafting_shaped",
            category: "building",
            key: {
                "#": Result {
                    item: "minecraft:stone",
                },
            },
            pattern: [
                "###",
            ],
            result: Result {
                count: 6,
                item: "minecraft:stone_slab",
            },
            show_notification: true,
        },
        "raw_copper_block": Recipes {
            type: "minecraft:crafting_shaped",
            category: "building",
            key: {
                "#": Result {
                    item: "minecraft:raw_copper",
                },
            },
            pattern: [
                "###",
                "###",
                "###",
            ],
            result: Result {
                item: "minecraft:raw_copper_block",
            },
            show_notification: true,
        },
        "stripped_jungle_wood": Recipes {
            type: "minecraft:crafting_shaped",
            category: "building",
            group: "bark",
            key: {
                "#": Result {
                    item: "minecraft:stripped_jungle_log",
                },
            },
            pattern: [
                "##",
                "##",
            ],
            result: Result {
                count: 3,
                item: "minecraft:stripped_jungle_wood",
            },
            show_notification: true,
        },
        "spruce_trapdoor": Recipes {
            type: "minecraft:crafting_shaped",
            category: "redstone",
            group: "wooden_trapdoor",
            key: {
                "#": Result {
                    item: "minecraft:spruce_planks",
                },
            },
            pattern: [
                "###",
                "###",
            ],
            result: Result {
                count: 2,
                item: "minecraft:spruce_trapdoor",
            },
            show_notification: true,
        },
        "lime_wool": Recipes {
            type: "minecraft:crafting_shapeless",
            category: "building",
            group: "wool",
            ingredients: [
                Result {
                    item: "minecraft:lime_dye",
                },
                Result {
                    item: "minecraft:white_wool",
                },
            ],
            result: Result {
                item: "minecraft:lime_wool",
            },
        },
        "gray_bed_from_white_bed": Recipes {
            type: "minecraft:crafting_shapeless",
            category: "misc",
            group: "dyed_bed",
            ingredients: [
                Result {
                    item: "minecraft:white_bed",
                },
                Result {
                    item: "minecraft:gray_dye",
                },
            ],
            result: Result {
                item: "minecraft:gray_bed",
            },
        },
        "mossy_cobblestone_from_vine": Recipes {
            type: "minecraft:crafting_shapeless",
            category: "building",
            group: "mossy_cobblestone",
            ingredients: [
                Result {
                    item: "minecraft:cobblestone",
                },
                Result {
                    item: "minecraft:vine",
                },
            ],
            result: Result {
                item: "minecraft:mossy_cobblestone",
            },
        },
        "red_nether_brick_wall": Recipes {
            type: "minecraft:crafting_shaped",
            category: "misc",
            key: {
                "#": Result {
                    item: "minecraft:red_nether_bricks",
                },
            },
            pattern: [
                "###",
                "###",
            ],
            result: Result {
                count: 6,
                item: "minecraft:red_nether_brick_wall",
            },
            show_notification: true,
        },
        "popped_chorus_fruit": Recipes {
            type: "minecraft:smelting",
            category: "misc",
            result: minecraft:popped_chorus_fruit,
            experience: 0.1,
            cookingtime: 200,
        },
        "orange_carpet": Recipes {
            type: "minecraft:crafting_shaped",
            category: "misc",
            group: "carpet",
            key: {
                "#": Result {
                    item: "minecraft:orange_wool",
                },
            },
            pattern: [
                "##",
            ],
            result: Result {
                count: 3,
                item: "minecraft:orange_carpet",
            },
            show_notification: true,
        },
        "gray_concrete_powder": Recipes {
            type: "minecraft:crafting_shapeless",
            category: "building",
            group: "concrete_powder",
            ingredients: [
                Result {
                    item: "minecraft:gray_dye",
                },
                Result {
                    item: "minecraft:sand",
                },
                Result {
                    item: "minecraft:sand",
                },
                Result {
                    item: "minecraft:sand",
                },
                Result {
                    item: "minecraft:sand",
                },
                Result {
                    item: "minecraft:gravel",
                },
                Result {
                    item: "minecraft:gravel",
                },
                Result {
                    item: "minecraft:gravel",
                },
                Result {
                    item: "minecraft:gravel",
                },
            ],
            result: Result {
                count: 8,
                item: "minecraft:gray_concrete_powder",
            },
        },
        "birch_boat": Recipes {
            type: "minecraft:crafting_shaped",
            category: "misc",
            group: "boat",
            key: {
                "#": Result {
                    item: "minecraft:birch_planks",
                },
            },
            pattern: [
                "# #",
                "###",
            ],
            result: Result {
                item: "minecraft:birch_boat",
            },
            show_notification: true,
        },
        "spruce_slab": Recipes {
            type: "minecraft:crafting_shaped",
            category: "building",
            group: "wooden_slab",
            key: {
                "#": Result {
                    item: "minecraft:spruce_planks",
                },
            },
            pattern: [
                "###",
            ],
            result: Result {
                count: 6,
                item: "minecraft:spruce_slab",
            },
            show_notification: true,
        },
        "cooked_cod": Recipes {
            type: "minecraft:smelting",
            category: "food",
            result: minecraft:cooked_cod,
            experience: 0.35,
            cookingtime: 200,
        },
        "yellow_banner": Recipes {
            type: "minecraft:crafting_shaped",
            category: "misc",
            group: "banner",
            key: {
                "|": Result {
                    item: "minecraft:stick",
                },
                "#": Result {
                    item: "minecraft:yellow_wool",
                },
            },
            pattern: [
                "###",
                "###",
                " | ",
            ],
            result: Result {
                item: "minecraft:yellow_banner",
            },
            show_notification: true,
        },
        "leather": Recipes {
            type: "minecraft:crafting_shaped",
            category: "misc",
            key: {
                "#": Result {
                    item: "minecraft:rabbit_hide",
                },
            },
            pattern: [
                "##",
                "##",
            ],
            result: Result {
                item: "minecraft:leather",
            },
            show_notification: true,
        },
        "chiseled_sandstone_from_sandstone_stonecutting": Recipes {
            type: "minecraft:stonecutting",
            result: minecraft:chiseled_sandstone,
        },
        "target": Recipes {
            type: "minecraft:crafting_shaped",
            category: "redstone",
            key: {
                "H": Result {
                    item: "minecraft:hay_block",
                },
                "R": Result {
                    item: "minecraft:redstone",
                },
            },
            pattern: [
                " R ",
                "RHR",
                " R ",
            ],
            result: Result {
                item: "minecraft:target",
            },
            show_notification: true,
        },
        "oak_trapdoor": Recipes {
            type: "minecraft:crafting_shaped",
            category: "redstone",
            group: "wooden_trapdoor",
            key: {
                "#": Result {
                    item: "minecraft:oak_planks",
                },
            },
            pattern: [
                "###",
                "###",
            ],
            result: Result {
                count: 2,
                item: "minecraft:oak_trapdoor",
            },
            show_notification: true,
        },
        "black_banner": Recipes {
            type: "minecraft:crafting_shaped",
            category: "misc",
            group: "banner",
            key: {
                "#": Result {
                    item: "minecraft:black_wool",
                },
                "|": Result {
                    item: "minecraft:stick",
                },
            },
            pattern: [
                "###",
                "###",
                " | ",
            ],
            result: Result {
                item: "minecraft:black_banner",
            },
            show_notification: true,
        },
        "cake": Recipes {
            type: "minecraft:crafting_shaped",
            category: "misc",
            key: {
                "E": Result {
                    item: "minecraft:egg",
                },
                "A": Result {
                    item: "minecraft:milk_bucket",
                },
                "B": Result {
                    item: "minecraft:sugar",
                },
                "C": Result {
                    item: "minecraft:wheat",
                },
            },
            pattern: [
                "AAA",
                "BEB",
                "CCC",
            ],
            result: Result {
                item: "minecraft:cake",
            },
            show_notification: true,
        },
        "cut_red_sandstone_slab_from_red_sandstone_stonecutting": Recipes {
            type: "minecraft:stonecutting",
            result: minecraft:cut_red_sandstone_slab,
        },
        "ender_eye": Recipes {
            type: "minecraft:crafting_shapeless",
            category: "misc",
            ingredients: [
                Result {
                    item: "minecraft:ender_pearl",
                },
                Result {
                    item: "minecraft:blaze_powder",
                },
            ],
            result: Result {
                item: "minecraft:ender_eye",
            },
        },
        "black_carpet": Recipes {
            type: "minecraft:crafting_shaped",
            category: "misc",
            group: "carpet",
            key: {
                "#": Result {
                    item: "minecraft:black_wool",
                },
            },
            pattern: [
                "##",
            ],
            result: Result {
                count: 3,
                item: "minecraft:black_carpet",
            },
            show_notification: true,
        },
        "polished_diorite_stairs_from_polished_diorite_stonecutting": Recipes {
            type: "minecraft:stonecutting",
            result: minecraft:polished_diorite_stairs,
        },
        "prismarine_stairs_from_prismarine_stonecutting": Recipes {
            type: "minecraft:stonecutting",
            result: minecraft:prismarine_stairs,
        },
        "cobblestone_slab_from_cobblestone_stonecutting": Recipes {
            type: "minecraft:stonecutting",
            result: minecraft:cobblestone_slab,
        },
        "pumpkin_seeds": Recipes {
            type: "minecraft:crafting_shapeless",
            category: "misc",
            ingredients: [
                Result {
                    item: "minecraft:pumpkin",
                },
            ],
            result: Result {
                count: 4,
                item: "minecraft:pumpkin_seeds",
            },
        },
        "golden_hoe": Recipes {
            type: "minecraft:crafting_shaped",
            category: "equipment",
            key: {
                "X": Result {
                    item: "minecraft:gold_ingot",
                },
                "#": Result {
                    item: "minecraft:stick",
                },
            },
            pattern: [
                "XX",
                " #",
                " #",
            ],
            result: Result {
                item: "minecraft:golden_hoe",
            },
            show_notification: true,
        },
        "soul_lantern": Recipes {
            type: "minecraft:crafting_shaped",
            category: "misc",
            key: {
                "#": Result {
                    item: "minecraft:soul_torch",
                },
                "X": Result {
                    item: "minecraft:iron_nugget",
                },
            },
            pattern: [
                "XXX",
                "X#X",
                "XXX",
            ],
            result: Result {
                item: "minecraft:soul_lantern",
            },
            show_notification: true,
        },
        "cyan_carpet_from_white_carpet": Recipes {
            type: "minecraft:crafting_shaped",
            category: "misc",
            group: "carpet",
            key: {
                "#": Result {
                    item: "minecraft:white_carpet",
                },
                "$": Result {
                    item: "minecraft:cyan_dye",
                },
            },
            pattern: [
                "###",
                "#$#",
                "###",
            ],
            result: Result {
                count: 8,
                item: "minecraft:cyan_carpet",
            },
            show_notification: true,
        },
        "netherite_sword_smithing": Recipes {
            type: "minecraft:smithing",
            result: Result {
                item: "minecraft:netherite_sword",
            },
        },
        "lime_stained_glass": Recipes {
            type: "minecraft:crafting_shaped",
            category: "building",
            group: "stained_glass",
            key: {
                "#": Result {
                    item: "minecraft:glass",
                },
                "X": Result {
                    item: "minecraft:lime_dye",
                },
            },
            pattern: [
                "###",
                "#X#",
                "###",
            ],
            result: Result {
                count: 8,
                item: "minecraft:lime_stained_glass",
            },
            show_notification: true,
        },
        "mangrove_trapdoor": Recipes {
            type: "minecraft:crafting_shaped",
            category: "redstone",
            group: "wooden_trapdoor",
            key: {
                "#": Result {
                    item: "minecraft:mangrove_planks",
                },
            },
            pattern: [
                "###",
                "###",
            ],
            result: Result {
                count: 2,
                item: "minecraft:mangrove_trapdoor",
            },
            show_notification: true,
        },
        "white_wool_from_string": Recipes {
            type: "minecraft:crafting_shaped",
            category: "building",
            key: {
                "#": Result {
                    item: "minecraft:string",
                },
            },
            pattern: [
                "##",
                "##",
            ],
            result: Result {
                item: "minecraft:white_wool",
            },
            show_notification: true,
        },
        "granite_wall_from_granite_stonecutting": Recipes {
            type: "minecraft:stonecutting",
            result: minecraft:granite_wall,
        },
        "smooth_quartz_slab": Recipes {
            type: "minecraft:crafting_shaped",
            category: "building",
            key: {
                "#": Result {
                    item: "minecraft:smooth_quartz",
                },
            },
            pattern: [
                "###",
            ],
            result: Result {
                count: 6,
                item: "minecraft:smooth_quartz_slab",
            },
            show_notification: true,
        },
        "black_dye_from_wither_rose": Recipes {
            type: "minecraft:crafting_shapeless",
            category: "misc",
            group: "black_dye",
            ingredients: [
                Result {
                    item: "minecraft:wither_rose",
                },
            ],
            result: Result {
                item: "minecraft:black_dye",
            },
        },
        "waxed_exposed_cut_copper_stairs": Recipes {
            type: "minecraft:crafting_shaped",
            category: "building",
            group: "waxed_exposed_cut_copper_stairs",
            key: {
                "#": Result {
                    item: "minecraft:waxed_exposed_cut_copper",
                },
            },
            pattern: [
                "#  ",
                "## ",
                "###",
            ],
            result: Result {
                count: 4,
                item: "minecraft:waxed_exposed_cut_copper_stairs",
            },
            show_notification: true,
        },
        "brick_slab": Recipes {
            type: "minecraft:crafting_shaped",
            category: "building",
            key: {
                "#": Result {
                    item: "minecraft:bricks",
                },
            },
            pattern: [
                "###",
            ],
            result: Result {
                count: 6,
                item: "minecraft:brick_slab",
            },
            show_notification: true,
        },
        "chiseled_stone_bricks_from_stone_bricks_stonecutting": Recipes {
            type: "minecraft:stonecutting",
            result: minecraft:chiseled_stone_bricks,
        },
        "orange_stained_glass": Recipes {
            type: "minecraft:crafting_shaped",
            category: "building",
            group: "stained_glass",
            key: {
                "X": Result {
                    item: "minecraft:orange_dye",
                },
                "#": Result {
                    item: "minecraft:glass",
                },
            },
            pattern: [
                "###",
                "#X#",
                "###",
            ],
            result: Result {
                count: 8,
                item: "minecraft:orange_stained_glass",
            },
            show_notification: true,
        },
        "blue_dye": Recipes {
            type: "minecraft:crafting_shapeless",
            category: "misc",
            group: "blue_dye",
            ingredients: [
                Result {
                    item: "minecraft:lapis_lazuli",
                },
            ],
            result: Result {
                item: "minecraft:blue_dye",
            },
        },
        "cut_red_sandstone_from_red_sandstone_stonecutting": Recipes {
            type: "minecraft:stonecutting",
            result: minecraft:cut_red_sandstone,
        },
        "light_blue_dye_from_blue_white_dye": Recipes {
            type: "minecraft:crafting_shapeless",
            category: "misc",
            group: "light_blue_dye",
            ingredients: [
                Result {
                    item: "minecraft:blue_dye",
                },
                Result {
                    item: "minecraft:white_dye",
                },
            ],
            result: Result {
                count: 2,
                item: "minecraft:light_blue_dye",
            },
        },
        "purple_concrete_powder": Recipes {
            type: "minecraft:crafting_shapeless",
            category: "building",
            group: "concrete_powder",
            ingredients: [
                Result {
                    item: "minecraft:purple_dye",
                },
                Result {
                    item: "minecraft:sand",
                },
                Result {
                    item: "minecraft:sand",
                },
                Result {
                    item: "minecraft:sand",
                },
                Result {
                    item: "minecraft:sand",
                },
                Result {
                    item: "minecraft:gravel",
                },
                Result {
                    item: "minecraft:gravel",
                },
                Result {
                    item: "minecraft:gravel",
                },
                Result {
                    item: "minecraft:gravel",
                },
            ],
            result: Result {
                count: 8,
                item: "minecraft:purple_concrete_powder",
            },
        },
        "blackstone_stairs_from_blackstone_stonecutting": Recipes {
            type: "minecraft:stonecutting",
            result: minecraft:blackstone_stairs,
        },
        "spruce_pressure_plate": Recipes {
            type: "minecraft:crafting_shaped",
            category: "redstone",
            group: "wooden_pressure_plate",
            key: {
                "#": Result {
                    item: "minecraft:spruce_planks",
                },
            },
            pattern: [
                "##",
            ],
            result: Result {
                item: "minecraft:spruce_pressure_plate",
            },
            show_notification: true,
        },
        "polished_blackstone_stairs_from_polished_blackstone_stonecutting": Recipes {
            type: "minecraft:stonecutting",
            result: minecraft:polished_blackstone_stairs,
        },
        "polished_deepslate_slab_from_polished_deepslate_stonecutting": Recipes {
            type: "minecraft:stonecutting",
            result: minecraft:polished_deepslate_slab,
        },
        "white_stained_glass_pane_from_glass_pane": Recipes {
            type: "minecraft:crafting_shaped",
            category: "misc",
            group: "stained_glass_pane",
            key: {
                "#": Result {
                    item: "minecraft:glass_pane",
                },
                "$": Result {
                    item: "minecraft:white_dye",
                },
            },
            pattern: [
                "###",
                "#$#",
                "###",
            ],
            result: Result {
                count: 8,
                item: "minecraft:white_stained_glass_pane",
            },
            show_notification: true,
        },
        "oak_fence": Recipes {
            type: "minecraft:crafting_shaped",
            category: "misc",
            group: "wooden_fence",
            key: {
                "#": Result {
                    item: "minecraft:stick",
                },
                "W": Result {
                    item: "minecraft:oak_planks",
                },
            },
            pattern: [
                "W#W",
                "W#W",
            ],
            result: Result {
                count: 3,
                item: "minecraft:oak_fence",
            },
            show_notification: true,
        },
        "red_dye_from_beetroot": Recipes {
            type: "minecraft:crafting_shapeless",
            category: "misc",
            group: "red_dye",
            ingredients: [
                Result {
                    item: "minecraft:beetroot",
                },
            ],
            result: Result {
                item: "minecraft:red_dye",
            },
        },
        "spruce_planks": Recipes {
            type: "minecraft:crafting_shapeless",
            category: "building",
            group: "planks",
            ingredients: [
                Result {
                    item: "minecraft:spruce_logs",
                },
            ],
            result: Result {
                count: 4,
                item: "minecraft:spruce_planks",
            },
        },
        "stone_hoe": Recipes {
            type: "minecraft:crafting_shaped",
            category: "equipment",
            key: {
                "#": Result {
                    item: "minecraft:stick",
                },
                "X": Result {
                    item: "minecraft:stone_tool_materials",
                },
            },
            pattern: [
                "XX",
                " #",
                " #",
            ],
            result: Result {
                item: "minecraft:stone_hoe",
            },
            show_notification: true,
        },
        "pink_candle": Recipes {
            type: "minecraft:crafting_shapeless",
            category: "misc",
            group: "dyed_candle",
            ingredients: [
                Result {
                    item: "minecraft:candle",
                },
                Result {
                    item: "minecraft:pink_dye",
                },
            ],
            result: Result {
                item: "minecraft:pink_candle",
            },
        },
        "granite_slab": Recipes {
            type: "minecraft:crafting_shaped",
            category: "building",
            key: {
                "#": Result {
                    item: "minecraft:granite",
                },
            },
            pattern: [
                "###",
            ],
            result: Result {
                count: 6,
                item: "minecraft:granite_slab",
            },
            show_notification: true,
        },
        "yellow_bed": Recipes {
            type: "minecraft:crafting_shaped",
            category: "misc",
            group: "bed",
            key: {
                "X": Result {
                    item: "minecraft:planks",
                },
                "#": Result {
                    item: "minecraft:yellow_wool",
                },
            },
            pattern: [
                "###",
                "XXX",
            ],
            result: Result {
                item: "minecraft:yellow_bed",
            },
            show_notification: true,
        },
        "waxed_oxidized_cut_copper_slab_from_honeycomb": Recipes {
            type: "minecraft:crafting_shapeless",
            category: "building",
            group: "waxed_oxidized_cut_copper_slab",
            ingredients: [
                Result {
                    item: "minecraft:oxidized_cut_copper_slab",
                },
                Result {
                    item: "minecraft:honeycomb",
                },
            ],
            result: Result {
                item: "minecraft:waxed_oxidized_cut_copper_slab",
            },
        },
        "chiseled_red_sandstone_from_red_sandstone_stonecutting": Recipes {
            type: "minecraft:stonecutting",
            result: minecraft:chiseled_red_sandstone,
        },
        "acacia_pressure_plate": Recipes {
            type: "minecraft:crafting_shaped",
            category: "redstone",
            group: "wooden_pressure_plate",
            key: {
                "#": Result {
                    item: "minecraft:acacia_planks",
                },
            },
            pattern: [
                "##",
            ],
            result: Result {
                item: "minecraft:acacia_pressure_plate",
            },
            show_notification: true,
        },
        "oxidized_cut_copper_from_oxidized_copper_stonecutting": Recipes {
            type: "minecraft:stonecutting",
            result: minecraft:oxidized_cut_copper,
        },
        "sandstone_slab_from_sandstone_stonecutting": Recipes {
            type: "minecraft:stonecutting",
            result: minecraft:sandstone_slab,
        },
        "dark_oak_fence_gate": Recipes {
            type: "minecraft:crafting_shaped",
            category: "redstone",
            group: "wooden_fence_gate",
            key: {
                "W": Result {
                    item: "minecraft:dark_oak_planks",
                },
                "#": Result {
                    item: "minecraft:stick",
                },
            },
            pattern: [
                "#W#",
                "#W#",
            ],
            result: Result {
                item: "minecraft:dark_oak_fence_gate",
            },
            show_notification: true,
        },
        "smooth_stone_slab": Recipes {
            type: "minecraft:crafting_shaped",
            category: "building",
            key: {
                "#": Result {
                    item: "minecraft:smooth_stone",
                },
            },
            pattern: [
                "###",
            ],
            result: Result {
                count: 6,
                item: "minecraft:smooth_stone_slab",
            },
            show_notification: true,
        },
        "polished_blackstone_bricks_from_blackstone_stonecutting": Recipes {
            type: "minecraft:stonecutting",
            result: minecraft:polished_blackstone_bricks,
        },
        "lapis_lazuli_from_blasting_lapis_ore": Recipes {
            type: "minecraft:blasting",
            category: "misc",
            group: "lapis_lazuli",
            result: minecraft:lapis_lazuli,
            experience: 0.2,
            cookingtime: 100,
        },
        "red_nether_brick_stairs": Recipes {
            type: "minecraft:crafting_shaped",
            category: "building",
            key: {
                "#": Result {
                    item: "minecraft:red_nether_bricks",
                },
            },
            pattern: [
                "#  ",
                "## ",
                "###",
            ],
            result: Result {
                count: 4,
                item: "minecraft:red_nether_brick_stairs",
            },
            show_notification: true,
        },
        "magenta_dye_from_blue_red_white_dye": Recipes {
            type: "minecraft:crafting_shapeless",
            category: "misc",
            group: "magenta_dye",
            ingredients: [
                Result {
                    item: "minecraft:blue_dye",
                },
                Result {
                    item: "minecraft:red_dye",
                },
                Result {
                    item: "minecraft:red_dye",
                },
                Result {
                    item: "minecraft:white_dye",
                },
            ],
            result: Result {
                count: 4,
                item: "minecraft:magenta_dye",
            },
        },
        "blast_furnace": Recipes {
            type: "minecraft:crafting_shaped",
            category: "misc",
            key: {
                "I": Result {
                    item: "minecraft:iron_ingot",
                },
                "X": Result {
                    item: "minecraft:furnace",
                },
                "#": Result {
                    item: "minecraft:smooth_stone",
                },
            },
            pattern: [
                "III",
                "IXI",
                "###",
            ],
            result: Result {
                item: "minecraft:blast_furnace",
            },
            show_notification: true,
        },
        "emerald_from_smelting_deepslate_emerald_ore": Recipes {
            type: "minecraft:smelting",
            category: "misc",
            group: "emerald",
            result: minecraft:emerald,
            experience: 1.0,
            cookingtime: 200,
        },
        "acacia_slab": Recipes {
            type: "minecraft:crafting_shaped",
            category: "building",
            group: "wooden_slab",
            key: {
                "#": Result {
                    item: "minecraft:acacia_planks",
                },
            },
            pattern: [
                "###",
            ],
            result: Result {
                count: 6,
                item: "minecraft:acacia_slab",
            },
            show_notification: true,
        },
        "red_nether_brick_wall_from_red_nether_bricks_stonecutting": Recipes {
            type: "minecraft:stonecutting",
            result: minecraft:red_nether_brick_wall,
        },
        "waxed_weathered_cut_copper": Recipes {
            type: "minecraft:crafting_shaped",
            category: "building",
            group: "waxed_weathered_cut_copper",
            key: {
                "#": Result {
                    item: "minecraft:waxed_weathered_copper",
                },
            },
            pattern: [
                "##",
                "##",
            ],
            result: Result {
                count: 4,
                item: "minecraft:waxed_weathered_cut_copper",
            },
            show_notification: true,
        },
        "coal_block": Recipes {
            type: "minecraft:crafting_shaped",
            category: "building",
            key: {
                "#": Result {
                    item: "minecraft:coal",
                },
            },
            pattern: [
                "###",
                "###",
                "###",
            ],
            result: Result {
                item: "minecraft:coal_block",
            },
            show_notification: true,
        },
        "andesite_slab": Recipes {
            type: "minecraft:crafting_shaped",
            category: "building",
            key: {
                "#": Result {
                    item: "minecraft:andesite",
                },
            },
            pattern: [
                "###",
            ],
            result: Result {
                count: 6,
                item: "minecraft:andesite_slab",
            },
            show_notification: true,
        },
        "dark_prismarine_slab": Recipes {
            type: "minecraft:crafting_shaped",
            category: "building",
            key: {
                "#": Result {
                    item: "minecraft:dark_prismarine",
                },
            },
            pattern: [
                "###",
            ],
            result: Result {
                count: 6,
                item: "minecraft:dark_prismarine_slab",
            },
            show_notification: true,
        },
        "mangrove_planks": Recipes {
            type: "minecraft:crafting_shapeless",
            category: "building",
            group: "planks",
            ingredients: [
                Result {
                    item: "minecraft:mangrove_logs",
                },
            ],
            result: Result {
                count: 4,
                item: "minecraft:mangrove_planks",
            },
        },
        "loom": Recipes {
            type: "minecraft:crafting_shaped",
            category: "misc",
            key: {
                "@": Result {
                    item: "minecraft:string",
                },
                "#": Result {
                    item: "minecraft:planks",
                },
            },
            pattern: [
                "@@",
                "##",
            ],
            result: Result {
                item: "minecraft:loom",
            },
            show_notification: true,
        },
        "iron_ingot_from_nuggets": Recipes {
            type: "minecraft:crafting_shaped",
            category: "misc",
            group: "iron_ingot",
            key: {
                "#": Result {
                    item: "minecraft:iron_nugget",
                },
            },
            pattern: [
                "###",
                "###",
                "###",
            ],
            result: Result {
                item: "minecraft:iron_ingot",
            },
            show_notification: true,
        },
        "cobbled_deepslate_stairs": Recipes {
            type: "minecraft:crafting_shaped",
            category: "building",
            key: {
                "#": Result {
                    item: "minecraft:cobbled_deepslate",
                },
            },
            pattern: [
                "#  ",
                "## ",
                "###",
            ],
            result: Result {
                count: 4,
                item: "minecraft:cobbled_deepslate_stairs",
            },
            show_notification: true,
        },
        "cut_copper_slab_from_cut_copper_stonecutting": Recipes {
            type: "minecraft:stonecutting",
            result: minecraft:cut_copper_slab,
        },
        "wooden_pickaxe": Recipes {
            type: "minecraft:crafting_shaped",
            category: "equipment",
            key: {
                "X": Result {
                    item: "minecraft:planks",
                },
                "#": Result {
                    item: "minecraft:stick",
                },
            },
            pattern: [
                "XXX",
                " # ",
                " # ",
            ],
            result: Result {
                item: "minecraft:wooden_pickaxe",
            },
            show_notification: true,
        },
        "polished_deepslate_wall_from_polished_deepslate_stonecutting": Recipes {
            type: "minecraft:stonecutting",
            result: minecraft:polished_deepslate_wall,
        },
        "smooth_red_sandstone": Recipes {
            type: "minecraft:smelting",
            category: "blocks",
            result: minecraft:smooth_red_sandstone,
            experience: 0.1,
            cookingtime: 200,
        },
        "golden_pickaxe": Recipes {
            type: "minecraft:crafting_shaped",
            category: "equipment",
            key: {
                "#": Result {
                    item: "minecraft:stick",
                },
                "X": Result {
                    item: "minecraft:gold_ingot",
                },
            },
            pattern: [
                "XXX",
                " # ",
                " # ",
            ],
            result: Result {
                item: "minecraft:golden_pickaxe",
            },
            show_notification: true,
        },
        "mangrove_pressure_plate": Recipes {
            type: "minecraft:crafting_shaped",
            category: "redstone",
            group: "wooden_pressure_plate",
            key: {
                "#": Result {
                    item: "minecraft:mangrove_planks",
                },
            },
            pattern: [
                "##",
            ],
            result: Result {
                item: "minecraft:mangrove_pressure_plate",
            },
            show_notification: true,
        },
        "nether_brick_wall": Recipes {
            type: "minecraft:crafting_shaped",
            category: "misc",
            key: {
                "#": Result {
                    item: "minecraft:nether_bricks",
                },
            },
            pattern: [
                "###",
                "###",
            ],
            result: Result {
                count: 6,
                item: "minecraft:nether_brick_wall",
            },
            show_notification: true,
        },
        "jungle_chest_boat": Recipes {
            type: "minecraft:crafting_shapeless",
            category: "misc",
            group: "chest_boat",
            ingredients: [
                Result {
                    item: "minecraft:chest",
                },
                Result {
                    item: "minecraft:jungle_boat",
                },
            ],
            result: Result {
                item: "minecraft:jungle_chest_boat",
            },
        },
        "polished_deepslate_slab": Recipes {
            type: "minecraft:crafting_shaped",
            category: "building",
            key: {
                "#": Result {
                    item: "minecraft:polished_deepslate",
                },
            },
            pattern: [
                "###",
            ],
            result: Result {
                count: 6,
                item: "minecraft:polished_deepslate_slab",
            },
            show_notification: true,
        },
        "polished_blackstone_slab_from_polished_blackstone_stonecutting": Recipes {
            type: "minecraft:stonecutting",
            result: minecraft:polished_blackstone_slab,
        },
        "stick_from_bamboo_item": Recipes {
            type: "minecraft:crafting_shaped",
            category: "misc",
            group: "sticks",
            key: {
                "#": Result {
                    item: "minecraft:bamboo",
                },
            },
            pattern: [
                "#",
                "#",
            ],
            result: Result {
                item: "minecraft:stick",
            },
            show_notification: true,
        },
        "polished_granite": Recipes {
            type: "minecraft:crafting_shaped",
            category: "building",
            key: {
                "S": Result {
                    item: "minecraft:granite",
                },
            },
            pattern: [
                "SS",
                "SS",
            ],
            result: Result {
                count: 4,
                item: "minecraft:polished_granite",
            },
            show_notification: true,
        },
        "blackstone_stairs": Recipes {
            type: "minecraft:crafting_shaped",
            category: "building",
            key: {
                "#": Result {
                    item: "minecraft:blackstone",
                },
            },
            pattern: [
                "#  ",
                "## ",
                "###",
            ],
            result: Result {
                count: 4,
                item: "minecraft:blackstone_stairs",
            },
            show_notification: true,
        },
        "gold_ingot_from_blasting_deepslate_gold_ore": Recipes {
            type: "minecraft:blasting",
            category: "misc",
            group: "gold_ingot",
            result: minecraft:gold_ingot,
            experience: 1.0,
            cookingtime: 100,
        },
        "end_stone_brick_wall_from_end_stone_brick_stonecutting": Recipes {
            type: "minecraft:stonecutting",
            result: minecraft:end_stone_brick_wall,
        },
        "cut_red_sandstone": Recipes {
            type: "minecraft:crafting_shaped",
            category: "building",
            key: {
                "#": Result {
                    item: "minecraft:red_sandstone",
                },
            },
            pattern: [
                "##",
                "##",
            ],
            result: Result {
                count: 4,
                item: "minecraft:cut_red_sandstone",
            },
            show_notification: true,
        },
        "polished_deepslate_stairs": Recipes {
            type: "minecraft:crafting_shaped",
            category: "building",
            key: {
                "#": Result {
                    item: "minecraft:polished_deepslate",
                },
            },
            pattern: [
                "#  ",
                "## ",
                "###",
            ],
            result: Result {
                count: 4,
                item: "minecraft:polished_deepslate_stairs",
            },
            show_notification: true,
        },
        "waxed_exposed_copper_from_honeycomb": Recipes {
            type: "minecraft:crafting_shapeless",
            category: "building",
            group: "waxed_exposed_copper",
            ingredients: [
                Result {
                    item: "minecraft:exposed_copper",
                },
                Result {
                    item: "minecraft:honeycomb",
                },
            ],
            result: Result {
                item: "minecraft:waxed_exposed_copper",
            },
        },
        "cobbled_deepslate_stairs_from_cobbled_deepslate_stonecutting": Recipes {
            type: "minecraft:stonecutting",
            result: minecraft:cobbled_deepslate_stairs,
        },
        "baked_potato_from_smoking": Recipes {
            type: "minecraft:smoking",
            category: "food",
            result: minecraft:baked_potato,
            experience: 0.35,
            cookingtime: 100,
        },
        "exposed_cut_copper_from_exposed_copper_stonecutting": Recipes {
            type: "minecraft:stonecutting",
            result: minecraft:exposed_cut_copper,
        },
        "waxed_oxidized_cut_copper_stairs_from_waxed_oxidized_copper_stonecutting": Recipes {
            type: "minecraft:stonecutting",
            result: minecraft:waxed_oxidized_cut_copper_stairs,
        },
        "pink_carpet_from_white_carpet": Recipes {
            type: "minecraft:crafting_shaped",
            category: "misc",
            group: "carpet",
            key: {
                "$": Result {
                    item: "minecraft:pink_dye",
                },
                "#": Result {
                    item: "minecraft:white_carpet",
                },
            },
            pattern: [
                "###",
                "#$#",
                "###",
            ],
            result: Result {
                count: 8,
                item: "minecraft:pink_carpet",
            },
            show_notification: true,
        },
        "raw_copper": Recipes {
            type: "minecraft:crafting_shapeless",
            category: "misc",
            ingredients: [
                Result {
                    item: "minecraft:raw_copper_block",
                },
            ],
            result: Result {
                count: 9,
                item: "minecraft:raw_copper",
            },
        },
        "crimson_fence": Recipes {
            type: "minecraft:crafting_shaped",
            category: "misc",
            group: "wooden_fence",
            key: {
                "#": Result {
                    item: "minecraft:stick",
                },
                "W": Result {
                    item: "minecraft:crimson_planks",
                },
            },
            pattern: [
                "W#W",
                "W#W",
            ],
            result: Result {
                count: 3,
                item: "minecraft:crimson_fence",
            },
            show_notification: true,
        },
        "end_stone_brick_stairs_from_end_stone_brick_stonecutting": Recipes {
            type: "minecraft:stonecutting",
            result: minecraft:end_stone_brick_stairs,
        },
        "coal_from_blasting_deepslate_coal_ore": Recipes {
            type: "minecraft:blasting",
            category: "misc",
            group: "coal",
            result: minecraft:coal,
            experience: 0.1,
            cookingtime: 100,
        },
        "light_gray_bed": Recipes {
            type: "minecraft:crafting_shaped",
            category: "misc",
            group: "bed",
            key: {
                "X": Result {
                    item: "minecraft:planks",
                },
                "#": Result {
                    item: "minecraft:light_gray_wool",
                },
            },
            pattern: [
                "###",
                "XXX",
            ],
            result: Result {
                item: "minecraft:light_gray_bed",
            },
            show_notification: true,
        },
        "acacia_door": Recipes {
            type: "minecraft:crafting_shaped",
            category: "redstone",
            group: "wooden_door",
            key: {
                "#": Result {
                    item: "minecraft:acacia_planks",
                },
            },
            pattern: [
                "##",
                "##",
                "##",
            ],
            result: Result {
                count: 3,
                item: "minecraft:acacia_door",
            },
            show_notification: true,
        },
        "light_weighted_pressure_plate": Recipes {
            type: "minecraft:crafting_shaped",
            category: "redstone",
            key: {
                "#": Result {
                    item: "minecraft:gold_ingot",
                },
            },
            pattern: [
                "##",
            ],
            result: Result {
                item: "minecraft:light_weighted_pressure_plate",
            },
            show_notification: true,
        },
        "stone_shovel": Recipes {
            type: "minecraft:crafting_shaped",
            category: "equipment",
            key: {
                "X": Result {
                    item: "minecraft:stone_tool_materials",
                },
                "#": Result {
                    item: "minecraft:stick",
                },
            },
            pattern: [
                "X",
                "#",
                "#",
            ],
            result: Result {
                item: "minecraft:stone_shovel",
            },
            show_notification: true,
        },
        "cyan_banner": Recipes {
            type: "minecraft:crafting_shaped",
            category: "misc",
            group: "banner",
            key: {
                "#": Result {
                    item: "minecraft:cyan_wool",
                },
                "|": Result {
                    item: "minecraft:stick",
                },
            },
            pattern: [
                "###",
                "###",
                " | ",
            ],
            result: Result {
                item: "minecraft:cyan_banner",
            },
            show_notification: true,
        },
        "dark_oak_wood": Recipes {
            type: "minecraft:crafting_shaped",
            category: "building",
            group: "bark",
            key: {
                "#": Result {
                    item: "minecraft:dark_oak_log",
                },
            },
            pattern: [
                "##",
                "##",
            ],
            result: Result {
                count: 3,
                item: "minecraft:dark_oak_wood",
            },
            show_notification: true,
        },
        "emerald_from_smelting_emerald_ore": Recipes {
            type: "minecraft:smelting",
            category: "misc",
            group: "emerald",
            result: minecraft:emerald,
            experience: 1.0,
            cookingtime: 200,
        },
        "warped_button": Recipes {
            type: "minecraft:crafting_shapeless",
            category: "redstone",
            group: "wooden_button",
            ingredients: [
                Result {
                    item: "minecraft:warped_planks",
                },
            ],
            result: Result {
                item: "minecraft:warped_button",
            },
        },
        "leather_boots": Recipes {
            type: "minecraft:crafting_shaped",
            category: "equipment",
            key: {
                "X": Result {
                    item: "minecraft:leather",
                },
            },
            pattern: [
                "X X",
                "X X",
            ],
            result: Result {
                item: "minecraft:leather_boots",
            },
            show_notification: true,
        },
        "iron_axe": Recipes {
            type: "minecraft:crafting_shaped",
            category: "equipment",
            key: {
                "X": Result {
                    item: "minecraft:iron_ingot",
                },
                "#": Result {
                    item: "minecraft:stick",
                },
            },
            pattern: [
                "XX",
                "X#",
                " #",
            ],
            result: Result {
                item: "minecraft:iron_axe",
            },
            show_notification: true,
        },
        "magma_cream": Recipes {
            type: "minecraft:crafting_shapeless",
            category: "misc",
            ingredients: [
                Result {
                    item: "minecraft:blaze_powder",
                },
                Result {
                    item: "minecraft:slime_ball",
                },
            ],
            result: Result {
                item: "minecraft:magma_cream",
            },
        },
        "brown_wool": Recipes {
            type: "minecraft:crafting_shapeless",
            category: "building",
            group: "wool",
            ingredients: [
                Result {
                    item: "minecraft:brown_dye",
                },
                Result {
                    item: "minecraft:white_wool",
                },
            ],
            result: Result {
                item: "minecraft:brown_wool",
            },
        },
        "deepslate_tile_wall_from_polished_deepslate_stonecutting": Recipes {
            type: "minecraft:stonecutting",
            result: minecraft:deepslate_tile_wall,
        },
        "mossy_cobblestone_wall": Recipes {
            type: "minecraft:crafting_shaped",
            category: "misc",
            key: {
                "#": Result {
                    item: "minecraft:mossy_cobblestone",
                },
            },
            pattern: [
                "###",
                "###",
            ],
            result: Result {
                count: 6,
                item: "minecraft:mossy_cobblestone_wall",
            },
            show_notification: true,
        },
        "end_stone_bricks_from_end_stone_stonecutting": Recipes {
            type: "minecraft:stonecutting",
            result: minecraft:end_stone_bricks,
        },
        "cut_sandstone": Recipes {
            type: "minecraft:crafting_shaped",
            category: "building",
            key: {
                "#": Result {
                    item: "minecraft:sandstone",
                },
            },
            pattern: [
                "##",
                "##",
            ],
            result: Result {
                count: 4,
                item: "minecraft:cut_sandstone",
            },
            show_notification: true,
        },
        "polished_blackstone_wall": Recipes {
            type: "minecraft:crafting_shaped",
            category: "misc",
            key: {
                "#": Result {
                    item: "minecraft:polished_blackstone",
                },
            },
            pattern: [
                "###",
                "###",
            ],
            result: Result {
                count: 6,
                item: "minecraft:polished_blackstone_wall",
            },
            show_notification: true,
        },
        "trapped_chest": Recipes {
            type: "minecraft:crafting_shapeless",
            category: "redstone",
            ingredients: [
                Result {
                    item: "minecraft:chest",
                },
                Result {
                    item: "minecraft:tripwire_hook",
                },
            ],
            result: Result {
                item: "minecraft:trapped_chest",
            },
        },
        "mangrove_fence_gate": Recipes {
            type: "minecraft:crafting_shaped",
            category: "redstone",
            group: "wooden_fence_gate",
            key: {
                "#": Result {
                    item: "minecraft:stick",
                },
                "W": Result {
                    item: "minecraft:mangrove_planks",
                },
            },
            pattern: [
                "#W#",
                "#W#",
            ],
            result: Result {
                item: "minecraft:mangrove_fence_gate",
            },
            show_notification: true,
        },
        "mushroom_stew": Recipes {
            type: "minecraft:crafting_shapeless",
            category: "misc",
            ingredients: [
                Result {
                    item: "minecraft:brown_mushroom",
                },
                Result {
                    item: "minecraft:red_mushroom",
                },
                Result {
                    item: "minecraft:bowl",
                },
            ],
            result: Result {
                item: "minecraft:mushroom_stew",
            },
        },
        "waxed_exposed_cut_copper_from_honeycomb": Recipes {
            type: "minecraft:crafting_shapeless",
            category: "building",
            group: "waxed_exposed_cut_copper",
            ingredients: [
                Result {
                    item: "minecraft:exposed_cut_copper",
                },
                Result {
                    item: "minecraft:honeycomb",
                },
            ],
            result: Result {
                item: "minecraft:waxed_exposed_cut_copper",
            },
        },
        "jungle_sign": Recipes {
            type: "minecraft:crafting_shaped",
            category: "misc",
            group: "wooden_sign",
            key: {
                "#": Result {
                    item: "minecraft:jungle_planks",
                },
                "X": Result {
                    item: "minecraft:stick",
                },
            },
            pattern: [
                "###",
                "###",
                " X ",
            ],
            result: Result {
                count: 3,
                item: "minecraft:jungle_sign",
            },
            show_notification: true,
        },
        "polished_andesite": Recipes {
            type: "minecraft:crafting_shaped",
            category: "building",
            key: {
                "S": Result {
                    item: "minecraft:andesite",
                },
            },
            pattern: [
                "SS",
                "SS",
            ],
            result: Result {
                count: 4,
                item: "minecraft:polished_andesite",
            },
            show_notification: true,
        },
        "diorite_stairs_from_diorite_stonecutting": Recipes {
            type: "minecraft:stonecutting",
            result: minecraft:diorite_stairs,
        },
        "blue_stained_glass_pane_from_glass_pane": Recipes {
            type: "minecraft:crafting_shaped",
            category: "misc",
            group: "stained_glass_pane",
            key: {
                "#": Result {
                    item: "minecraft:glass_pane",
                },
                "$": Result {
                    item: "minecraft:blue_dye",
                },
            },
            pattern: [
                "###",
                "#$#",
                "###",
            ],
            result: Result {
                count: 8,
                item: "minecraft:blue_stained_glass_pane",
            },
            show_notification: true,
        },
        "lime_dye_from_smelting": Recipes {
            type: "minecraft:smelting",
            category: "misc",
            result: minecraft:lime_dye,
            experience: 0.1,
            cookingtime: 200,
        },
        "bone_meal": Recipes {
            type: "minecraft:crafting_shapeless",
            category: "misc",
            group: "bonemeal",
            ingredients: [
                Result {
                    item: "minecraft:bone",
                },
            ],
            result: Result {
                count: 3,
                item: "minecraft:bone_meal",
            },
        },
        "diamond_pickaxe": Recipes {
            type: "minecraft:crafting_shaped",
            category: "equipment",
            key: {
                "X": Result {
                    item: "minecraft:diamond",
                },
                "#": Result {
                    item: "minecraft:stick",
                },
            },
            pattern: [
                "XXX",
                " # ",
                " # ",
            ],
            result: Result {
                item: "minecraft:diamond_pickaxe",
            },
            show_notification: true,
        },
        "green_dye": Recipes {
            type: "minecraft:smelting",
            category: "misc",
            result: minecraft:green_dye,
            experience: 1.0,
            cookingtime: 200,
        },
        "dark_prismarine_stairs_from_dark_prismarine_stonecutting": Recipes {
            type: "minecraft:stonecutting",
            result: minecraft:dark_prismarine_stairs,
        },
        "mojang_banner_pattern": Recipes {
            type: "minecraft:crafting_shapeless",
            category: "misc",
            ingredients: [
                Result {
                    item: "minecraft:paper",
                },
                Result {
                    item: "minecraft:enchanted_golden_apple",
                },
            ],
            result: Result {
                item: "minecraft:mojang_banner_pattern",
            },
        },
        "birch_wood": Recipes {
            type: "minecraft:crafting_shaped",
            category: "building",
            group: "bark",
            key: {
                "#": Result {
                    item: "minecraft:birch_log",
                },
            },
            pattern: [
                "##",
                "##",
            ],
            result: Result {
                count: 3,
                item: "minecraft:birch_wood",
            },
            show_notification: true,
        },
        "lime_dye": Recipes {
            type: "minecraft:crafting_shapeless",
            category: "misc",
            ingredients: [
                Result {
                    item: "minecraft:green_dye",
                },
                Result {
                    item: "minecraft:white_dye",
                },
            ],
            result: Result {
                count: 2,
                item: "minecraft:lime_dye",
            },
        },
        "emerald_from_blasting_emerald_ore": Recipes {
            type: "minecraft:blasting",
            category: "misc",
            group: "emerald",
            result: minecraft:emerald,
            experience: 1.0,
            cookingtime: 100,
        },
        "brick_stairs_from_bricks_stonecutting": Recipes {
            type: "minecraft:stonecutting",
            result: minecraft:brick_stairs,
        },
        "light_blue_banner": Recipes {
            type: "minecraft:crafting_shaped",
            category: "misc",
            group: "banner",
            key: {
                "#": Result {
                    item: "minecraft:light_blue_wool",
                },
                "|": Result {
                    item: "minecraft:stick",
                },
            },
            pattern: [
                "###",
                "###",
                " | ",
            ],
            result: Result {
                item: "minecraft:light_blue_banner",
            },
            show_notification: true,
        },
        "deepslate": Recipes {
            type: "minecraft:smelting",
            category: "blocks",
            result: minecraft:deepslate,
            experience: 0.1,
            cookingtime: 200,
        },
        "waxed_weathered_cut_copper_stairs": Recipes {
            type: "minecraft:crafting_shaped",
            category: "building",
            group: "waxed_weathered_cut_copper_stairs",
            key: {
                "#": Result {
                    item: "minecraft:waxed_weathered_cut_copper",
                },
            },
            pattern: [
                "#  ",
                "## ",
                "###",
            ],
            result: Result {
                count: 4,
                item: "minecraft:waxed_weathered_cut_copper_stairs",
            },
            show_notification: true,
        },
        "wooden_axe": Recipes {
            type: "minecraft:crafting_shaped",
            category: "equipment",
            key: {
                "#": Result {
                    item: "minecraft:stick",
                },
                "X": Result {
                    item: "minecraft:planks",
                },
            },
            pattern: [
                "XX",
                "X#",
                " #",
            ],
            result: Result {
                item: "minecraft:wooden_axe",
            },
            show_notification: true,
        },
        "fishing_rod": Recipes {
            type: "minecraft:crafting_shaped",
            category: "equipment",
            key: {
                "X": Result {
                    item: "minecraft:string",
                },
                "#": Result {
                    item: "minecraft:stick",
                },
            },
            pattern: [
                "  #",
                " #X",
                "# X",
            ],
            result: Result {
                item: "minecraft:fishing_rod",
            },
            show_notification: true,
        },
        "sea_lantern": Recipes {
            type: "minecraft:crafting_shaped",
            category: "building",
            key: {
                "C": Result {
                    item: "minecraft:prismarine_crystals",
                },
                "S": Result {
                    item: "minecraft:prismarine_shard",
                },
            },
            pattern: [
                "SCS",
                "CCC",
                "SCS",
            ],
            result: Result {
                item: "minecraft:sea_lantern",
            },
            show_notification: true,
        },
        "dark_oak_fence": Recipes {
            type: "minecraft:crafting_shaped",
            category: "misc",
            group: "wooden_fence",
            key: {
                "#": Result {
                    item: "minecraft:stick",
                },
                "W": Result {
                    item: "minecraft:dark_oak_planks",
                },
            },
            pattern: [
                "W#W",
                "W#W",
            ],
            result: Result {
                count: 3,
                item: "minecraft:dark_oak_fence",
            },
            show_notification: true,
        },
        "nether_bricks": Recipes {
            type: "minecraft:crafting_shaped",
            category: "building",
            key: {
                "#": Result {
                    item: "minecraft:nether_brick",
                },
            },
            pattern: [
                "##",
                "##",
            ],
            result: Result {
                item: "minecraft:nether_bricks",
            },
            show_notification: true,
        },
        "exposed_cut_copper_stairs_from_exposed_cut_copper_stonecutting": Recipes {
            type: "minecraft:stonecutting",
            result: minecraft:exposed_cut_copper_stairs,
        },
        "polished_blackstone_slab": Recipes {
            type: "minecraft:crafting_shaped",
            category: "building",
            key: {
                "#": Result {
                    item: "minecraft:polished_blackstone",
                },
            },
            pattern: [
                "###",
            ],
            result: Result {
                count: 6,
                item: "minecraft:polished_blackstone_slab",
            },
            show_notification: true,
        },
        "cooked_cod_from_smoking": Recipes {
            type: "minecraft:smoking",
            category: "food",
            result: minecraft:cooked_cod,
            experience: 0.35,
            cookingtime: 100,
        },
        "polished_andesite_stairs_from_polished_andesite_stonecutting": Recipes {
            type: "minecraft:stonecutting",
            result: minecraft:polished_andesite_stairs,
        },
        "orange_bed": Recipes {
            type: "minecraft:crafting_shaped",
            category: "misc",
            group: "bed",
            key: {
                "#": Result {
                    item: "minecraft:orange_wool",
                },
                "X": Result {
                    item: "minecraft:planks",
                },
            },
            pattern: [
                "###",
                "XXX",
            ],
            result: Result {
                item: "minecraft:orange_bed",
            },
            show_notification: true,
        },
        "yellow_stained_glass": Recipes {
            type: "minecraft:crafting_shaped",
            category: "building",
            group: "stained_glass",
            key: {
                "X": Result {
                    item: "minecraft:yellow_dye",
                },
                "#": Result {
                    item: "minecraft:glass",
                },
            },
            pattern: [
                "###",
                "#X#",
                "###",
            ],
            result: Result {
                count: 8,
                item: "minecraft:yellow_stained_glass",
            },
            show_notification: true,
        },
        "quartz_pillar": Recipes {
            type: "minecraft:crafting_shaped",
            category: "building",
            key: {
                "#": Result {
                    item: "minecraft:quartz_block",
                },
            },
            pattern: [
                "#",
                "#",
            ],
            result: Result {
                count: 2,
                item: "minecraft:quartz_pillar",
            },
            show_notification: true,
        },
        "stone_brick_stairs_from_stone_stonecutting": Recipes {
            type: "minecraft:stonecutting",
            result: minecraft:stone_brick_stairs,
        },
        "warped_fungus_on_a_stick": Recipes {
            type: "minecraft:crafting_shaped",
            category: "misc",
            key: {
                "#": Result {
                    item: "minecraft:fishing_rod",
                },
                "X": Result {
                    item: "minecraft:warped_fungus",
                },
            },
            pattern: [
                "# ",
                " X",
            ],
            result: Result {
                item: "minecraft:warped_fungus_on_a_stick",
            },
            show_notification: true,
        },
        "music_disc_5": Recipes {
            type: "minecraft:crafting_shapeless",
            category: "misc",
            ingredients: [
                Result {
                    item: "minecraft:disc_fragment_5",
                },
                Result {
                    item: "minecraft:disc_fragment_5",
                },
                Result {
                    item: "minecraft:disc_fragment_5",
                },
                Result {
                    item: "minecraft:disc_fragment_5",
                },
                Result {
                    item: "minecraft:disc_fragment_5",
                },
                Result {
                    item: "minecraft:disc_fragment_5",
                },
                Result {
                    item: "minecraft:disc_fragment_5",
                },
                Result {
                    item: "minecraft:disc_fragment_5",
                },
                Result {
                    item: "minecraft:disc_fragment_5",
                },
            ],
            result: Result {
                item: "minecraft:music_disc_5",
            },
        },
        "diorite_slab_from_diorite_stonecutting": Recipes {
            type: "minecraft:stonecutting",
            result: minecraft:diorite_slab,
        },
        "deepslate_bricks_from_polished_deepslate_stonecutting": Recipes {
            type: "minecraft:stonecutting",
            result: minecraft:deepslate_bricks,
        },
        "purpur_slab_from_purpur_block_stonecutting": Recipes {
            type: "minecraft:stonecutting",
            result: minecraft:purpur_slab,
        },
        "waxed_weathered_cut_copper_from_waxed_weathered_copper_stonecutting": Recipes {
            type: "minecraft:stonecutting",
            result: minecraft:waxed_weathered_cut_copper,
        },
        "netherite_helmet_smithing": Recipes {
            type: "minecraft:smithing",
            result: Result {
                item: "minecraft:netherite_helmet",
            },
        },
        "polished_granite_stairs": Recipes {
            type: "minecraft:crafting_shaped",
            category: "building",
            key: {
                "#": Result {
                    item: "minecraft:polished_granite",
                },
            },
            pattern: [
                "#  ",
                "## ",
                "###",
            ],
            result: Result {
                count: 4,
                item: "minecraft:polished_granite_stairs",
            },
            show_notification: true,
        },
        "stone_slab_from_stone_stonecutting": Recipes {
            type: "minecraft:stonecutting",
            result: minecraft:stone_slab,
        },
        "chiseled_red_sandstone": Recipes {
            type: "minecraft:crafting_shaped",
            category: "building",
            key: {
                "#": Result {
                    item: "minecraft:red_sandstone_slab",
                },
            },
            pattern: [
                "#",
                "#",
            ],
            result: Result {
                item: "minecraft:chiseled_red_sandstone",
            },
            show_notification: true,
        },
        "cooked_chicken_from_campfire_cooking": Recipes {
            type: "minecraft:campfire_cooking",
            category: "food",
            result: minecraft:cooked_chicken,
            experience: 0.35,
            cookingtime: 600,
        },
        "polished_blackstone_brick_slab_from_polished_blackstone_stonecutting": Recipes {
            type: "minecraft:stonecutting",
            result: minecraft:polished_blackstone_brick_slab,
        },
        "blackstone_slab_from_blackstone_stonecutting": Recipes {
            type: "minecraft:stonecutting",
            result: minecraft:blackstone_slab,
        },
        "white_stained_glass": Recipes {
            type: "minecraft:crafting_shaped",
            category: "building",
            group: "stained_glass",
            key: {
                "#": Result {
                    item: "minecraft:glass",
                },
                "X": Result {
                    item: "minecraft:white_dye",
                },
            },
            pattern: [
                "###",
                "#X#",
                "###",
            ],
            result: Result {
                count: 8,
                item: "minecraft:white_stained_glass",
            },
            show_notification: true,
        },
        "powered_rail": Recipes {
            type: "minecraft:crafting_shaped",
            category: "misc",
            key: {
                "R": Result {
                    item: "minecraft:redstone",
                },
                "#": Result {
                    item: "minecraft:stick",
                },
                "X": Result {
                    item: "minecraft:gold_ingot",
                },
            },
            pattern: [
                "X X",
                "X#X",
                "XRX",
            ],
            result: Result {
                count: 6,
                item: "minecraft:powered_rail",
            },
            show_notification: true,
        },
        "yellow_stained_glass_pane": Recipes {
            type: "minecraft:crafting_shaped",
            category: "misc",
            group: "stained_glass_pane",
            key: {
                "#": Result {
                    item: "minecraft:yellow_stained_glass",
                },
            },
            pattern: [
                "###",
                "###",
            ],
            result: Result {
                count: 16,
                item: "minecraft:yellow_stained_glass_pane",
            },
            show_notification: true,
        },
        "cut_copper_stairs_from_cut_copper_stonecutting": Recipes {
            type: "minecraft:stonecutting",
            result: minecraft:cut_copper_stairs,
        },
        "gold_ingot_from_gold_block": Recipes {
            type: "minecraft:crafting_shapeless",
            category: "misc",
            group: "gold_ingot",
            ingredients: [
                Result {
                    item: "minecraft:gold_block",
                },
            ],
            result: Result {
                count: 9,
                item: "minecraft:gold_ingot",
            },
        },
        "glass_bottle": Recipes {
            type: "minecraft:crafting_shaped",
            category: "misc",
            key: {
                "#": Result {
                    item: "minecraft:glass",
                },
            },
            pattern: [
                "# #",
                " # ",
            ],
            result: Result {
                count: 3,
                item: "minecraft:glass_bottle",
            },
            show_notification: true,
        },
        "red_sandstone_stairs": Recipes {
            type: "minecraft:crafting_shaped",
            category: "building",
            key: {
                "#": [
                    Result {
                        item: "minecraft:red_sandstone",
                    },
                    Result {
                        item: "minecraft:chiseled_red_sandstone",
                    },
                    Result {
                        item: "minecraft:cut_red_sandstone",
                    },
                ],
            },
            pattern: [
                "#  ",
                "## ",
                "###",
            ],
            result: Result {
                count: 4,
                item: "minecraft:red_sandstone_stairs",
            },
            show_notification: true,
        },
        "waxed_exposed_cut_copper_slab": Recipes {
            type: "minecraft:crafting_shaped",
            category: "building",
            group: "waxed_exposed_cut_copper_slab",
            key: {
                "#": Result {
                    item: "minecraft:waxed_exposed_cut_copper",
                },
            },
            pattern: [
                "###",
            ],
            result: Result {
                count: 6,
                item: "minecraft:waxed_exposed_cut_copper_slab",
            },
            show_notification: true,
        },
        "quartz_bricks_from_quartz_block_stonecutting": Recipes {
            type: "minecraft:stonecutting",
            result: minecraft:quartz_bricks,
        },
        "waxed_oxidized_cut_copper_stairs_from_honeycomb": Recipes {
            type: "minecraft:crafting_shapeless",
            category: "building",
            group: "waxed_oxidized_cut_copper_stairs",
            ingredients: [
                Result {
                    item: "minecraft:oxidized_cut_copper_stairs",
                },
                Result {
                    item: "minecraft:honeycomb",
                },
            ],
            result: Result {
                item: "minecraft:waxed_oxidized_cut_copper_stairs",
            },
        },
        "leather_leggings": Recipes {
            type: "minecraft:crafting_shaped",
            category: "equipment",
            key: {
                "X": Result {
                    item: "minecraft:leather",
                },
            },
            pattern: [
                "XXX",
                "X X",
                "X X",
            ],
            result: Result {
                item: "minecraft:leather_leggings",
            },
            show_notification: true,
        },
        "gray_dye": Recipes {
            type: "minecraft:crafting_shapeless",
            category: "misc",
            ingredients: [
                Result {
                    item: "minecraft:black_dye",
                },
                Result {
                    item: "minecraft:white_dye",
                },
            ],
            result: Result {
                count: 2,
                item: "minecraft:gray_dye",
            },
        },
        "netherite_shovel_smithing": Recipes {
            type: "minecraft:smithing",
            result: Result {
                item: "minecraft:netherite_shovel",
            },
        },
        "black_carpet_from_white_carpet": Recipes {
            type: "minecraft:crafting_shaped",
            category: "misc",
            group: "carpet",
            key: {
                "$": Result {
                    item: "minecraft:black_dye",
                },
                "#": Result {
                    item: "minecraft:white_carpet",
                },
            },
            pattern: [
                "###",
                "#$#",
                "###",
            ],
            result: Result {
                count: 8,
                item: "minecraft:black_carpet",
            },
            show_notification: true,
        },
        "lime_carpet_from_white_carpet": Recipes {
            type: "minecraft:crafting_shaped",
            category: "misc",
            group: "carpet",
            key: {
                "#": Result {
                    item: "minecraft:white_carpet",
                },
                "$": Result {
                    item: "minecraft:lime_dye",
                },
            },
            pattern: [
                "###",
                "#$#",
                "###",
            ],
            result: Result {
                count: 8,
                item: "minecraft:lime_carpet",
            },
            show_notification: true,
        },
        "golden_apple": Recipes {
            type: "minecraft:crafting_shaped",
            category: "misc",
            key: {
                "#": Result {
                    item: "minecraft:gold_ingot",
                },
                "X": Result {
                    item: "minecraft:apple",
                },
            },
            pattern: [
                "###",
                "#X#",
                "###",
            ],
            result: Result {
                item: "minecraft:golden_apple",
            },
            show_notification: true,
        },
        "mud_brick_wall_from_mud_bricks_stonecutting": Recipes {
            type: "minecraft:stonecutting",
            result: minecraft:mud_brick_wall,
        },
        "shield_decoration": Recipes {
            type: "minecraft:crafting_special_shielddecoration",
            category: "misc",
        },
        "redstone_from_blasting_redstone_ore": Recipes {
            type: "minecraft:blasting",
            category: "blocks",
            group: "redstone",
            result: minecraft:redstone,
            experience: 0.7,
            cookingtime: 100,
        },
        "black_concrete_powder": Recipes {
            type: "minecraft:crafting_shapeless",
            category: "building",
            group: "concrete_powder",
            ingredients: [
                Result {
                    item: "minecraft:black_dye",
                },
                Result {
                    item: "minecraft:sand",
                },
                Result {
                    item: "minecraft:sand",
                },
                Result {
                    item: "minecraft:sand",
                },
                Result {
                    item: "minecraft:sand",
                },
                Result {
                    item: "minecraft:gravel",
                },
                Result {
                    item: "minecraft:gravel",
                },
                Result {
                    item: "minecraft:gravel",
                },
                Result {
                    item: "minecraft:gravel",
                },
            ],
            result: Result {
                count: 8,
                item: "minecraft:black_concrete_powder",
            },
        },
        "cartography_table": Recipes {
            type: "minecraft:crafting_shaped",
            category: "misc",
            key: {
                "#": Result {
                    item: "minecraft:planks",
                },
                "@": Result {
                    item: "minecraft:paper",
                },
            },
            pattern: [
                "@@",
                "##",
                "##",
            ],
            result: Result {
                item: "minecraft:cartography_table",
            },
            show_notification: true,
        },
        "brick_stairs": Recipes {
            type: "minecraft:crafting_shaped",
            category: "building",
            key: {
                "#": Result {
                    item: "minecraft:bricks",
                },
            },
            pattern: [
                "#  ",
                "## ",
                "###",
            ],
            result: Result {
                count: 4,
                item: "minecraft:brick_stairs",
            },
            show_notification: true,
        },
        "crimson_stairs": Recipes {
            type: "minecraft:crafting_shaped",
            category: "building",
            group: "wooden_stairs",
            key: {
                "#": Result {
                    item: "minecraft:crimson_planks",
                },
            },
            pattern: [
                "#  ",
                "## ",
                "###",
            ],
            result: Result {
                count: 4,
                item: "minecraft:crimson_stairs",
            },
            show_notification: true,
        },
        "stone_brick_slab_from_stone_bricks_stonecutting": Recipes {
            type: "minecraft:stonecutting",
            result: minecraft:stone_brick_slab,
        },
        "purple_dye": Recipes {
            type: "minecraft:crafting_shapeless",
            category: "misc",
            ingredients: [
                Result {
                    item: "minecraft:blue_dye",
                },
                Result {
                    item: "minecraft:red_dye",
                },
            ],
            result: Result {
                count: 2,
                item: "minecraft:purple_dye",
            },
        },
        "grindstone": Recipes {
            type: "minecraft:crafting_shaped",
            category: "misc",
            key: {
                "I": Result {
                    item: "minecraft:stick",
                },
                "#": Result {
                    item: "minecraft:planks",
                },
                "-": Result {
                    item: "minecraft:stone_slab",
                },
            },
            pattern: [
                "I-I",
                "# #",
            ],
            result: Result {
                item: "minecraft:grindstone",
            },
            show_notification: true,
        },
        "black_wool": Recipes {
            type: "minecraft:crafting_shapeless",
            category: "building",
            group: "wool",
            ingredients: [
                Result {
                    item: "minecraft:black_dye",
                },
                Result {
                    item: "minecraft:white_wool",
                },
            ],
            result: Result {
                item: "minecraft:black_wool",
            },
        },
        "light_blue_wool": Recipes {
            type: "minecraft:crafting_shapeless",
            category: "building",
            group: "wool",
            ingredients: [
                Result {
                    item: "minecraft:light_blue_dye",
                },
                Result {
                    item: "minecraft:white_wool",
                },
            ],
            result: Result {
                item: "minecraft:light_blue_wool",
            },
        },
        "red_dye_from_tulip": Recipes {
            type: "minecraft:crafting_shapeless",
            category: "misc",
            group: "red_dye",
            ingredients: [
                Result {
                    item: "minecraft:red_tulip",
                },
            ],
            result: Result {
                item: "minecraft:red_dye",
            },
        },
        "copper_ingot_from_blasting_raw_copper": Recipes {
            type: "minecraft:blasting",
            category: "misc",
            group: "copper_ingot",
            result: minecraft:copper_ingot,
            experience: 0.7,
            cookingtime: 100,
        },
        "light_blue_stained_glass_pane_from_glass_pane": Recipes {
            type: "minecraft:crafting_shaped",
            category: "misc",
            group: "stained_glass_pane",
            key: {
                "$": Result {
                    item: "minecraft:light_blue_dye",
                },
                "#": Result {
                    item: "minecraft:glass_pane",
                },
            },
            pattern: [
                "###",
                "#$#",
                "###",
            ],
            result: Result {
                count: 8,
                item: "minecraft:light_blue_stained_glass_pane",
            },
            show_notification: true,
        },
        "granite_slab_from_granite_stonecutting": Recipes {
            type: "minecraft:stonecutting",
            result: minecraft:granite_slab,
        },
        "jungle_boat": Recipes {
            type: "minecraft:crafting_shaped",
            category: "misc",
            group: "boat",
            key: {
                "#": Result {
                    item: "minecraft:jungle_planks",
                },
            },
            pattern: [
                "# #",
                "###",
            ],
            result: Result {
                item: "minecraft:jungle_boat",
            },
            show_notification: true,
        },
        "iron_nugget_from_blasting": Recipes {
            type: "minecraft:blasting",
            category: "misc",
            result: minecraft:iron_nugget,
            experience: 0.1,
            cookingtime: 100,
        },
        "deepslate_tiles_from_deepslate_bricks_stonecutting": Recipes {
            type: "minecraft:stonecutting",
            result: minecraft:deepslate_tiles,
        },
        "map_cloning": Recipes {
            type: "minecraft:crafting_special_mapcloning",
            category: "misc",
        },
        "polished_diorite_slab_from_diorite_stonecutting": Recipes {
            type: "minecraft:stonecutting",
            result: minecraft:polished_diorite_slab,
        },
        "iron_block": Recipes {
            type: "minecraft:crafting_shaped",
            category: "building",
            key: {
                "#": Result {
                    item: "minecraft:iron_ingot",
                },
            },
            pattern: [
                "###",
                "###",
                "###",
            ],
            result: Result {
                item: "minecraft:iron_block",
            },
            show_notification: true,
        },
        "end_stone_brick_slab_from_end_stone_stonecutting": Recipes {
            type: "minecraft:stonecutting",
            result: minecraft:end_stone_brick_slab,
        },
        "polished_andesite_slab": Recipes {
            type: "minecraft:crafting_shaped",
            category: "building",
            key: {
                "#": Result {
                    item: "minecraft:polished_andesite",
                },
            },
            pattern: [
                "###",
            ],
            result: Result {
                count: 6,
                item: "minecraft:polished_andesite_slab",
            },
            show_notification: true,
        },
        "soul_campfire": Recipes {
            type: "minecraft:crafting_shaped",
            category: "misc",
            key: {
                "S": Result {
                    item: "minecraft:stick",
                },
                "#": Result {
                    item: "minecraft:soul_fire_base_blocks",
                },
                "L": Result {
                    item: "minecraft:logs",
                },
            },
            pattern: [
                " S ",
                "S#S",
                "LLL",
            ],
            result: Result {
                item: "minecraft:soul_campfire",
            },
            show_notification: true,
        },
        "deepslate_tile_slab": Recipes {
            type: "minecraft:crafting_shaped",
            category: "building",
            key: {
                "#": Result {
                    item: "minecraft:deepslate_tiles",
                },
            },
            pattern: [
                "###",
            ],
            result: Result {
                count: 6,
                item: "minecraft:deepslate_tile_slab",
            },
            show_notification: true,
        },
        "mossy_stone_brick_wall_from_mossy_stone_brick_stonecutting": Recipes {
            type: "minecraft:stonecutting",
            result: minecraft:mossy_stone_brick_wall,
        },
        "end_stone_brick_slab": Recipes {
            type: "minecraft:crafting_shaped",
            category: "building",
            key: {
                "#": Result {
                    item: "minecraft:end_stone_bricks",
                },
            },
            pattern: [
                "###",
            ],
            result: Result {
                count: 6,
                item: "minecraft:end_stone_brick_slab",
            },
            show_notification: true,
        },
        "honey_block": Recipes {
            type: "minecraft:crafting_shaped",
            category: "redstone",
            key: {
                "#": Result {
                    item: "minecraft:honey_bottle",
                },
            },
            pattern: [
                "##",
                "##",
            ],
            result: Result {
                item: "minecraft:honey_block",
            },
            show_notification: true,
        },
        "iron_nugget_from_smelting": Recipes {
            type: "minecraft:smelting",
            category: "misc",
            result: minecraft:iron_nugget,
            experience: 0.1,
            cookingtime: 200,
        },
        "chiseled_polished_blackstone_from_polished_blackstone_stonecutting": Recipes {
            type: "minecraft:stonecutting",
            result: minecraft:chiseled_polished_blackstone,
        },
        "clock": Recipes {
            type: "minecraft:crafting_shaped",
            category: "equipment",
            key: {
                "#": Result {
                    item: "minecraft:gold_ingot",
                },
                "X": Result {
                    item: "minecraft:redstone",
                },
            },
            pattern: [
                " # ",
                "#X#",
                " # ",
            ],
            result: Result {
                item: "minecraft:clock",
            },
            show_notification: true,
        },
        "quartz": Recipes {
            type: "minecraft:smelting",
            category: "misc",
            result: minecraft:quartz,
            experience: 0.2,
            cookingtime: 200,
        },
        "copper_ingot_from_smelting_deepslate_copper_ore": Recipes {
            type: "minecraft:smelting",
            category: "misc",
            group: "copper_ingot",
            result: minecraft:copper_ingot,
            experience: 0.7,
            cookingtime: 200,
        },
        "weathered_cut_copper_stairs_from_weathered_cut_copper_stonecutting": Recipes {
            type: "minecraft:stonecutting",
            result: minecraft:weathered_cut_copper_stairs,
        },
        "deepslate_brick_stairs_from_deepslate_bricks_stonecutting": Recipes {
            type: "minecraft:stonecutting",
            result: minecraft:deepslate_brick_stairs,
        },
        "prismarine_brick_slab": Recipes {
            type: "minecraft:crafting_shaped",
            category: "building",
            key: {
                "#": Result {
                    item: "minecraft:prismarine_bricks",
                },
            },
            pattern: [
                "###",
            ],
            result: Result {
                count: 6,
                item: "minecraft:prismarine_brick_slab",
            },
            show_notification: true,
        },
        "cooked_beef_from_campfire_cooking": Recipes {
            type: "minecraft:campfire_cooking",
            category: "food",
            result: minecraft:cooked_beef,
            experience: 0.35,
            cookingtime: 600,
        },
        "light_gray_dye_from_white_tulip": Recipes {
            type: "minecraft:crafting_shapeless",
            category: "misc",
            group: "light_gray_dye",
            ingredients: [
                Result {
                    item: "minecraft:white_tulip",
                },
            ],
            result: Result {
                item: "minecraft:light_gray_dye",
            },
        },
        "smooth_sandstone_slab": Recipes {
            type: "minecraft:crafting_shaped",
            category: "building",
            key: {
                "#": Result {
                    item: "minecraft:smooth_sandstone",
                },
            },
            pattern: [
                "###",
            ],
            result: Result {
                count: 6,
                item: "minecraft:smooth_sandstone_slab",
            },
            show_notification: true,
        },
        "diamond_from_smelting_deepslate_diamond_ore": Recipes {
            type: "minecraft:smelting",
            category: "misc",
            group: "diamond",
            result: minecraft:diamond,
            experience: 1.0,
            cookingtime: 200,
        },
        "glowstone": Recipes {
            type: "minecraft:crafting_shaped",
            category: "building",
            key: {
                "#": Result {
                    item: "minecraft:glowstone_dust",
                },
            },
            pattern: [
                "##",
                "##",
            ],
            result: Result {
                item: "minecraft:glowstone",
            },
            show_notification: true,
        },
        "acacia_boat": Recipes {
            type: "minecraft:crafting_shaped",
            category: "misc",
            group: "boat",
            key: {
                "#": Result {
                    item: "minecraft:acacia_planks",
                },
            },
            pattern: [
                "# #",
                "###",
            ],
            result: Result {
                item: "minecraft:acacia_boat",
            },
            show_notification: true,
        },
        "lodestone": Recipes {
            type: "minecraft:crafting_shaped",
            category: "misc",
            key: {
                "S": Result {
                    item: "minecraft:chiseled_stone_bricks",
                },
                "#": Result {
                    item: "minecraft:netherite_ingot",
                },
            },
            pattern: [
                "SSS",
                "S#S",
                "SSS",
            ],
            result: Result {
                item: "minecraft:lodestone",
            },
            show_notification: true,
        },
        "nether_brick_fence": Recipes {
            type: "minecraft:crafting_shaped",
            category: "misc",
            key: {
                "#": Result {
                    item: "minecraft:nether_brick",
                },
                "W": Result {
                    item: "minecraft:nether_bricks",
                },
            },
            pattern: [
                "W#W",
                "W#W",
            ],
            result: Result {
                count: 6,
                item: "minecraft:nether_brick_fence",
            },
            show_notification: true,
        },
        "end_crystal": Recipes {
            type: "minecraft:crafting_shaped",
            category: "misc",
            key: {
                "E": Result {
                    item: "minecraft:ender_eye",
                },
                "G": Result {
                    item: "minecraft:glass",
                },
                "T": Result {
                    item: "minecraft:ghast_tear",
                },
            },
            pattern: [
                "GGG",
                "GEG",
                "GTG",
            ],
            result: Result {
                item: "minecraft:end_crystal",
            },
            show_notification: true,
        },
        "red_bed_from_white_bed": Recipes {
            type: "minecraft:crafting_shapeless",
            category: "misc",
            group: "dyed_bed",
            ingredients: [
                Result {
                    item: "minecraft:white_bed",
                },
                Result {
                    item: "minecraft:red_dye",
                },
            ],
            result: Result {
                item: "minecraft:red_bed",
            },
        },
        "lapis_lazuli_from_blasting_deepslate_lapis_ore": Recipes {
            type: "minecraft:blasting",
            category: "misc",
            group: "lapis_lazuli",
            result: minecraft:lapis_lazuli,
            experience: 0.2,
            cookingtime: 100,
        },
        "dried_kelp_from_smoking": Recipes {
            type: "minecraft:smoking",
            category: "food",
            result: minecraft:dried_kelp,
            experience: 0.1,
            cookingtime: 100,
        },
        "blue_glazed_terracotta": Recipes {
            type: "minecraft:smelting",
            category: "blocks",
            result: minecraft:blue_glazed_terracotta,
            experience: 0.1,
            cookingtime: 200,
        },
        "red_stained_glass_pane_from_glass_pane": Recipes {
            type: "minecraft:crafting_shaped",
            category: "misc",
            group: "stained_glass_pane",
            key: {
                "$": Result {
                    item: "minecraft:red_dye",
                },
                "#": Result {
                    item: "minecraft:glass_pane",
                },
            },
            pattern: [
                "###",
                "#$#",
                "###",
            ],
            result: Result {
                count: 8,
                item: "minecraft:red_stained_glass_pane",
            },
            show_notification: true,
        },
        "green_terracotta": Recipes {
            type: "minecraft:crafting_shaped",
            category: "building",
            group: "stained_terracotta",
            key: {
                "#": Result {
                    item: "minecraft:terracotta",
                },
                "X": Result {
                    item: "minecraft:green_dye",
                },
            },
            pattern: [
                "###",
                "#X#",
                "###",
            ],
            result: Result {
                count: 8,
                item: "minecraft:green_terracotta",
            },
            show_notification: true,
        },
        "netherite_boots_smithing": Recipes {
            type: "minecraft:smithing",
            result: Result {
                item: "minecraft:netherite_boots",
            },
        },
        "lime_concrete_powder": Recipes {
            type: "minecraft:crafting_shapeless",
            category: "building",
            group: "concrete_powder",
            ingredients: [
                Result {
                    item: "minecraft:lime_dye",
                },
                Result {
                    item: "minecraft:sand",
                },
                Result {
                    item: "minecraft:sand",
                },
                Result {
                    item: "minecraft:sand",
                },
                Result {
                    item: "minecraft:sand",
                },
                Result {
                    item: "minecraft:gravel",
                },
                Result {
                    item: "minecraft:gravel",
                },
                Result {
                    item: "minecraft:gravel",
                },
                Result {
                    item: "minecraft:gravel",
                },
            ],
            result: Result {
                count: 8,
                item: "minecraft:lime_concrete_powder",
            },
        },
        "polished_basalt": Recipes {
            type: "minecraft:crafting_shaped",
            category: "building",
            key: {
                "S": Result {
                    item: "minecraft:basalt",
                },
            },
            pattern: [
                "SS",
                "SS",
            ],
            result: Result {
                count: 4,
                item: "minecraft:polished_basalt",
            },
            show_notification: true,
        },
        "muddy_mangrove_roots": Recipes {
            type: "minecraft:crafting_shapeless",
            category: "building",
            ingredients: [
                Result {
                    item: "minecraft:mud",
                },
                Result {
                    item: "minecraft:mangrove_roots",
                },
            ],
            result: Result {
                item: "minecraft:muddy_mangrove_roots",
            },
        },
        "brick": Recipes {
            type: "minecraft:smelting",
            category: "misc",
            result: minecraft:brick,
            experience: 0.3,
            cookingtime: 200,
        },
        "firework_rocket_simple": Recipes {
            type: "minecraft:crafting_shapeless",
            category: "misc",
            ingredients: [
                Result {
                    item: "minecraft:gunpowder",
                },
                Result {
                    item: "minecraft:paper",
                },
            ],
            result: Result {
                count: 3,
                item: "minecraft:firework_rocket",
            },
        },
        "gray_stained_glass": Recipes {
            type: "minecraft:crafting_shaped",
            category: "building",
            group: "stained_glass",
            key: {
                "X": Result {
                    item: "minecraft:gray_dye",
                },
                "#": Result {
                    item: "minecraft:glass",
                },
            },
            pattern: [
                "###",
                "#X#",
                "###",
            ],
            result: Result {
                count: 8,
                item: "minecraft:gray_stained_glass",
            },
            show_notification: true,
        },
        "oak_pressure_plate": Recipes {
            type: "minecraft:crafting_shaped",
            category: "redstone",
            group: "wooden_pressure_plate",
            key: {
                "#": Result {
                    item: "minecraft:oak_planks",
                },
            },
            pattern: [
                "##",
            ],
            result: Result {
                item: "minecraft:oak_pressure_plate",
            },
            show_notification: true,
        },
        "map": Recipes {
            type: "minecraft:crafting_shaped",
            category: "misc",
            key: {
                "X": Result {
                    item: "minecraft:compass",
                },
                "#": Result {
                    item: "minecraft:paper",
                },
            },
            pattern: [
                "###",
                "#X#",
                "###",
            ],
            result: Result {
                item: "minecraft:map",
            },
            show_notification: true,
        },
        "lightning_rod": Recipes {
            type: "minecraft:crafting_shaped",
            category: "redstone",
            key: {
                "#": Result {
                    item: "minecraft:copper_ingot",
                },
            },
            pattern: [
                "#",
                "#",
                "#",
            ],
            result: Result {
                item: "minecraft:lightning_rod",
            },
            show_notification: true,
        },
        "sandstone": Recipes {
            type: "minecraft:crafting_shaped",
            category: "building",
            key: {
                "#": Result {
                    item: "minecraft:sand",
                },
            },
            pattern: [
                "##",
                "##",
            ],
            result: Result {
                item: "minecraft:sandstone",
            },
            show_notification: true,
        },
        "sandstone_stairs": Recipes {
            type: "minecraft:crafting_shaped",
            category: "building",
            key: {
                "#": [
                    Result {
                        item: "minecraft:sandstone",
                    },
                    Result {
                        item: "minecraft:chiseled_sandstone",
                    },
                    Result {
                        item: "minecraft:cut_sandstone",
                    },
                ],
            },
            pattern: [
                "#  ",
                "## ",
                "###",
            ],
            result: Result {
                count: 4,
                item: "minecraft:sandstone_stairs",
            },
            show_notification: true,
        },
        "redstone_torch": Recipes {
            type: "minecraft:crafting_shaped",
            category: "redstone",
            key: {
                "X": Result {
                    item: "minecraft:redstone",
                },
                "#": Result {
                    item: "minecraft:stick",
                },
            },
            pattern: [
                "X",
                "#",
            ],
            result: Result {
                item: "minecraft:redstone_torch",
            },
            show_notification: true,
        },
        "nether_brick_wall_from_nether_bricks_stonecutting": Recipes {
            type: "minecraft:stonecutting",
            result: minecraft:nether_brick_wall,
        },
        "blackstone_wall": Recipes {
            type: "minecraft:crafting_shaped",
            category: "misc",
            key: {
                "#": Result {
                    item: "minecraft:blackstone",
                },
            },
            pattern: [
                "###",
                "###",
            ],
            result: Result {
                count: 6,
                item: "minecraft:blackstone_wall",
            },
            show_notification: true,
        },
        "light_gray_dye_from_black_white_dye": Recipes {
            type: "minecraft:crafting_shapeless",
            category: "misc",
            group: "light_gray_dye",
            ingredients: [
                Result {
                    item: "minecraft:black_dye",
                },
                Result {
                    item: "minecraft:white_dye",
                },
                Result {
                    item: "minecraft:white_dye",
                },
            ],
            result: Result {
                count: 3,
                item: "minecraft:light_gray_dye",
            },
        },
        "mangrove_slab": Recipes {
            type: "minecraft:crafting_shaped",
            category: "building",
            group: "wooden_slab",
            key: {
                "#": Result {
                    item: "minecraft:mangrove_planks",
                },
            },
            pattern: [
                "###",
            ],
            result: Result {
                count: 6,
                item: "minecraft:mangrove_slab",
            },
            show_notification: true,
        },
        "cut_sandstone_slab_from_cut_sandstone_stonecutting": Recipes {
            type: "minecraft:stonecutting",
            result: minecraft:cut_sandstone_slab,
        },
        "green_banner": Recipes {
            type: "minecraft:crafting_shaped",
            category: "misc",
            group: "banner",
            key: {
                "|": Result {
                    item: "minecraft:stick",
                },
                "#": Result {
                    item: "minecraft:green_wool",
                },
            },
            pattern: [
                "###",
                "###",
                " | ",
            ],
            result: Result {
                item: "minecraft:green_banner",
            },
            show_notification: true,
        },
        "lapis_lazuli_from_smelting_lapis_ore": Recipes {
            type: "minecraft:smelting",
            category: "misc",
            group: "lapis_lazuli",
            result: minecraft:lapis_lazuli,
            experience: 0.2,
            cookingtime: 200,
        },
        "netherite_axe_smithing": Recipes {
            type: "minecraft:smithing",
            result: Result {
                item: "minecraft:netherite_axe",
            },
        },
        "gold_nugget_from_smelting": Recipes {
            type: "minecraft:smelting",
            category: "misc",
            result: minecraft:gold_nugget,
            experience: 0.1,
            cookingtime: 200,
        },
        "orange_candle": Recipes {
            type: "minecraft:crafting_shapeless",
            category: "misc",
            group: "dyed_candle",
            ingredients: [
                Result {
                    item: "minecraft:candle",
                },
                Result {
                    item: "minecraft:orange_dye",
                },
            ],
            result: Result {
                item: "minecraft:orange_candle",
            },
        },
        "polished_diorite_stairs_from_diorite_stonecutting": Recipes {
            type: "minecraft:stonecutting",
            result: minecraft:polished_diorite_stairs,
        },
        "cut_sandstone_slab": Recipes {
            type: "minecraft:crafting_shaped",
            category: "building",
            key: {
                "#": Result {
                    item: "minecraft:cut_sandstone",
                },
            },
            pattern: [
                "###",
            ],
            result: Result {
                count: 6,
                item: "minecraft:cut_sandstone_slab",
            },
            show_notification: true,
        },
        "polished_diorite_slab": Recipes {
            type: "minecraft:crafting_shaped",
            category: "building",
            key: {
                "#": Result {
                    item: "minecraft:polished_diorite",
                },
            },
            pattern: [
                "###",
            ],
            result: Result {
                count: 6,
                item: "minecraft:polished_diorite_slab",
            },
            show_notification: true,
        },
        "brown_bed_from_white_bed": Recipes {
            type: "minecraft:crafting_shapeless",
            category: "misc",
            group: "dyed_bed",
            ingredients: [
                Result {
                    item: "minecraft:white_bed",
                },
                Result {
                    item: "minecraft:brown_dye",
                },
            ],
            result: Result {
                item: "minecraft:brown_bed",
            },
        },
        "sugar_from_honey_bottle": Recipes {
            type: "minecraft:crafting_shapeless",
            category: "misc",
            group: "sugar",
            ingredients: [
                Result {
                    item: "minecraft:honey_bottle",
                },
            ],
            result: Result {
                count: 3,
                item: "minecraft:sugar",
            },
        },
        "gray_candle": Recipes {
            type: "minecraft:crafting_shapeless",
            category: "misc",
            group: "dyed_candle",
            ingredients: [
                Result {
                    item: "minecraft:candle",
                },
                Result {
                    item: "minecraft:gray_dye",
                },
            ],
            result: Result {
                item: "minecraft:gray_candle",
            },
        },
        "light_gray_dye_from_oxeye_daisy": Recipes {
            type: "minecraft:crafting_shapeless",
            category: "misc",
            group: "light_gray_dye",
            ingredients: [
                Result {
                    item: "minecraft:oxeye_daisy",
                },
            ],
            result: Result {
                item: "minecraft:light_gray_dye",
            },
        },
        "blue_banner": Recipes {
            type: "minecraft:crafting_shaped",
            category: "misc",
            group: "banner",
            key: {
                "|": Result {
                    item: "minecraft:stick",
                },
                "#": Result {
                    item: "minecraft:blue_wool",
                },
            },
            pattern: [
                "###",
                "###",
                " | ",
            ],
            result: Result {
                item: "minecraft:blue_banner",
            },
            show_notification: true,
        },
        "blue_wool": Recipes {
            type: "minecraft:crafting_shapeless",
            category: "building",
            group: "wool",
            ingredients: [
                Result {
                    item: "minecraft:blue_dye",
                },
                Result {
                    item: "minecraft:white_wool",
                },
            ],
            result: Result {
                item: "minecraft:blue_wool",
            },
        },
        "netherite_scrap_from_blasting": Recipes {
            type: "minecraft:blasting",
            category: "misc",
            result: minecraft:netherite_scrap,
            experience: 2.0,
            cookingtime: 100,
        },
        "lime_banner": Recipes {
            type: "minecraft:crafting_shaped",
            category: "misc",
            group: "banner",
            key: {
                "#": Result {
                    item: "minecraft:lime_wool",
                },
                "|": Result {
                    item: "minecraft:stick",
                },
            },
            pattern: [
                "###",
                "###",
                " | ",
            ],
            result: Result {
                item: "minecraft:lime_banner",
            },
            show_notification: true,
        },
        "bricks": Recipes {
            type: "minecraft:crafting_shaped",
            category: "building",
            key: {
                "#": Result {
                    item: "minecraft:brick",
                },
            },
            pattern: [
                "##",
                "##",
            ],
            result: Result {
                item: "minecraft:bricks",
            },
            show_notification: true,
        },
        "emerald": Recipes {
            type: "minecraft:crafting_shapeless",
            category: "misc",
            ingredients: [
                Result {
                    item: "minecraft:emerald_block",
                },
            ],
            result: Result {
                count: 9,
                item: "minecraft:emerald",
            },
        },
        "netherite_ingot": Recipes {
            type: "minecraft:crafting_shapeless",
            category: "misc",
            group: "netherite_ingot",
            ingredients: [
                Result {
                    item: "minecraft:netherite_scrap",
                },
                Result {
                    item: "minecraft:netherite_scrap",
                },
                Result {
                    item: "minecraft:netherite_scrap",
                },
                Result {
                    item: "minecraft:netherite_scrap",
                },
                Result {
                    item: "minecraft:gold_ingot",
                },
                Result {
                    item: "minecraft:gold_ingot",
                },
                Result {
                    item: "minecraft:gold_ingot",
                },
                Result {
                    item: "minecraft:gold_ingot",
                },
            ],
            result: Result {
                item: "minecraft:netherite_ingot",
            },
        },
        "barrel": Recipes {
            type: "minecraft:crafting_shaped",
            category: "misc",
            key: {
                "P": Result {
                    item: "minecraft:planks",
                },
                "S": Result {
                    item: "minecraft:wooden_slabs",
                },
            },
            pattern: [
                "PSP",
                "P P",
                "PSP",
            ],
            result: Result {
                item: "minecraft:barrel",
            },
            show_notification: true,
        },
        "cyan_dye": Recipes {
            type: "minecraft:crafting_shapeless",
            category: "misc",
            ingredients: [
                Result {
                    item: "minecraft:blue_dye",
                },
                Result {
                    item: "minecraft:green_dye",
                },
            ],
            result: Result {
                count: 2,
                item: "minecraft:cyan_dye",
            },
        },
        "chiseled_polished_blackstone_from_blackstone_stonecutting": Recipes {
            type: "minecraft:stonecutting",
            result: minecraft:chiseled_polished_blackstone,
        },
        "light_gray_dye_from_gray_white_dye": Recipes {
            type: "minecraft:crafting_shapeless",
            category: "misc",
            group: "light_gray_dye",
            ingredients: [
                Result {
                    item: "minecraft:gray_dye",
                },
                Result {
                    item: "minecraft:white_dye",
                },
            ],
            result: Result {
                count: 2,
                item: "minecraft:light_gray_dye",
            },
        },
        "gold_ingot_from_smelting_nether_gold_ore": Recipes {
            type: "minecraft:smelting",
            category: "misc",
            group: "gold_ingot",
            result: minecraft:gold_ingot,
            experience: 1.0,
            cookingtime: 200,
        },
        "diamond_leggings": Recipes {
            type: "minecraft:crafting_shaped",
            category: "equipment",
            key: {
                "X": Result {
                    item: "minecraft:diamond",
                },
            },
            pattern: [
                "XXX",
                "X X",
                "X X",
            ],
            result: Result {
                item: "minecraft:diamond_leggings",
            },
            show_notification: true,
        },
        "deepslate_brick_stairs_from_polished_deepslate_stonecutting": Recipes {
            type: "minecraft:stonecutting",
            result: minecraft:deepslate_brick_stairs,
        },
        "deepslate_tile_stairs": Recipes {
            type: "minecraft:crafting_shaped",
            category: "building",
            key: {
                "#": Result {
                    item: "minecraft:deepslate_tiles",
                },
            },
            pattern: [
                "#  ",
                "## ",
                "###",
            ],
            result: Result {
                count: 4,
                item: "minecraft:deepslate_tile_stairs",
            },
            show_notification: true,
        },
        "oak_slab": Recipes {
            type: "minecraft:crafting_shaped",
            category: "building",
            group: "wooden_slab",
            key: {
                "#": Result {
                    item: "minecraft:oak_planks",
                },
            },
            pattern: [
                "###",
            ],
            result: Result {
                count: 6,
                item: "minecraft:oak_slab",
            },
            show_notification: true,
        },
        "chiseled_stone_bricks": Recipes {
            type: "minecraft:crafting_shaped",
            category: "building",
            key: {
                "#": Result {
                    item: "minecraft:stone_brick_slab",
                },
            },
            pattern: [
                "#",
                "#",
            ],
            result: Result {
                item: "minecraft:chiseled_stone_bricks",
            },
            show_notification: true,
        },
        "dark_oak_button": Recipes {
            type: "minecraft:crafting_shapeless",
            category: "redstone",
            group: "wooden_button",
            ingredients: [
                Result {
                    item: "minecraft:dark_oak_planks",
                },
            ],
            result: Result {
                item: "minecraft:dark_oak_button",
            },
        },
        "cookie": Recipes {
            type: "minecraft:crafting_shaped",
            category: "misc",
            key: {
                "X": Result {
                    item: "minecraft:cocoa_beans",
                },
                "#": Result {
                    item: "minecraft:wheat",
                },
            },
            pattern: [
                "#X#",
            ],
            result: Result {
                count: 8,
                item: "minecraft:cookie",
            },
            show_notification: true,
        },
        "spruce_boat": Recipes {
            type: "minecraft:crafting_shaped",
            category: "misc",
            group: "boat",
            key: {
                "#": Result {
                    item: "minecraft:spruce_planks",
                },
            },
            pattern: [
                "# #",
                "###",
            ],
            result: Result {
                item: "minecraft:spruce_boat",
            },
            show_notification: true,
        },
        "rabbit_stew_from_brown_mushroom": Recipes {
            type: "minecraft:crafting_shapeless",
            category: "misc",
            group: "rabbit_stew",
            ingredients: [
                Result {
                    item: "minecraft:baked_potato",
                },
                Result {
                    item: "minecraft:cooked_rabbit",
                },
                Result {
                    item: "minecraft:bowl",
                },
                Result {
                    item: "minecraft:carrot",
                },
                Result {
                    item: "minecraft:brown_mushroom",
                },
            ],
            result: Result {
                item: "minecraft:rabbit_stew",
            },
        },
        "white_dye": Recipes {
            type: "minecraft:crafting_shapeless",
            category: "misc",
            group: "white_dye",
            ingredients: [
                Result {
                    item: "minecraft:bone_meal",
                },
            ],
            result: Result {
                item: "minecraft:white_dye",
            },
        },
        "cut_copper_from_copper_block_stonecutting": Recipes {
            type: "minecraft:stonecutting",
            result: minecraft:cut_copper,
        },
        "cooked_beef": Recipes {
            type: "minecraft:smelting",
            category: "food",
            result: minecraft:cooked_beef,
            experience: 0.35,
            cookingtime: 200,
        },
        "light_blue_concrete_powder": Recipes {
            type: "minecraft:crafting_shapeless",
            category: "building",
            group: "concrete_powder",
            ingredients: [
                Result {
                    item: "minecraft:light_blue_dye",
                },
                Result {
                    item: "minecraft:sand",
                },
                Result {
                    item: "minecraft:sand",
                },
                Result {
                    item: "minecraft:sand",
                },
                Result {
                    item: "minecraft:sand",
                },
                Result {
                    item: "minecraft:gravel",
                },
                Result {
                    item: "minecraft:gravel",
                },
                Result {
                    item: "minecraft:gravel",
                },
                Result {
                    item: "minecraft:gravel",
                },
            ],
            result: Result {
                count: 8,
                item: "minecraft:light_blue_concrete_powder",
            },
        },
        "light_blue_carpet": Recipes {
            type: "minecraft:crafting_shaped",
            category: "misc",
            group: "carpet",
            key: {
                "#": Result {
                    item: "minecraft:light_blue_wool",
                },
            },
            pattern: [
                "##",
            ],
            result: Result {
                count: 3,
                item: "minecraft:light_blue_carpet",
            },
            show_notification: true,
        },
        "daylight_detector": Recipes {
            type: "minecraft:crafting_shaped",
            category: "redstone",
            key: {
                "W": Result {
                    item: "minecraft:wooden_slabs",
                },
                "G": Result {
                    item: "minecraft:glass",
                },
                "Q": Result {
                    item: "minecraft:quartz",
                },
            },
            pattern: [
                "GGG",
                "QQQ",
                "WWW",
            ],
            result: Result {
                item: "minecraft:daylight_detector",
            },
            show_notification: true,
        },
        "honeycomb_block": Recipes {
            type: "minecraft:crafting_shaped",
            category: "misc",
            key: {
                "#": Result {
                    item: "minecraft:honeycomb",
                },
            },
            pattern: [
                "##",
                "##",
            ],
            result: Result {
                item: "minecraft:honeycomb_block",
            },
            show_notification: true,
        },
        "polished_granite_slab_from_polished_granite_stonecutting": Recipes {
            type: "minecraft:stonecutting",
            result: minecraft:polished_granite_slab,
        },
        "green_carpet_from_white_carpet": Recipes {
            type: "minecraft:crafting_shaped",
            category: "misc",
            group: "carpet",
            key: {
                "#": Result {
                    item: "minecraft:white_carpet",
                },
                "$": Result {
                    item: "minecraft:green_dye",
                },
            },
            pattern: [
                "###",
                "#$#",
                "###",
            ],
            result: Result {
                count: 8,
                item: "minecraft:green_carpet",
            },
            show_notification: true,
        },
        "cracked_deepslate_bricks": Recipes {
            type: "minecraft:smelting",
            category: "blocks",
            result: minecraft:cracked_deepslate_bricks,
            experience: 0.1,
            cookingtime: 200,
        },
        "pink_stained_glass": Recipes {
            type: "minecraft:crafting_shaped",
            category: "building",
            group: "stained_glass",
            key: {
                "#": Result {
                    item: "minecraft:glass",
                },
                "X": Result {
                    item: "minecraft:pink_dye",
                },
            },
            pattern: [
                "###",
                "#X#",
                "###",
            ],
            result: Result {
                count: 8,
                item: "minecraft:pink_stained_glass",
            },
            show_notification: true,
        },
        "composter": Recipes {
            type: "minecraft:crafting_shaped",
            category: "misc",
            key: {
                "#": Result {
                    item: "minecraft:wooden_slabs",
                },
            },
            pattern: [
                "# #",
                "# #",
                "###",
            ],
            result: Result {
                item: "minecraft:composter",
            },
            show_notification: true,
        },
        "mangrove_button": Recipes {
            type: "minecraft:crafting_shapeless",
            category: "redstone",
            group: "wooden_button",
            ingredients: [
                Result {
                    item: "minecraft:mangrove_planks",
                },
            ],
            result: Result {
                item: "minecraft:mangrove_button",
            },
        },
        "chain": Recipes {
            type: "minecraft:crafting_shaped",
            category: "misc",
            key: {
                "N": Result {
                    item: "minecraft:iron_nugget",
                },
                "I": Result {
                    item: "minecraft:iron_ingot",
                },
            },
            pattern: [
                "N",
                "I",
                "N",
            ],
            result: Result {
                item: "minecraft:chain",
            },
            show_notification: true,
        },
        "red_terracotta": Recipes {
            type: "minecraft:crafting_shaped",
            category: "building",
            group: "stained_terracotta",
            key: {
                "X": Result {
                    item: "minecraft:red_dye",
                },
                "#": Result {
                    item: "minecraft:terracotta",
                },
            },
            pattern: [
                "###",
                "#X#",
                "###",
            ],
            result: Result {
                count: 8,
                item: "minecraft:red_terracotta",
            },
            show_notification: true,
        },
        "stripped_dark_oak_wood": Recipes {
            type: "minecraft:crafting_shaped",
            category: "building",
            group: "bark",
            key: {
                "#": Result {
                    item: "minecraft:stripped_dark_oak_log",
                },
            },
            pattern: [
                "##",
                "##",
            ],
            result: Result {
                count: 3,
                item: "minecraft:stripped_dark_oak_wood",
            },
            show_notification: true,
        },
        "quartz_slab_from_stonecutting": Recipes {
            type: "minecraft:stonecutting",
            result: minecraft:quartz_slab,
        },
        "acacia_button": Recipes {
            type: "minecraft:crafting_shapeless",
            category: "redstone",
            group: "wooden_button",
            ingredients: [
                Result {
                    item: "minecraft:acacia_planks",
                },
            ],
            result: Result {
                item: "minecraft:acacia_button",
            },
        },
        "dripstone_block": Recipes {
            type: "minecraft:crafting_shaped",
            category: "building",
            key: {
                "#": Result {
                    item: "minecraft:pointed_dripstone",
                },
            },
            pattern: [
                "##",
                "##",
            ],
            result: Result {
                item: "minecraft:dripstone_block",
            },
            show_notification: true,
        },
        "polished_blackstone_brick_stairs_from_blackstone_stonecutting": Recipes {
            type: "minecraft:stonecutting",
            result: minecraft:polished_blackstone_brick_stairs,
        },
        "blue_ice": Recipes {
            type: "minecraft:crafting_shapeless",
            category: "building",
            ingredients: [
                Result {
                    item: "minecraft:packed_ice",
                },
                Result {
                    item: "minecraft:packed_ice",
                },
                Result {
                    item: "minecraft:packed_ice",
                },
                Result {
                    item: "minecraft:packed_ice",
                },
                Result {
                    item: "minecraft:packed_ice",
                },
                Result {
                    item: "minecraft:packed_ice",
                },
                Result {
                    item: "minecraft:packed_ice",
                },
                Result {
                    item: "minecraft:packed_ice",
                },
                Result {
                    item: "minecraft:packed_ice",
                },
            ],
            result: Result {
                item: "minecraft:blue_ice",
            },
        },
        "deepslate_bricks": Recipes {
            type: "minecraft:crafting_shaped",
            category: "building",
            key: {
                "S": Result {
                    item: "minecraft:polished_deepslate",
                },
            },
            pattern: [
                "SS",
                "SS",
            ],
            result: Result {
                count: 4,
                item: "minecraft:deepslate_bricks",
            },
            show_notification: true,
        },
        "iron_hoe": Recipes {
            type: "minecraft:crafting_shaped",
            category: "equipment",
            key: {
                "X": Result {
                    item: "minecraft:iron_ingot",
                },
                "#": Result {
                    item: "minecraft:stick",
                },
            },
            pattern: [
                "XX",
                " #",
                " #",
            ],
            result: Result {
                item: "minecraft:iron_hoe",
            },
            show_notification: true,
        },
        "oxidized_cut_copper_stairs_from_oxidized_cut_copper_stonecutting": Recipes {
            type: "minecraft:stonecutting",
            result: minecraft:oxidized_cut_copper_stairs,
        },
        "green_wool": Recipes {
            type: "minecraft:crafting_shapeless",
            category: "building",
            group: "wool",
            ingredients: [
                Result {
                    item: "minecraft:green_dye",
                },
                Result {
                    item: "minecraft:white_wool",
                },
            ],
            result: Result {
                item: "minecraft:green_wool",
            },
        },
        "iron_ingot_from_smelting_raw_iron": Recipes {
            type: "minecraft:smelting",
            category: "misc",
            group: "iron_ingot",
            result: minecraft:iron_ingot,
            experience: 0.7,
            cookingtime: 200,
        },
        "deepslate_brick_wall": Recipes {
            type: "minecraft:crafting_shaped",
            category: "misc",
            key: {
                "#": Result {
                    item: "minecraft:deepslate_bricks",
                },
            },
            pattern: [
                "###",
                "###",
            ],
            result: Result {
                count: 6,
                item: "minecraft:deepslate_brick_wall",
            },
            show_notification: true,
        },
        "mud_brick_slab": Recipes {
            type: "minecraft:crafting_shaped",
            category: "building",
            key: {
                "#": Result {
                    item: "minecraft:mud_bricks",
                },
            },
            pattern: [
                "###",
            ],
            result: Result {
                count: 6,
                item: "minecraft:mud_brick_slab",
            },
            show_notification: true,
        },
        "copper_ingot_from_smelting_copper_ore": Recipes {
            type: "minecraft:smelting",
            category: "misc",
            group: "copper_ingot",
            result: minecraft:copper_ingot,
            experience: 0.7,
            cookingtime: 200,
        },
        "chiseled_stone_bricks_stone_from_stonecutting": Recipes {
            type: "minecraft:stonecutting",
            result: minecraft:chiseled_stone_bricks,
        },
        "brown_bed": Recipes {
            type: "minecraft:crafting_shaped",
            category: "misc",
            group: "bed",
            key: {
                "#": Result {
                    item: "minecraft:brown_wool",
                },
                "X": Result {
                    item: "minecraft:planks",
                },
            },
            pattern: [
                "###",
                "XXX",
            ],
            result: Result {
                item: "minecraft:brown_bed",
            },
            show_notification: true,
        },
        "polished_granite_stairs_from_polished_granite_stonecutting": Recipes {
            type: "minecraft:stonecutting",
            result: minecraft:polished_granite_stairs,
        },
        "anvil": Recipes {
            type: "minecraft:crafting_shaped",
            category: "misc",
            key: {
                "i": Result {
                    item: "minecraft:iron_ingot",
                },
                "I": Result {
                    item: "minecraft:iron_block",
                },
            },
            pattern: [
                "III",
                " i ",
                "iii",
            ],
            result: Result {
                item: "minecraft:anvil",
            },
            show_notification: true,
        },
        "crimson_door": Recipes {
            type: "minecraft:crafting_shaped",
            category: "redstone",
            group: "wooden_door",
            key: {
                "#": Result {
                    item: "minecraft:crimson_planks",
                },
            },
            pattern: [
                "##",
                "##",
                "##",
            ],
            result: Result {
                count: 3,
                item: "minecraft:crimson_door",
            },
            show_notification: true,
        },
        "deepslate_brick_slab_from_cobbled_deepslate_stonecutting": Recipes {
            type: "minecraft:stonecutting",
            result: minecraft:deepslate_brick_slab,
        },
        "purple_bed": Recipes {
            type: "minecraft:crafting_shaped",
            category: "misc",
            group: "bed",
            key: {
                "#": Result {
                    item: "minecraft:purple_wool",
                },
                "X": Result {
                    item: "minecraft:planks",
                },
            },
            pattern: [
                "###",
                "XXX",
            ],
            result: Result {
                item: "minecraft:purple_bed",
            },
            show_notification: true,
        },
        "raw_gold_block": Recipes {
            type: "minecraft:crafting_shaped",
            category: "building",
            key: {
                "#": Result {
                    item: "minecraft:raw_gold",
                },
            },
            pattern: [
                "###",
                "###",
                "###",
            ],
            result: Result {
                item: "minecraft:raw_gold_block",
            },
            show_notification: true,
        },
        "pink_dye_from_peony": Recipes {
            type: "minecraft:crafting_shapeless",
            category: "misc",
            group: "pink_dye",
            ingredients: [
                Result {
                    item: "minecraft:peony",
                },
            ],
            result: Result {
                count: 2,
                item: "minecraft:pink_dye",
            },
        },
        "baked_potato": Recipes {
            type: "minecraft:smelting",
            category: "food",
            result: minecraft:baked_potato,
            experience: 0.35,
            cookingtime: 200,
        },
        "purpur_block": Recipes {
            type: "minecraft:crafting_shaped",
            category: "building",
            key: {
                "F": Result {
                    item: "minecraft:popped_chorus_fruit",
                },
            },
            pattern: [
                "FF",
                "FF",
            ],
            result: Result {
                count: 4,
                item: "minecraft:purpur_block",
            },
            show_notification: true,
        },
        "polished_andesite_stairs": Recipes {
            type: "minecraft:crafting_shaped",
            category: "building",
            key: {
                "#": Result {
                    item: "minecraft:polished_andesite",
                },
            },
            pattern: [
                "#  ",
                "## ",
                "###",
            ],
            result: Result {
                count: 4,
                item: "minecraft:polished_andesite_stairs",
            },
            show_notification: true,
        },
        "white_bed": Recipes {
            type: "minecraft:crafting_shaped",
            category: "misc",
            group: "bed",
            key: {
                "#": Result {
                    item: "minecraft:white_wool",
                },
                "X": Result {
                    item: "minecraft:planks",
                },
            },
            pattern: [
                "###",
                "XXX",
            ],
            result: Result {
                item: "minecraft:white_bed",
            },
            show_notification: true,
        },
        "baked_potato_from_campfire_cooking": Recipes {
            type: "minecraft:campfire_cooking",
            category: "food",
            result: minecraft:baked_potato,
            experience: 0.35,
            cookingtime: 600,
        },
        "waxed_oxidized_cut_copper_slab": Recipes {
            type: "minecraft:crafting_shaped",
            category: "building",
            group: "waxed_oxidized_cut_copper_slab",
            key: {
                "#": Result {
                    item: "minecraft:waxed_oxidized_cut_copper",
                },
            },
            pattern: [
                "###",
            ],
            result: Result {
                count: 6,
                item: "minecraft:waxed_oxidized_cut_copper_slab",
            },
            show_notification: true,
        },
        "waxed_cut_copper_stairs_from_waxed_cut_copper_stonecutting": Recipes {
            type: "minecraft:stonecutting",
            result: minecraft:waxed_cut_copper_stairs,
        },
        "black_stained_glass_pane_from_glass_pane": Recipes {
            type: "minecraft:crafting_shaped",
            category: "misc",
            group: "stained_glass_pane",
            key: {
                "$": Result {
                    item: "minecraft:black_dye",
                },
                "#": Result {
                    item: "minecraft:glass_pane",
                },
            },
            pattern: [
                "###",
                "#$#",
                "###",
            ],
            result: Result {
                count: 8,
                item: "minecraft:black_stained_glass_pane",
            },
            show_notification: true,
        },
        "acacia_fence": Recipes {
            type: "minecraft:crafting_shaped",
            category: "misc",
            group: "wooden_fence",
            key: {
                "#": Result {
                    item: "minecraft:stick",
                },
                "W": Result {
                    item: "minecraft:acacia_planks",
                },
            },
            pattern: [
                "W#W",
                "W#W",
            ],
            result: Result {
                count: 3,
                item: "minecraft:acacia_fence",
            },
            show_notification: true,
        },
        "end_stone_brick_slab_from_end_stone_brick_stonecutting": Recipes {
            type: "minecraft:stonecutting",
            result: minecraft:end_stone_brick_slab,
        },
        "stone_stairs": Recipes {
            type: "minecraft:crafting_shaped",
            category: "building",
            key: {
                "#": Result {
                    item: "minecraft:stone",
                },
            },
            pattern: [
                "#  ",
                "## ",
                "###",
            ],
            result: Result {
                count: 4,
                item: "minecraft:stone_stairs",
            },
            show_notification: true,
        },
        "sponge": Recipes {
            type: "minecraft:smelting",
            category: "blocks",
            result: minecraft:sponge,
            experience: 0.15,
            cookingtime: 200,
        },
        "repair_item": Recipes {
            type: "minecraft:crafting_special_repairitem",
            category: "misc",
        },
        "quartz_block": Recipes {
            type: "minecraft:crafting_shaped",
            category: "building",
            key: {
                "#": Result {
                    item: "minecraft:quartz",
                },
            },
            pattern: [
                "##",
                "##",
            ],
            result: Result {
                item: "minecraft:quartz_block",
            },
            show_notification: true,
        },
        "comparator": Recipes {
            type: "minecraft:crafting_shaped",
            category: "redstone",
            key: {
                "I": Result {
                    item: "minecraft:stone",
                },
                "X": Result {
                    item: "minecraft:quartz",
                },
                "#": Result {
                    item: "minecraft:redstone_torch",
                },
            },
            pattern: [
                " # ",
                "#X#",
                "III",
            ],
            result: Result {
                item: "minecraft:comparator",
            },
            show_notification: true,
        },
        "iron_chestplate": Recipes {
            type: "minecraft:crafting_shaped",
            category: "equipment",
            key: {
                "X": Result {
                    item: "minecraft:iron_ingot",
                },
            },
            pattern: [
                "X X",
                "XXX",
                "XXX",
            ],
            result: Result {
                item: "minecraft:iron_chestplate",
            },
            show_notification: true,
        },
        "mossy_stone_brick_slab": Recipes {
            type: "minecraft:crafting_shaped",
            category: "building",
            key: {
                "#": Result {
                    item: "minecraft:mossy_stone_bricks",
                },
            },
            pattern: [
                "###",
            ],
            result: Result {
                count: 6,
                item: "minecraft:mossy_stone_brick_slab",
            },
            show_notification: true,
        },
        "orange_bed_from_white_bed": Recipes {
            type: "minecraft:crafting_shapeless",
            category: "misc",
            group: "dyed_bed",
            ingredients: [
                Result {
                    item: "minecraft:white_bed",
                },
                Result {
                    item: "minecraft:orange_dye",
                },
            ],
            result: Result {
                item: "minecraft:orange_bed",
            },
        },
        "deepslate_tile_wall_from_cobbled_deepslate_stonecutting": Recipes {
            type: "minecraft:stonecutting",
            result: minecraft:deepslate_tile_wall,
        },
        "brown_dye": Recipes {
            type: "minecraft:crafting_shapeless",
            category: "misc",
            group: "brown_dye",
            ingredients: [
                Result {
                    item: "minecraft:cocoa_beans",
                },
            ],
            result: Result {
                item: "minecraft:brown_dye",
            },
        },
        "brown_stained_glass_pane": Recipes {
            type: "minecraft:crafting_shaped",
            category: "misc",
            group: "stained_glass_pane",
            key: {
                "#": Result {
                    item: "minecraft:brown_stained_glass",
                },
            },
            pattern: [
                "###",
                "###",
            ],
            result: Result {
                count: 16,
                item: "minecraft:brown_stained_glass_pane",
            },
            show_notification: true,
        },
        "cut_sandstone_from_sandstone_stonecutting": Recipes {
            type: "minecraft:stonecutting",
            result: minecraft:cut_sandstone,
        },
        "waxed_exposed_cut_copper_slab_from_waxed_exposed_copper_stonecutting": Recipes {
            type: "minecraft:stonecutting",
            result: minecraft:waxed_exposed_cut_copper_slab,
        },
        "waxed_cut_copper_slab_from_honeycomb": Recipes {
            type: "minecraft:crafting_shapeless",
            category: "building",
            group: "waxed_cut_copper_slab",
            ingredients: [
                Result {
                    item: "minecraft:cut_copper_slab",
                },
                Result {
                    item: "minecraft:honeycomb",
                },
            ],
            result: Result {
                item: "minecraft:waxed_cut_copper_slab",
            },
        },
        "deepslate_bricks_from_cobbled_deepslate_stonecutting": Recipes {
            type: "minecraft:stonecutting",
            result: minecraft:deepslate_bricks,
        },
        "black_stained_glass": Recipes {
            type: "minecraft:crafting_shaped",
            category: "building",
            group: "stained_glass",
            key: {
                "#": Result {
                    item: "minecraft:glass",
                },
                "X": Result {
                    item: "minecraft:black_dye",
                },
            },
            pattern: [
                "###",
                "#X#",
                "###",
            ],
            result: Result {
                count: 8,
                item: "minecraft:black_stained_glass",
            },
            show_notification: true,
        },
        "mossy_stone_brick_stairs": Recipes {
            type: "minecraft:crafting_shaped",
            category: "building",
            key: {
                "#": Result {
                    item: "minecraft:mossy_stone_bricks",
                },
            },
            pattern: [
                "#  ",
                "## ",
                "###",
            ],
            result: Result {
                count: 4,
                item: "minecraft:mossy_stone_brick_stairs",
            },
            show_notification: true,
        },
        "sandstone_wall_from_sandstone_stonecutting": Recipes {
            type: "minecraft:stonecutting",
            result: minecraft:sandstone_wall,
        },
        "magenta_stained_glass_pane_from_glass_pane": Recipes {
            type: "minecraft:crafting_shaped",
            category: "misc",
            group: "stained_glass_pane",
            key: {
                "#": Result {
                    item: "minecraft:glass_pane",
                },
                "$": Result {
                    item: "minecraft:magenta_dye",
                },
            },
            pattern: [
                "###",
                "#$#",
                "###",
            ],
            result: Result {
                count: 8,
                item: "minecraft:magenta_stained_glass_pane",
            },
            show_notification: true,
        },
        "red_sandstone_stairs_from_red_sandstone_stonecutting": Recipes {
            type: "minecraft:stonecutting",
            result: minecraft:red_sandstone_stairs,
        },
        "lime_bed": Recipes {
            type: "minecraft:crafting_shaped",
            category: "misc",
            group: "bed",
            key: {
                "#": Result {
                    item: "minecraft:lime_wool",
                },
                "X": Result {
                    item: "minecraft:planks",
                },
            },
            pattern: [
                "###",
                "XXX",
            ],
            result: Result {
                item: "minecraft:lime_bed",
            },
            show_notification: true,
        },
        "white_banner": Recipes {
            type: "minecraft:crafting_shaped",
            category: "misc",
            group: "banner",
            key: {
                "|": Result {
                    item: "minecraft:stick",
                },
                "#": Result {
                    item: "minecraft:white_wool",
                },
            },
            pattern: [
                "###",
                "###",
                " | ",
            ],
            result: Result {
                item: "minecraft:white_banner",
            },
            show_notification: true,
        },
        "diamond_shovel": Recipes {
            type: "minecraft:crafting_shaped",
            category: "equipment",
            key: {
                "X": Result {
                    item: "minecraft:diamond",
                },
                "#": Result {
                    item: "minecraft:stick",
                },
            },
            pattern: [
                "X",
                "#",
                "#",
            ],
            result: Result {
                item: "minecraft:diamond_shovel",
            },
            show_notification: true,
        },
        "bucket": Recipes {
            type: "minecraft:crafting_shaped",
            category: "misc",
            key: {
                "#": Result {
                    item: "minecraft:iron_ingot",
                },
            },
            pattern: [
                "# #",
                " # ",
            ],
            result: Result {
                item: "minecraft:bucket",
            },
            show_notification: true,
        },
        "oak_boat": Recipes {
            type: "minecraft:crafting_shaped",
            category: "misc",
            group: "boat",
            key: {
                "#": Result {
                    item: "minecraft:oak_planks",
                },
            },
            pattern: [
                "# #",
                "###",
            ],
            result: Result {
                item: "minecraft:oak_boat",
            },
            show_notification: true,
        },
        "cobbled_deepslate_wall_from_cobbled_deepslate_stonecutting": Recipes {
            type: "minecraft:stonecutting",
            result: minecraft:cobbled_deepslate_wall,
        },
        "polished_deepslate": Recipes {
            type: "minecraft:crafting_shaped",
            category: "building",
            key: {
                "S": Result {
                    item: "minecraft:cobbled_deepslate",
                },
            },
            pattern: [
                "SS",
                "SS",
            ],
            result: Result {
                count: 4,
                item: "minecraft:polished_deepslate",
            },
            show_notification: true,
        },
        "green_carpet": Recipes {
            type: "minecraft:crafting_shaped",
            category: "misc",
            group: "carpet",
            key: {
                "#": Result {
                    item: "minecraft:green_wool",
                },
            },
            pattern: [
                "##",
            ],
            result: Result {
                count: 3,
                item: "minecraft:green_carpet",
            },
            show_notification: true,
        },
        "stone_bricks": Recipes {
            type: "minecraft:crafting_shaped",
            category: "building",
            key: {
                "#": Result {
                    item: "minecraft:stone",
                },
            },
            pattern: [
                "##",
                "##",
            ],
            result: Result {
                count: 4,
                item: "minecraft:stone_bricks",
            },
            show_notification: true,
        },
        "weathered_cut_copper_stairs_from_weathered_copper_stonecutting": Recipes {
            type: "minecraft:stonecutting",
            result: minecraft:weathered_cut_copper_stairs,
        },
        "blackstone_slab": Recipes {
            type: "minecraft:crafting_shaped",
            category: "building",
            key: {
                "#": Result {
                    item: "minecraft:blackstone",
                },
            },
            pattern: [
                "###",
            ],
            result: Result {
                count: 6,
                item: "minecraft:blackstone_slab",
            },
            show_notification: true,
        },
        "diamond_chestplate": Recipes {
            type: "minecraft:crafting_shaped",
            category: "equipment",
            key: {
                "X": Result {
                    item: "minecraft:diamond",
                },
            },
            pattern: [
                "X X",
                "XXX",
                "XXX",
            ],
            result: Result {
                item: "minecraft:diamond_chestplate",
            },
            show_notification: true,
        },
        "coal_from_blasting_coal_ore": Recipes {
            type: "minecraft:blasting",
            category: "misc",
            group: "coal",
            result: minecraft:coal,
            experience: 0.1,
            cookingtime: 100,
        },
        "lime_terracotta": Recipes {
            type: "minecraft:crafting_shaped",
            category: "building",
            group: "stained_terracotta",
            key: {
                "#": Result {
                    item: "minecraft:terracotta",
                },
                "X": Result {
                    item: "minecraft:lime_dye",
                },
            },
            pattern: [
                "###",
                "#X#",
                "###",
            ],
            result: Result {
                count: 8,
                item: "minecraft:lime_terracotta",
            },
            show_notification: true,
        },
        "cut_red_sandstone_slab_from_cut_red_sandstone_stonecutting": Recipes {
            type: "minecraft:stonecutting",
            result: minecraft:cut_red_sandstone_slab,
        },
        "glistering_melon_slice": Recipes {
            type: "minecraft:crafting_shaped",
            category: "misc",
            key: {
                "#": Result {
                    item: "minecraft:gold_nugget",
                },
                "X": Result {
                    item: "minecraft:melon_slice",
                },
            },
            pattern: [
                "###",
                "#X#",
                "###",
            ],
            result: Result {
                item: "minecraft:glistering_melon_slice",
            },
            show_notification: true,
        },
        "emerald_from_blasting_deepslate_emerald_ore": Recipes {
            type: "minecraft:blasting",
            category: "misc",
            group: "emerald",
            result: minecraft:emerald,
            experience: 1.0,
            cookingtime: 100,
        },
        "light_gray_concrete_powder": Recipes {
            type: "minecraft:crafting_shapeless",
            category: "building",
            group: "concrete_powder",
            ingredients: [
                Result {
                    item: "minecraft:light_gray_dye",
                },
                Result {
                    item: "minecraft:sand",
                },
                Result {
                    item: "minecraft:sand",
                },
                Result {
                    item: "minecraft:sand",
                },
                Result {
                    item: "minecraft:sand",
                },
                Result {
                    item: "minecraft:gravel",
                },
                Result {
                    item: "minecraft:gravel",
                },
                Result {
                    item: "minecraft:gravel",
                },
                Result {
                    item: "minecraft:gravel",
                },
            ],
            result: Result {
                count: 8,
                item: "minecraft:light_gray_concrete_powder",
            },
        },
        "orange_stained_glass_pane": Recipes {
            type: "minecraft:crafting_shaped",
            category: "misc",
            group: "stained_glass_pane",
            key: {
                "#": Result {
                    item: "minecraft:orange_stained_glass",
                },
            },
            pattern: [
                "###",
                "###",
            ],
            result: Result {
                count: 16,
                item: "minecraft:orange_stained_glass_pane",
            },
            show_notification: true,
        },
        "smoker": Recipes {
            type: "minecraft:crafting_shaped",
            category: "misc",
            key: {
                "X": Result {
                    item: "minecraft:furnace",
                },
                "#": Result {
                    item: "minecraft:logs",
                },
            },
            pattern: [
                " # ",
                "#X#",
                " # ",
            ],
            result: Result {
                item: "minecraft:smoker",
            },
            show_notification: true,
        },
        "carrot_on_a_stick": Recipes {
            type: "minecraft:crafting_shaped",
            category: "misc",
            key: {
                "#": Result {
                    item: "minecraft:fishing_rod",
                },
                "X": Result {
                    item: "minecraft:carrot",
                },
            },
            pattern: [
                "# ",
                " X",
            ],
            result: Result {
                item: "minecraft:carrot_on_a_stick",
            },
            show_notification: true,
        },
        "dark_oak_sign": Recipes {
            type: "minecraft:crafting_shaped",
            category: "misc",
            group: "wooden_sign",
            key: {
                "X": Result {
                    item: "minecraft:stick",
                },
                "#": Result {
                    item: "minecraft:dark_oak_planks",
                },
            },
            pattern: [
                "###",
                "###",
                " X ",
            ],
            result: Result {
                count: 3,
                item: "minecraft:dark_oak_sign",
            },
            show_notification: true,
        },
        "light_gray_stained_glass_pane_from_glass_pane": Recipes {
            type: "minecraft:crafting_shaped",
            category: "misc",
            group: "stained_glass_pane",
            key: {
                "#": Result {
                    item: "minecraft:glass_pane",
                },
                "$": Result {
                    item: "minecraft:light_gray_dye",
                },
            },
            pattern: [
                "###",
                "#$#",
                "###",
            ],
            result: Result {
                count: 8,
                item: "minecraft:light_gray_stained_glass_pane",
            },
            show_notification: true,
        },
        "spruce_sign": Recipes {
            type: "minecraft:crafting_shaped",
            category: "misc",
            group: "wooden_sign",
            key: {
                "#": Result {
                    item: "minecraft:spruce_planks",
                },
                "X": Result {
                    item: "minecraft:stick",
                },
            },
            pattern: [
                "###",
                "###",
                " X ",
            ],
            result: Result {
                count: 3,
                item: "minecraft:spruce_sign",
            },
            show_notification: true,
        },
        "polished_diorite_stairs": Recipes {
            type: "minecraft:crafting_shaped",
            category: "building",
            key: {
                "#": Result {
                    item: "minecraft:polished_diorite",
                },
            },
            pattern: [
                "#  ",
                "## ",
                "###",
            ],
            result: Result {
                count: 4,
                item: "minecraft:polished_diorite_stairs",
            },
            show_notification: true,
        },
        "golden_chestplate": Recipes {
            type: "minecraft:crafting_shaped",
            category: "equipment",
            key: {
                "X": Result {
                    item: "minecraft:gold_ingot",
                },
            },
            pattern: [
                "X X",
                "XXX",
                "XXX",
            ],
            result: Result {
                item: "minecraft:golden_chestplate",
            },
            show_notification: true,
        },
        "oak_planks": Recipes {
            type: "minecraft:crafting_shapeless",
            category: "building",
            group: "planks",
            ingredients: [
                Result {
                    item: "minecraft:oak_logs",
                },
            ],
            result: Result {
                count: 4,
                item: "minecraft:oak_planks",
            },
        },
        "golden_sword": Recipes {
            type: "minecraft:crafting_shaped",
            category: "equipment",
            key: {
                "#": Result {
                    item: "minecraft:stick",
                },
                "X": Result {
                    item: "minecraft:gold_ingot",
                },
            },
            pattern: [
                "X",
                "X",
                "#",
            ],
            result: Result {
                item: "minecraft:golden_sword",
            },
            show_notification: true,
        },
        "iron_helmet": Recipes {
            type: "minecraft:crafting_shaped",
            category: "equipment",
            key: {
                "X": Result {
                    item: "minecraft:iron_ingot",
                },
            },
            pattern: [
                "XXX",
                "X X",
            ],
            result: Result {
                item: "minecraft:iron_helmet",
            },
            show_notification: true,
        },
        "white_stained_glass_pane": Recipes {
            type: "minecraft:crafting_shaped",
            category: "misc",
            group: "stained_glass_pane",
            key: {
                "#": Result {
                    item: "minecraft:white_stained_glass",
                },
            },
            pattern: [
                "###",
                "###",
            ],
            result: Result {
                count: 16,
                item: "minecraft:white_stained_glass_pane",
            },
            show_notification: true,
        },
        "crimson_button": Recipes {
            type: "minecraft:crafting_shapeless",
            category: "redstone",
            group: "wooden_button",
            ingredients: [
                Result {
                    item: "minecraft:crimson_planks",
                },
            ],
            result: Result {
                item: "minecraft:crimson_button",
            },
        },
        "spruce_fence_gate": Recipes {
            type: "minecraft:crafting_shaped",
            category: "redstone",
            group: "wooden_fence_gate",
            key: {
                "W": Result {
                    item: "minecraft:spruce_planks",
                },
                "#": Result {
                    item: "minecraft:stick",
                },
            },
            pattern: [
                "#W#",
                "#W#",
            ],
            result: Result {
                item: "minecraft:spruce_fence_gate",
            },
            show_notification: true,
        },
        "dark_oak_pressure_plate": Recipes {
            type: "minecraft:crafting_shaped",
            category: "redstone",
            group: "wooden_pressure_plate",
            key: {
                "#": Result {
                    item: "minecraft:dark_oak_planks",
                },
            },
            pattern: [
                "##",
            ],
            result: Result {
                item: "minecraft:dark_oak_pressure_plate",
            },
            show_notification: true,
        },
        "andesite_wall": Recipes {
            type: "minecraft:crafting_shaped",
            category: "misc",
            key: {
                "#": Result {
                    item: "minecraft:andesite",
                },
            },
            pattern: [
                "###",
                "###",
            ],
            result: Result {
                count: 6,
                item: "minecraft:andesite_wall",
            },
            show_notification: true,
        },
        "glass": Recipes {
            type: "minecraft:smelting",
            category: "blocks",
            result: minecraft:glass,
            experience: 0.1,
            cookingtime: 200,
        },
        "oak_sign": Recipes {
            type: "minecraft:crafting_shaped",
            category: "misc",
            group: "wooden_sign",
            key: {
                "#": Result {
                    item: "minecraft:oak_planks",
                },
                "X": Result {
                    item: "minecraft:stick",
                },
            },
            pattern: [
                "###",
                "###",
                " X ",
            ],
            result: Result {
                count: 3,
                item: "minecraft:oak_sign",
            },
            show_notification: true,
        },
        "stone_brick_slab": Recipes {
            type: "minecraft:crafting_shaped",
            category: "building",
            key: {
                "#": Result {
                    item: "minecraft:stone_bricks",
                },
            },
            pattern: [
                "###",
            ],
            result: Result {
                count: 6,
                item: "minecraft:stone_brick_slab",
            },
            show_notification: true,
        },
        "chiseled_quartz_block": Recipes {
            type: "minecraft:crafting_shaped",
            category: "building",
            key: {
                "#": Result {
                    item: "minecraft:quartz_slab",
                },
            },
            pattern: [
                "#",
                "#",
            ],
            result: Result {
                item: "minecraft:chiseled_quartz_block",
            },
            show_notification: true,
        },
        "coal_from_smelting_coal_ore": Recipes {
            type: "minecraft:smelting",
            category: "misc",
            group: "coal",
            result: minecraft:coal,
            experience: 0.1,
            cookingtime: 200,
        },
        "map_extending": Recipes {
            type: "minecraft:crafting_special_mapextending",
            category: "misc",
        },
        "dark_prismarine": Recipes {
            type: "minecraft:crafting_shaped",
            category: "building",
            key: {
                "I": Result {
                    item: "minecraft:black_dye",
                },
                "S": Result {
                    item: "minecraft:prismarine_shard",
                },
            },
            pattern: [
                "SSS",
                "SIS",
                "SSS",
            ],
            result: Result {
                item: "minecraft:dark_prismarine",
            },
            show_notification: true,
        },
        "quartz_stairs_from_quartz_block_stonecutting": Recipes {
            type: "minecraft:stonecutting",
            result: minecraft:quartz_stairs,
        },
        "granite_stairs": Recipes {
            type: "minecraft:crafting_shaped",
            category: "building",
            key: {
                "#": Result {
                    item: "minecraft:granite",
                },
            },
            pattern: [
                "#  ",
                "## ",
                "###",
            ],
            result: Result {
                count: 4,
                item: "minecraft:granite_stairs",
            },
            show_notification: true,
        },
        "oak_stairs": Recipes {
            type: "minecraft:crafting_shaped",
            category: "building",
            group: "wooden_stairs",
            key: {
                "#": Result {
                    item: "minecraft:oak_planks",
                },
            },
            pattern: [
                "#  ",
                "## ",
                "###",
            ],
            result: Result {
                count: 4,
                item: "minecraft:oak_stairs",
            },
            show_notification: true,
        },
        "end_stone_brick_stairs_from_end_stone_stonecutting": Recipes {
            type: "minecraft:stonecutting",
            result: minecraft:end_stone_brick_stairs,
        },
        "netherite_block": Recipes {
            type: "minecraft:crafting_shaped",
            category: "building",
            key: {
                "#": Result {
                    item: "minecraft:netherite_ingot",
                },
            },
            pattern: [
                "###",
                "###",
                "###",
            ],
            result: Result {
                item: "minecraft:netherite_block",
            },
            show_notification: true,
        },
        "acacia_fence_gate": Recipes {
            type: "minecraft:crafting_shaped",
            category: "redstone",
            group: "wooden_fence_gate",
            key: {
                "W": Result {
                    item: "minecraft:acacia_planks",
                },
                "#": Result {
                    item: "minecraft:stick",
                },
            },
            pattern: [
                "#W#",
                "#W#",
            ],
            result: Result {
                item: "minecraft:acacia_fence_gate",
            },
            show_notification: true,
        },
        "stripped_warped_hyphae": Recipes {
            type: "minecraft:crafting_shaped",
            category: "building",
            group: "bark",
            key: {
                "#": Result {
                    item: "minecraft:stripped_warped_stem",
                },
            },
            pattern: [
                "##",
                "##",
            ],
            result: Result {
                count: 3,
                item: "minecraft:stripped_warped_hyphae",
            },
            show_notification: true,
        },
        "jungle_fence": Recipes {
            type: "minecraft:crafting_shaped",
            category: "misc",
            group: "wooden_fence",
            key: {
                "W": Result {
                    item: "minecraft:jungle_planks",
                },
                "#": Result {
                    item: "minecraft:stick",
                },
            },
            pattern: [
                "W#W",
                "W#W",
            ],
            result: Result {
                count: 3,
                item: "minecraft:jungle_fence",
            },
            show_notification: true,
        },
        "sandstone_wall": Recipes {
            type: "minecraft:crafting_shaped",
            category: "misc",
            key: {
                "#": Result {
                    item: "minecraft:sandstone",
                },
            },
            pattern: [
                "###",
                "###",
            ],
            result: Result {
                count: 6,
                item: "minecraft:sandstone_wall",
            },
            show_notification: true,
        },
        "cooked_porkchop_from_smoking": Recipes {
            type: "minecraft:smoking",
            category: "food",
            result: minecraft:cooked_porkchop,
            experience: 0.35,
            cookingtime: 100,
        },
        "dark_oak_stairs": Recipes {
            type: "minecraft:crafting_shaped",
            category: "building",
            group: "wooden_stairs",
            key: {
                "#": Result {
                    item: "minecraft:dark_oak_planks",
                },
            },
            pattern: [
                "#  ",
                "## ",
                "###",
            ],
            result: Result {
                count: 4,
                item: "minecraft:dark_oak_stairs",
            },
            show_notification: true,
        },
        "blue_terracotta": Recipes {
            type: "minecraft:crafting_shaped",
            category: "building",
            group: "stained_terracotta",
            key: {
                "X": Result {
                    item: "minecraft:blue_dye",
                },
                "#": Result {
                    item: "minecraft:terracotta",
                },
            },
            pattern: [
                "###",
                "#X#",
                "###",
            ],
            result: Result {
                count: 8,
                item: "minecraft:blue_terracotta",
            },
            show_notification: true,
        },
        "dark_prismarine_stairs": Recipes {
            type: "minecraft:crafting_shaped",
            category: "building",
            key: {
                "#": Result {
                    item: "minecraft:dark_prismarine",
                },
            },
            pattern: [
                "#  ",
                "## ",
                "###",
            ],
            result: Result {
                count: 4,
                item: "minecraft:dark_prismarine_stairs",
            },
            show_notification: true,
        },
        "redstone_from_smelting_redstone_ore": Recipes {
            type: "minecraft:smelting",
            category: "blocks",
            group: "redstone",
            result: minecraft:redstone,
            experience: 0.7,
            cookingtime: 200,
        },
        "lime_stained_glass_pane_from_glass_pane": Recipes {
            type: "minecraft:crafting_shaped",
            category: "misc",
            group: "stained_glass_pane",
            key: {
                "$": Result {
                    item: "minecraft:lime_dye",
                },
                "#": Result {
                    item: "minecraft:glass_pane",
                },
            },
            pattern: [
                "###",
                "#$#",
                "###",
            ],
            result: Result {
                count: 8,
                item: "minecraft:lime_stained_glass_pane",
            },
            show_notification: true,
        },
        "purple_carpet": Recipes {
            type: "minecraft:crafting_shaped",
            category: "misc",
            group: "carpet",
            key: {
                "#": Result {
                    item: "minecraft:purple_wool",
                },
            },
            pattern: [
                "##",
            ],
            result: Result {
                count: 3,
                item: "minecraft:purple_carpet",
            },
            show_notification: true,
        },
        "diamond_axe": Recipes {
            type: "minecraft:crafting_shaped",
            category: "equipment",
            key: {
                "#": Result {
                    item: "minecraft:stick",
                },
                "X": Result {
                    item: "minecraft:diamond",
                },
            },
            pattern: [
                "XX",
                "X#",
                " #",
            ],
            result: Result {
                item: "minecraft:diamond_axe",
            },
            show_notification: true,
        },
        "bread": Recipes {
            type: "minecraft:crafting_shaped",
            category: "misc",
            key: {
                "#": Result {
                    item: "minecraft:wheat",
                },
            },
            pattern: [
                "###",
            ],
            result: Result {
                item: "minecraft:bread",
            },
            show_notification: true,
        },
        "copper_ingot_from_waxed_copper_block": Recipes {
            type: "minecraft:crafting_shapeless",
            category: "misc",
            group: "copper_ingot",
            ingredients: [
                Result {
                    item: "minecraft:waxed_copper_block",
                },
            ],
            result: Result {
                count: 9,
                item: "minecraft:copper_ingot",
            },
        },
        "light_gray_banner": Recipes {
            type: "minecraft:crafting_shaped",
            category: "misc",
            group: "banner",
            key: {
                "|": Result {
                    item: "minecraft:stick",
                },
                "#": Result {
                    item: "minecraft:light_gray_wool",
                },
            },
            pattern: [
                "###",
                "###",
                " | ",
            ],
            result: Result {
                item: "minecraft:light_gray_banner",
            },
            show_notification: true,
        },
        "coal": Recipes {
            type: "minecraft:crafting_shapeless",
            category: "misc",
            ingredients: [
                Result {
                    item: "minecraft:coal_block",
                },
            ],
            result: Result {
                count: 9,
                item: "minecraft:coal",
            },
        },
        "ender_chest": Recipes {
            type: "minecraft:crafting_shaped",
            category: "misc",
            key: {
                "#": Result {
                    item: "minecraft:obsidian",
                },
                "E": Result {
                    item: "minecraft:ender_eye",
                },
            },
            pattern: [
                "###",
                "#E#",
                "###",
            ],
            result: Result {
                item: "minecraft:ender_chest",
            },
            show_notification: true,
        },
        "waxed_oxidized_cut_copper": Recipes {
            type: "minecraft:crafting_shaped",
            category: "building",
            group: "waxed_oxidized_cut_copper",
            key: {
                "#": Result {
                    item: "minecraft:waxed_oxidized_copper",
                },
            },
            pattern: [
                "##",
                "##",
            ],
            result: Result {
                count: 4,
                item: "minecraft:waxed_oxidized_cut_copper",
            },
            show_notification: true,
        },
        "waxed_exposed_cut_copper_slab_from_waxed_exposed_cut_copper_stonecutting": Recipes {
            type: "minecraft:stonecutting",
            result: minecraft:waxed_exposed_cut_copper_slab,
        },
        "iron_nugget": Recipes {
            type: "minecraft:crafting_shapeless",
            category: "misc",
            ingredients: [
                Result {
                    item: "minecraft:iron_ingot",
                },
            ],
            result: Result {
                count: 9,
                item: "minecraft:iron_nugget",
            },
        },
        "cobbled_deepslate_slab_from_cobbled_deepslate_stonecutting": Recipes {
            type: "minecraft:stonecutting",
            result: minecraft:cobbled_deepslate_slab,
        },
        "nether_wart_block": Recipes {
            type: "minecraft:crafting_shapeless",
            category: "building",
            ingredients: [
                Result {
                    item: "minecraft:nether_wart",
                },
                Result {
                    item: "minecraft:nether_wart",
                },
                Result {
                    item: "minecraft:nether_wart",
                },
                Result {
                    item: "minecraft:nether_wart",
                },
                Result {
                    item: "minecraft:nether_wart",
                },
                Result {
                    item: "minecraft:nether_wart",
                },
                Result {
                    item: "minecraft:nether_wart",
                },
                Result {
                    item: "minecraft:nether_wart",
                },
                Result {
                    item: "minecraft:nether_wart",
                },
            ],
            result: Result {
                item: "minecraft:nether_wart_block",
            },
        },
        "nether_brick_slab": Recipes {
            type: "minecraft:crafting_shaped",
            category: "building",
            key: {
                "#": Result {
                    item: "minecraft:nether_bricks",
                },
            },
            pattern: [
                "###",
            ],
            result: Result {
                count: 6,
                item: "minecraft:nether_brick_slab",
            },
            show_notification: true,
        },
        "deepslate_tile_wall": Recipes {
            type: "minecraft:crafting_shaped",
            category: "misc",
            key: {
                "#": Result {
                    item: "minecraft:deepslate_tiles",
                },
            },
            pattern: [
                "###",
                "###",
            ],
            result: Result {
                count: 6,
                item: "minecraft:deepslate_tile_wall",
            },
            show_notification: true,
        },
        "oxidized_cut_copper": Recipes {
            type: "minecraft:crafting_shaped",
            category: "building",
            key: {
                "#": Result {
                    item: "minecraft:oxidized_copper",
                },
            },
            pattern: [
                "##",
                "##",
            ],
            result: Result {
                count: 4,
                item: "minecraft:oxidized_cut_copper",
            },
            show_notification: true,
        },
        "deepslate_tile_wall_from_deepslate_bricks_stonecutting": Recipes {
            type: "minecraft:stonecutting",
            result: minecraft:deepslate_tile_wall,
        },
        "jungle_door": Recipes {
            type: "minecraft:crafting_shaped",
            category: "redstone",
            group: "wooden_door",
            key: {
                "#": Result {
                    item: "minecraft:jungle_planks",
                },
            },
            pattern: [
                "##",
                "##",
                "##",
            ],
            result: Result {
                count: 3,
                item: "minecraft:jungle_door",
            },
            show_notification: true,
        },
        "dried_kelp": Recipes {
            type: "minecraft:crafting_shapeless",
            category: "misc",
            ingredients: [
                Result {
                    item: "minecraft:dried_kelp_block",
                },
            ],
            result: Result {
                count: 9,
                item: "minecraft:dried_kelp",
            },
        },
        "polished_blackstone_button": Recipes {
            type: "minecraft:crafting_shapeless",
            category: "redstone",
            ingredients: [
                Result {
                    item: "minecraft:polished_blackstone",
                },
            ],
            result: Result {
                item: "minecraft:polished_blackstone_button",
            },
        },
        "red_carpet_from_white_carpet": Recipes {
            type: "minecraft:crafting_shaped",
            category: "misc",
            group: "carpet",
            key: {
                "#": Result {
                    item: "minecraft:white_carpet",
                },
                "$": Result {
                    item: "minecraft:red_dye",
                },
            },
            pattern: [
                "###",
                "#$#",
                "###",
            ],
            result: Result {
                count: 8,
                item: "minecraft:red_carpet",
            },
            show_notification: true,
        },
        "deepslate_brick_wall_from_deepslate_bricks_stonecutting": Recipes {
            type: "minecraft:stonecutting",
            result: minecraft:deepslate_brick_wall,
        },
        "weathered_cut_copper_slab_from_weathered_copper_stonecutting": Recipes {
            type: "minecraft:stonecutting",
            result: minecraft:weathered_cut_copper_slab,
        },
        "light_gray_bed_from_white_bed": Recipes {
            type: "minecraft:crafting_shapeless",
            category: "misc",
            group: "dyed_bed",
            ingredients: [
                Result {
                    item: "minecraft:white_bed",
                },
                Result {
                    item: "minecraft:light_gray_dye",
                },
            ],
            result: Result {
                item: "minecraft:light_gray_bed",
            },
        },
        "exposed_cut_copper": Recipes {
            type: "minecraft:crafting_shaped",
            category: "building",
            key: {
                "#": Result {
                    item: "minecraft:exposed_copper",
                },
            },
            pattern: [
                "##",
                "##",
            ],
            result: Result {
                count: 4,
                item: "minecraft:exposed_cut_copper",
            },
            show_notification: true,
        },
        "cobblestone_wall": Recipes {
            type: "minecraft:crafting_shaped",
            category: "misc",
            key: {
                "#": Result {
                    item: "minecraft:cobblestone",
                },
            },
            pattern: [
                "###",
                "###",
            ],
            result: Result {
                count: 6,
                item: "minecraft:cobblestone_wall",
            },
            show_notification: true,
        },
        "black_bed_from_white_bed": Recipes {
            type: "minecraft:crafting_shapeless",
            category: "misc",
            group: "dyed_bed",
            ingredients: [
                Result {
                    item: "minecraft:white_bed",
                },
                Result {
                    item: "minecraft:black_dye",
                },
            ],
            result: Result {
                item: "minecraft:black_bed",
            },
        },
        "magenta_glazed_terracotta": Recipes {
            type: "minecraft:smelting",
            category: "blocks",
            result: minecraft:magenta_glazed_terracotta,
            experience: 0.1,
            cookingtime: 200,
        },
        "exposed_cut_copper_stairs_from_exposed_copper_stonecutting": Recipes {
            type: "minecraft:stonecutting",
            result: minecraft:exposed_cut_copper_stairs,
        },
        "cut_copper_slab": Recipes {
            type: "minecraft:crafting_shaped",
            category: "building",
            key: {
                "#": Result {
                    item: "minecraft:cut_copper",
                },
            },
            pattern: [
                "###",
            ],
            result: Result {
                count: 6,
                item: "minecraft:cut_copper_slab",
            },
            show_notification: true,
        },
        "green_concrete_powder": Recipes {
            type: "minecraft:crafting_shapeless",
            category: "building",
            group: "concrete_powder",
            ingredients: [
                Result {
                    item: "minecraft:green_dye",
                },
                Result {
                    item: "minecraft:sand",
                },
                Result {
                    item: "minecraft:sand",
                },
                Result {
                    item: "minecraft:sand",
                },
                Result {
                    item: "minecraft:sand",
                },
                Result {
                    item: "minecraft:gravel",
                },
                Result {
                    item: "minecraft:gravel",
                },
                Result {
                    item: "minecraft:gravel",
                },
                Result {
                    item: "minecraft:gravel",
                },
            ],
            result: Result {
                count: 8,
                item: "minecraft:green_concrete_powder",
            },
        },
        "turtle_helmet": Recipes {
            type: "minecraft:crafting_shaped",
            category: "equipment",
            key: {
                "X": Result {
                    item: "minecraft:scute",
                },
            },
            pattern: [
                "XXX",
                "X X",
            ],
            result: Result {
                item: "minecraft:turtle_helmet",
            },
            show_notification: true,
        },
        "moss_carpet": Recipes {
            type: "minecraft:crafting_shaped",
            category: "misc",
            group: "carpet",
            key: {
                "#": Result {
                    item: "minecraft:moss_block",
                },
            },
            pattern: [
                "##",
            ],
            result: Result {
                count: 3,
                item: "minecraft:moss_carpet",
            },
            show_notification: true,
        },
        "stone_brick_stairs": Recipes {
            type: "minecraft:crafting_shaped",
            category: "building",
            key: {
                "#": Result {
                    item: "minecraft:stone_bricks",
                },
            },
            pattern: [
                "#  ",
                "## ",
                "###",
            ],
            result: Result {
                count: 4,
                item: "minecraft:stone_brick_stairs",
            },
            show_notification: true,
        },
        "lapis_lazuli": Recipes {
            type: "minecraft:crafting_shapeless",
            category: "misc",
            ingredients: [
                Result {
                    item: "minecraft:lapis_block",
                },
            ],
            result: Result {
                count: 9,
                item: "minecraft:lapis_lazuli",
            },
        },
        "crimson_planks": Recipes {
            type: "minecraft:crafting_shapeless",
            category: "building",
            group: "planks",
            ingredients: [
                Result {
                    item: "minecraft:crimson_stems",
                },
            ],
            result: Result {
                count: 4,
                item: "minecraft:crimson_planks",
            },
        },
        "lime_carpet": Recipes {
            type: "minecraft:crafting_shaped",
            category: "misc",
            group: "carpet",
            key: {
                "#": Result {
                    item: "minecraft:lime_wool",
                },
            },
            pattern: [
                "##",
            ],
            result: Result {
                count: 3,
                item: "minecraft:lime_carpet",
            },
            show_notification: true,
        },
        "fletching_table": Recipes {
            type: "minecraft:crafting_shaped",
            category: "misc",
            key: {
                "#": Result {
                    item: "minecraft:planks",
                },
                "@": Result {
                    item: "minecraft:flint",
                },
            },
            pattern: [
                "@@",
                "##",
                "##",
            ],
            result: Result {
                item: "minecraft:fletching_table",
            },
            show_notification: true,
        },
        "pink_banner": Recipes {
            type: "minecraft:crafting_shaped",
            category: "misc",
            group: "banner",
            key: {
                "#": Result {
                    item: "minecraft:pink_wool",
                },
                "|": Result {
                    item: "minecraft:stick",
                },
            },
            pattern: [
                "###",
                "###",
                " | ",
            ],
            result: Result {
                item: "minecraft:pink_banner",
            },
            show_notification: true,
        },
        "iron_leggings": Recipes {
            type: "minecraft:crafting_shaped",
            category: "equipment",
            key: {
                "X": Result {
                    item: "minecraft:iron_ingot",
                },
            },
            pattern: [
                "XXX",
                "X X",
                "X X",
            ],
            result: Result {
                item: "minecraft:iron_leggings",
            },
            show_notification: true,
        },
        "sugar_from_sugar_cane": Recipes {
            type: "minecraft:crafting_shapeless",
            category: "misc",
            group: "sugar",
            ingredients: [
                Result {
                    item: "minecraft:sugar_cane",
                },
            ],
            result: Result {
                item: "minecraft:sugar",
            },
        },
        "respawn_anchor": Recipes {
            type: "minecraft:crafting_shaped",
            category: "misc",
            key: {
                "O": Result {
                    item: "minecraft:crying_obsidian",
                },
                "G": Result {
                    item: "minecraft:glowstone",
                },
            },
            pattern: [
                "OOO",
                "GGG",
                "OOO",
            ],
            result: Result {
                item: "minecraft:respawn_anchor",
            },
            show_notification: true,
        },
        "blue_bed_from_white_bed": Recipes {
            type: "minecraft:crafting_shapeless",
            category: "misc",
            group: "dyed_bed",
            ingredients: [
                Result {
                    item: "minecraft:white_bed",
                },
                Result {
                    item: "minecraft:blue_dye",
                },
            ],
            result: Result {
                item: "minecraft:blue_bed",
            },
        },
        "green_bed": Recipes {
            type: "minecraft:crafting_shaped",
            category: "misc",
            group: "bed",
            key: {
                "X": Result {
                    item: "minecraft:planks",
                },
                "#": Result {
                    item: "minecraft:green_wool",
                },
            },
            pattern: [
                "###",
                "XXX",
            ],
            result: Result {
                item: "minecraft:green_bed",
            },
            show_notification: true,
        },
    },
}
test datapack::tests::new ... ok

test result: ok. 1 passed; 0 failed; 0 ignored; 0 measured; 20 filtered out; finished in 0.10s

